------------------------------------------------------------
Timing Analyzer Summary
------------------------------------------------------------

Type  : Slow 1100mV 85C Model Setup 'sopc_clk'
Slack : 7.863
TNS   : 0.000

Type  : Slow 1100mV 85C Model Setup 'altera_reserved_tck'
Slack : 23.300
TNS   : 0.000

Type  : Slow 1100mV 85C Model Hold 'sopc_clk'
Slack : 0.284
TNS   : 0.000

Type  : Slow 1100mV 85C Model Hold 'altera_reserved_tck'
Slack : 0.432
TNS   : 0.000

Type  : Slow 1100mV 85C Model Recovery 'sopc_clk'
Slack : 15.237
TNS   : 0.000

Type  : Slow 1100mV 85C Model Recovery 'altera_reserved_tck'
Slack : 48.310
TNS   : 0.000

Type  : Slow 1100mV 85C Model Removal 'altera_reserved_tck'
Slack : 0.704
TNS   : 0.000

Type  : Slow 1100mV 85C Model Removal 'sopc_clk'
Slack : 0.795
TNS   : 0.000

Type  : Slow 1100mV 85C Model Minimum Pulse Width 'sopc_clk'
Slack : 8.867
TNS   : 0.000

Type  : Slow 1100mV 85C Model Minimum Pulse Width 'altera_reserved_tck'
Slack : 48.857
TNS   : 0.000

Type  : Slow 1100mV 0C Model Setup 'sopc_clk'
Slack : 8.362
TNS   : 0.000

Type  : Slow 1100mV 0C Model Setup 'altera_reserved_tck'
Slack : 23.440
TNS   : 0.000

Type  : Slow 1100mV 0C Model Hold 'sopc_clk'
Slack : 0.271
TNS   : 0.000

Type  : Slow 1100mV 0C Model Hold 'altera_reserved_tck'
Slack : 0.447
TNS   : 0.000

Type  : Slow 1100mV 0C Model Recovery 'sopc_clk'
Slack : 15.456
TNS   : 0.000

Type  : Slow 1100mV 0C Model Recovery 'altera_reserved_tck'
Slack : 48.413
TNS   : 0.000

Type  : Slow 1100mV 0C Model Removal 'altera_reserved_tck'
Slack : 0.661
TNS   : 0.000

Type  : Slow 1100mV 0C Model Removal 'sopc_clk'
Slack : 0.762
TNS   : 0.000

Type  : Slow 1100mV 0C Model Minimum Pulse Width 'sopc_clk'
Slack : 8.906
TNS   : 0.000

Type  : Slow 1100mV 0C Model Minimum Pulse Width 'altera_reserved_tck'
Slack : 48.850
TNS   : 0.000

Type  : Fast 1100mV 85C Model Setup 'sopc_clk'
Slack : 11.430
TNS   : 0.000

Type  : Fast 1100mV 85C Model Setup 'altera_reserved_tck'
Slack : 25.357
TNS   : 0.000

Type  : Fast 1100mV 85C Model Hold 'altera_reserved_tck'
Slack : 0.159
TNS   : 0.000

Type  : Fast 1100mV 85C Model Hold 'sopc_clk'
Slack : 0.164
TNS   : 0.000

Type  : Fast 1100mV 85C Model Recovery 'sopc_clk'
Slack : 16.794
TNS   : 0.000

Type  : Fast 1100mV 85C Model Recovery 'altera_reserved_tck'
Slack : 49.340
TNS   : 0.000

Type  : Fast 1100mV 85C Model Removal 'altera_reserved_tck'
Slack : 0.311
TNS   : 0.000

Type  : Fast 1100mV 85C Model Removal 'sopc_clk'
Slack : 0.431
TNS   : 0.000

Type  : Fast 1100mV 85C Model Minimum Pulse Width 'sopc_clk'
Slack : 8.478
TNS   : 0.000

Type  : Fast 1100mV 85C Model Minimum Pulse Width 'altera_reserved_tck'
Slack : 48.762
TNS   : 0.000

Type  : Fast 1100mV 0C Model Setup 'sopc_clk'
Slack : 12.509
TNS   : 0.000

Type  : Fast 1100mV 0C Model Setup 'altera_reserved_tck'
Slack : 25.535
TNS   : 0.000

Type  : Fast 1100mV 0C Model Hold 'sopc_clk'
Slack : 0.138
TNS   : 0.000

Type  : Fast 1100mV 0C Model Hold 'altera_reserved_tck'
Slack : 0.145
TNS   : 0.000

Type  : Fast 1100mV 0C Model Recovery 'sopc_clk'
Slack : 17.179
TNS   : 0.000

Type  : Fast 1100mV 0C Model Recovery 'altera_reserved_tck'
Slack : 49.513
TNS   : 0.000

Type  : Fast 1100mV 0C Model Removal 'altera_reserved_tck'
Slack : 0.268
TNS   : 0.000

Type  : Fast 1100mV 0C Model Removal 'sopc_clk'
Slack : 0.387
TNS   : 0.000

Type  : Fast 1100mV 0C Model Minimum Pulse Width 'sopc_clk'
Slack : 8.431
TNS   : 0.000

Type  : Fast 1100mV 0C Model Minimum Pulse Width 'altera_reserved_tck'
Slack : 48.753
TNS   : 0.000

------------------------------------------------------------
