------------------------------------------------------------
Timing Analyzer Summary
------------------------------------------------------------

Type  : Slow 1100mV 85C Model Setup 'sopc_clk'
Slack : 0.936
TNS   : 0.000

Type  : Slow 1100mV 85C Model Setup 'altera_reserved_tck'
Slack : 23.300
TNS   : 0.000

Type  : Slow 1100mV 85C Model Hold 'sopc_clk'
Slack : 0.276
TNS   : 0.000

Type  : Slow 1100mV 85C Model Hold 'altera_reserved_tck'
Slack : 0.309
TNS   : 0.000

Type  : Slow 1100mV 85C Model Recovery 'sopc_clk'
Slack : 13.762
TNS   : 0.000

Type  : Slow 1100mV 85C Model Recovery 'altera_reserved_tck'
Slack : 47.983
TNS   : 0.000

Type  : Slow 1100mV 85C Model Removal 'sopc_clk'
Slack : 0.598
TNS   : 0.000

Type  : Slow 1100mV 85C Model Removal 'altera_reserved_tck'
Slack : 0.914
TNS   : 0.000

Type  : Slow 1100mV 85C Model Minimum Pulse Width 'sopc_clk'
Slack : 8.876
TNS   : 0.000

Type  : Slow 1100mV 85C Model Minimum Pulse Width 'altera_reserved_tck'
Slack : 48.858
TNS   : 0.000

Type  : Slow 1100mV 0C Model Setup 'sopc_clk'
Slack : 0.572
TNS   : 0.000

Type  : Slow 1100mV 0C Model Setup 'altera_reserved_tck'
Slack : 23.440
TNS   : 0.000

Type  : Slow 1100mV 0C Model Hold 'sopc_clk'
Slack : 0.165
TNS   : 0.000

Type  : Slow 1100mV 0C Model Hold 'altera_reserved_tck'
Slack : 0.304
TNS   : 0.000

Type  : Slow 1100mV 0C Model Recovery 'sopc_clk'
Slack : 14.006
TNS   : 0.000

Type  : Slow 1100mV 0C Model Recovery 'altera_reserved_tck'
Slack : 48.093
TNS   : 0.000

Type  : Slow 1100mV 0C Model Removal 'sopc_clk'
Slack : 0.531
TNS   : 0.000

Type  : Slow 1100mV 0C Model Removal 'altera_reserved_tck'
Slack : 0.857
TNS   : 0.000

Type  : Slow 1100mV 0C Model Minimum Pulse Width 'sopc_clk'
Slack : 8.907
TNS   : 0.000

Type  : Slow 1100mV 0C Model Minimum Pulse Width 'altera_reserved_tck'
Slack : 48.847
TNS   : 0.000

Type  : Fast 1100mV 85C Model Setup 'sopc_clk'
Slack : 9.143
TNS   : 0.000

Type  : Fast 1100mV 85C Model Setup 'altera_reserved_tck'
Slack : 25.357
TNS   : 0.000

Type  : Fast 1100mV 85C Model Hold 'altera_reserved_tck'
Slack : 0.111
TNS   : 0.000

Type  : Fast 1100mV 85C Model Hold 'sopc_clk'
Slack : 0.165
TNS   : 0.000

Type  : Fast 1100mV 85C Model Recovery 'sopc_clk'
Slack : 15.622
TNS   : 0.000

Type  : Fast 1100mV 85C Model Recovery 'altera_reserved_tck'
Slack : 49.029
TNS   : 0.000

Type  : Fast 1100mV 85C Model Removal 'sopc_clk'
Slack : 0.321
TNS   : 0.000

Type  : Fast 1100mV 85C Model Removal 'altera_reserved_tck'
Slack : 0.502
TNS   : 0.000

Type  : Fast 1100mV 85C Model Minimum Pulse Width 'sopc_clk'
Slack : 8.479
TNS   : 0.000

Type  : Fast 1100mV 85C Model Minimum Pulse Width 'altera_reserved_tck'
Slack : 48.769
TNS   : 0.000

Type  : Fast 1100mV 0C Model Setup 'sopc_clk'
Slack : 9.979
TNS   : 0.000

Type  : Fast 1100mV 0C Model Setup 'altera_reserved_tck'
Slack : 25.535
TNS   : 0.000

Type  : Fast 1100mV 0C Model Hold 'altera_reserved_tck'
Slack : 0.092
TNS   : 0.000

Type  : Fast 1100mV 0C Model Hold 'sopc_clk'
Slack : 0.119
TNS   : 0.000

Type  : Fast 1100mV 0C Model Recovery 'sopc_clk'
Slack : 16.146
TNS   : 0.000

Type  : Fast 1100mV 0C Model Recovery 'altera_reserved_tck'
Slack : 49.254
TNS   : 0.000

Type  : Fast 1100mV 0C Model Removal 'sopc_clk'
Slack : 0.261
TNS   : 0.000

Type  : Fast 1100mV 0C Model Removal 'altera_reserved_tck'
Slack : 0.439
TNS   : 0.000

Type  : Fast 1100mV 0C Model Minimum Pulse Width 'sopc_clk'
Slack : 8.432
TNS   : 0.000

Type  : Fast 1100mV 0C Model Minimum Pulse Width 'altera_reserved_tck'
Slack : 48.755
TNS   : 0.000

------------------------------------------------------------
