Flow report for hello_world
Sun Mar  8 16:56:55 2026
Quartus Prime Version 23.1std.0 Build 991 11/28/2023 SC Lite Edition


---------------------
; Table of Contents ;
---------------------
  1. Legal Notice
  2. Flow Summary
  3. Flow Settings
  4. Flow Non-Default Global Settings
  5. Flow Elapsed Time
  6. Flow OS Summary
  7. Flow Log
  8. Flow Messages
  9. Flow Suppressed Messages



----------------
; Legal Notice ;
----------------
Copyright (C) 2023  Intel Corporation. All rights reserved.
Your use of Intel Corporation's design tools, logic functions 
and other software and tools, and any partner logic 
functions, and any output files from any of the foregoing 
(including device programming or simulation files), and any 
associated documentation or information are expressly subject 
to the terms and conditions of the Intel Program License 
Subscription Agreement, the Intel Quartus Prime License Agreement,
the Intel FPGA IP License Agreement, or other applicable license
agreement, including, without limitation, that your use is for
the sole purpose of programming logic devices manufactured by
Intel and sold by Intel or its authorized distributors.  Please
refer to the applicable agreement for further details, at
https://fpgasoftware.intel.com/eula.



+----------------------------------------------------------------------------------+
; Flow Summary                                                                     ;
+---------------------------------+------------------------------------------------+
; Flow Status                     ; Successful - Sun Mar  8 16:56:55 2026          ;
; Quartus Prime Version           ; 23.1std.0 Build 991 11/28/2023 SC Lite Edition ;
; Revision Name                   ; hello_world                                    ;
; Top-level Entity Name           ; hello_world                                    ;
; Family                          ; Cyclone V                                      ;
; Device                          ; 5CSEMA5F31C6                                   ;
; Timing Models                   ; Final                                          ;
; Logic utilization (in ALMs)     ; 6,949 / 32,070 ( 22 % )                        ;
; Total registers                 ; 6952                                           ;
; Total pins                      ; 47 / 457 ( 10 % )                              ;
; Total virtual pins              ; 0                                              ;
; Total block memory bits         ; 3,159,680 / 4,065,280 ( 78 % )                 ;
; Total DSP Blocks                ; 9 / 87 ( 10 % )                                ;
; Total HSSI RX PCSs              ; 0                                              ;
; Total HSSI PMA RX Deserializers ; 0                                              ;
; Total HSSI TX PCSs              ; 0                                              ;
; Total HSSI PMA TX Serializers   ; 0                                              ;
; Total PLLs                      ; 0 / 6 ( 0 % )                                  ;
; Total DLLs                      ; 0 / 4 ( 0 % )                                  ;
+---------------------------------+------------------------------------------------+


+-----------------------------------------+
; Flow Settings                           ;
+-------------------+---------------------+
; Option            ; Setting             ;
+-------------------+---------------------+
; Start date & time ; 03/08/2026 16:49:12 ;
; Main task         ; Compilation         ;
; Revision Name     ; hello_world         ;
+-------------------+---------------------+


+-------------------------------------------------------------------------------------------------------------------------------------------------+
; Flow Non-Default Global Settings                                                                                                                ;
+--------------------------------------+----------------------------------------+---------------+-------------+-----------------------------------+
; Assignment Name                      ; Value                                  ; Default Value ; Entity Name ; Section Id                        ;
+--------------------------------------+----------------------------------------+---------------+-------------+-----------------------------------+
; COMPILER_SIGNATURE_ID                ; 273771395523107.177298855259984        ; --            ; --          ; --                                ;
; EDA_DESIGN_INSTANCE_NAME             ; NA                                     ; --            ; --          ; fun_fsm                           ;
; EDA_DESIGN_INSTANCE_NAME             ; NA                                     ; --            ; --          ; tb_cordic                         ;
; EDA_DESIGN_INSTANCE_NAME             ; NA                                     ; --            ; --          ; tb_cordic_top                     ;
; EDA_GENERATE_FUNCTIONAL_NETLIST      ; Off                                    ; --            ; --          ; eda_board_design_timing           ;
; EDA_GENERATE_FUNCTIONAL_NETLIST      ; Off                                    ; --            ; --          ; eda_board_design_boundary_scan    ;
; EDA_GENERATE_FUNCTIONAL_NETLIST      ; Off                                    ; --            ; --          ; eda_board_design_signal_integrity ;
; EDA_GENERATE_FUNCTIONAL_NETLIST      ; Off                                    ; --            ; --          ; eda_board_design_symbol           ;
; EDA_NATIVELINK_SIMULATION_TEST_BENCH ; fun_fsm                                ; --            ; --          ; eda_simulation                    ;
; EDA_OUTPUT_DATA_FORMAT               ; Systemverilog Hdl                      ; --            ; --          ; eda_simulation                    ;
; EDA_SIMULATION_TOOL                  ; Questa Intel FPGA (SystemVerilog)      ; <None>        ; --          ; --                                ;
; EDA_TEST_BENCH_ENABLE_STATUS         ; TEST_BENCH_MODE                        ; --            ; --          ; eda_simulation                    ;
; EDA_TEST_BENCH_FILE                  ; func_fsm_tb.sv                         ; --            ; --          ; fun_fsm                           ;
; EDA_TEST_BENCH_FILE                  ; ../tb_cordic.sv                        ; --            ; --          ; tb_cordic                         ;
; EDA_TEST_BENCH_FILE                  ; tb_cordic_top.sv                       ; --            ; --          ; tb_cordic_top                     ;
; EDA_TEST_BENCH_MODULE_NAME           ; fun_fsm                                ; --            ; --          ; fun_fsm                           ;
; EDA_TEST_BENCH_MODULE_NAME           ; tb_cordic                              ; --            ; --          ; tb_cordic                         ;
; EDA_TEST_BENCH_MODULE_NAME           ; tb_cordic_top                          ; --            ; --          ; tb_cordic_top                     ;
; EDA_TEST_BENCH_NAME                  ; tb_cordic                              ; --            ; --          ; eda_simulation                    ;
; EDA_TEST_BENCH_NAME                  ; tb_cordic_top                          ; --            ; --          ; eda_simulation                    ;
; EDA_TEST_BENCH_NAME                  ; fun_fsm                                ; --            ; --          ; eda_simulation                    ;
; EDA_TIME_SCALE                       ; 1 ps                                   ; --            ; --          ; eda_simulation                    ;
; FITTER_EFFORT                        ; Standard Fit                           ; Auto Fit      ; --          ; --                                ;
; MAX_CORE_JUNCTION_TEMP               ; 85                                     ; --            ; --          ; --                                ;
; MIN_CORE_JUNCTION_TEMP               ; 0                                      ; --            ; --          ; --                                ;
; MISC_FILE                            ; fp_addsub_final.cmp                    ; --            ; --          ; --                                ;
; MISC_FILE                            ; fp_mul_final.cmp                       ; --            ; --          ; --                                ;
; MISC_FILE                            ; ../../DSD_Task_6/mul.cmp               ; --            ; --          ; --                                ;
; MISC_FILE                            ; ../../DSD_Task_6/work.cmp              ; --            ; --          ; --                                ;
; MISC_FILE                            ; fp_add_final.cmp                       ; --            ; --          ; --                                ;
; MISC_FILE                            ; fp_add_final_sim/fp_add_final.vo       ; --            ; --          ; --                                ;
; MISC_FILE                            ; fp_mul_actual.cmp                      ; --            ; --          ; --                                ;
; MISC_FILE                            ; fp_mul_actual_sim/fp_mul_actual.vo     ; --            ; --          ; --                                ;
; MUX_RESTRUCTURE                      ; Off                                    ; Auto          ; --          ; --                                ;
; OPTIMIZATION_MODE                    ; Aggressive Performance                 ; Balanced      ; --          ; --                                ;
; OPTIMIZATION_TECHNIQUE               ; Speed                                  ; Balanced      ; --          ; --                                ;
; PARTITION_COLOR                      ; -- (Not supported for targeted family) ; --            ; --          ; Top                               ;
; PARTITION_FITTER_PRESERVATION_LEVEL  ; -- (Not supported for targeted family) ; --            ; --          ; Top                               ;
; PARTITION_NETLIST_TYPE               ; -- (Not supported for targeted family) ; --            ; --          ; Top                               ;
; PHYSICAL_SYNTHESIS_COMBO_LOGIC       ; On                                     ; Off           ; --          ; --                                ;
; PHYSICAL_SYNTHESIS_REGISTER_RETIMING ; On                                     ; Off           ; --          ; --                                ;
; PLACEMENT_EFFORT_MULTIPLIER          ; 4.0                                    ; 1.0           ; --          ; --                                ;
; POWER_BOARD_THERMAL_MODEL            ; None (CONSERVATIVE)                    ; --            ; --          ; --                                ;
; POWER_PRESET_COOLING_SOLUTION        ; 23 MM HEAT SINK WITH 200 LFPM AIRFLOW  ; --            ; --          ; --                                ;
; ROUTER_TIMING_OPTIMIZATION_LEVEL     ; MAXIMUM                                ; Normal        ; --          ; --                                ;
; SEARCH_PATH                          ; c:/dsd/dsd_git/dsd_task_6/mul          ; --            ; --          ; --                                ;
; SEARCH_PATH                          ; c:/dsd/dsd_git/dsd_task_6/work         ; --            ; --          ; --                                ;
; SEARCH_PATH                          ; c:/dsd/dsd_git/dsd_task_6              ; --            ; --          ; --                                ;
; SEARCH_PATH                          ; c:/dsd/dsd_git/dsd/dsd_leo/dsd/de1_soc ; --            ; --          ; --                                ;
; SEARCH_PATH                          ; c:/dsd/dsd_git/dsd                     ; --            ; --          ; --                                ;
; SPD_FILE                             ; fp_add_final.spd                       ; --            ; --          ; --                                ;
; SPD_FILE                             ; fp_mul_actual.spd                      ; --            ; --          ; --                                ;
; SYNTHESIS_ONLY_QIP                   ; On                                     ; --            ; --          ; --                                ;
; SYNTHESIS_ONLY_QIP                   ; On                                     ; --            ; --          ; --                                ;
; SYNTHESIS_ONLY_QIP                   ; On                                     ; --            ; --          ; --                                ;
; SYNTHESIS_ONLY_QIP                   ; On                                     ; --            ; --          ; --                                ;
; SYNTHESIS_ONLY_QIP                   ; On                                     ; --            ; --          ; --                                ;
; SYNTHESIS_ONLY_QIP                   ; On                                     ; --            ; --          ; --                                ;
; TIMING_ANALYZER_DO_REPORT_TIMING     ; On                                     ; Off           ; --          ; --                                ;
+--------------------------------------+----------------------------------------+---------------+-------------+-----------------------------------+


+--------------------------------------------------------------------------------------------------------------------------+
; Flow Elapsed Time                                                                                                        ;
+----------------------+--------------+-------------------------+---------------------+------------------------------------+
; Module Name          ; Elapsed Time ; Average Processors Used ; Peak Virtual Memory ; Total CPU Time (on all processors) ;
+----------------------+--------------+-------------------------+---------------------+------------------------------------+
; Analysis & Synthesis ; 00:01:14     ; 1.6                     ; 5401 MB             ; 00:01:58                           ;
; Fitter               ; 00:05:54     ; 1.2                     ; 8205 MB             ; 00:28:18                           ;
; Assembler            ; 00:00:09     ; 1.0                     ; 5377 MB             ; 00:00:08                           ;
; Timing Analyzer      ; 00:00:13     ; 3.6                     ; 5820 MB             ; 00:00:44                           ;
; EDA Netlist Writer   ; 00:00:03     ; 1.0                     ; 4952 MB             ; 00:00:03                           ;
; Total                ; 00:07:33     ; --                      ; --                  ; 00:31:11                           ;
+----------------------+--------------+-------------------------+---------------------+------------------------------------+


+------------------------------------------------------------------------------------+
; Flow OS Summary                                                                    ;
+----------------------+------------------+------------+------------+----------------+
; Module Name          ; Machine Hostname ; OS Name    ; OS Version ; Processor type ;
+----------------------+------------------+------------+------------+----------------+
; Analysis & Synthesis ; Laptop           ; Windows 10 ; 10.0       ; x86_64         ;
; Fitter               ; Laptop           ; Windows 10 ; 10.0       ; x86_64         ;
; Assembler            ; Laptop           ; Windows 10 ; 10.0       ; x86_64         ;
; Timing Analyzer      ; Laptop           ; Windows 10 ; 10.0       ; x86_64         ;
; EDA Netlist Writer   ; Laptop           ; Windows 10 ; 10.0       ; x86_64         ;
+----------------------+------------------+------------+------------+----------------+


------------
; Flow Log ;
------------
quartus_map --read_settings_files=on --write_settings_files=off hello_world -c hello_world
quartus_fit --read_settings_files=off --write_settings_files=off hello_world -c hello_world
quartus_asm --read_settings_files=off --write_settings_files=off hello_world -c hello_world
quartus_sta hello_world -c hello_world
quartus_eda --read_settings_files=off --write_settings_files=off hello_world -c hello_world



