Archive member included to satisfy reference by file (symbol)

c:/intelfpga_lite/23.1std/nios2eds/bin/gnu/h-x86_64-mingw32/bin/../lib/gcc/nios2-elf/12.3.1/mno-hw-mul\libgcc.a(lib2-mul.o)
                              obj/default/hello_world.o (__mulsi3)
c:/intelfpga_lite/23.1std/nios2eds/bin/gnu/h-x86_64-mingw32/bin/../lib/gcc/nios2-elf/12.3.1/../../../../../H-x86_64-mingw32/nios2-elf/lib/mno-hw-mul\libsmallc.a(libc_a-printf.o)
                              obj/default/hello_world.o (printf)
c:/intelfpga_lite/23.1std/nios2eds/bin/gnu/h-x86_64-mingw32/bin/../lib/gcc/nios2-elf/12.3.1/../../../../../H-x86_64-mingw32/nios2-elf/lib/mno-hw-mul\libsmallc.a(libc_a-puts.o)
                              obj/default/hello_world.o (puts)
c:/intelfpga_lite/23.1std/nios2eds/bin/gnu/h-x86_64-mingw32/bin/../lib/gcc/nios2-elf/12.3.1/../../../../../H-x86_64-mingw32/nios2-elf/lib/mno-hw-mul\libsmallc.a(libc_a-strlen.o)
                              c:/intelfpga_lite/23.1std/nios2eds/bin/gnu/h-x86_64-mingw32/bin/../lib/gcc/nios2-elf/12.3.1/../../../../../H-x86_64-mingw32/nios2-elf/lib/mno-hw-mul\libsmallc.a(libc_a-puts.o) (strlen)
c:/intelfpga_lite/23.1std/nios2eds/bin/gnu/h-x86_64-mingw32/bin/../lib/gcc/nios2-elf/12.3.1/../../../../../H-x86_64-mingw32/nios2-elf/lib/mno-hw-mul\libsmallc.a(libc_a-impure.o)
                              c:/intelfpga_lite/23.1std/nios2eds/bin/gnu/h-x86_64-mingw32/bin/../lib/gcc/nios2-elf/12.3.1/../../../../../H-x86_64-mingw32/nios2-elf/lib/mno-hw-mul\libsmallc.a(libc_a-printf.o) (_impure_ptr)
c:/intelfpga_lite/23.1std/nios2eds/bin/gnu/h-x86_64-mingw32/bin/../lib/gcc/nios2-elf/12.3.1/../../../../../H-x86_64-mingw32/nios2-elf/lib/mno-hw-mul\libsmallc.a(libc_a-vfprintf.o)
                              c:/intelfpga_lite/23.1std/nios2eds/bin/gnu/h-x86_64-mingw32/bin/../lib/gcc/nios2-elf/12.3.1/../../../../../H-x86_64-mingw32/nios2-elf/lib/mno-hw-mul\libsmallc.a(libc_a-printf.o) (___vfprintf_internal_r)
c:/intelfpga_lite/23.1std/nios2eds/bin/gnu/h-x86_64-mingw32/bin/../lib/gcc/nios2-elf/12.3.1/../../../../../H-x86_64-mingw32/nios2-elf/lib/mno-hw-mul\libsmallc.a(libc_a-fvwrite_small_dev.o)
                              c:/intelfpga_lite/23.1std/nios2eds/bin/gnu/h-x86_64-mingw32/bin/../lib/gcc/nios2-elf/12.3.1/../../../../../H-x86_64-mingw32/nios2-elf/lib/mno-hw-mul\libsmallc.a(libc_a-printf.o) (__sfvwrite_small_dev)
c:/intelfpga_lite/23.1std/nios2eds/bin/gnu/h-x86_64-mingw32/bin/../lib/gcc/nios2-elf/12.3.1/../../../../../H-x86_64-mingw32/nios2-elf/lib/mno-hw-mul\libsmallc.a(libc_a-writer.o)
                              c:/intelfpga_lite/23.1std/nios2eds/bin/gnu/h-x86_64-mingw32/bin/../lib/gcc/nios2-elf/12.3.1/../../../../../H-x86_64-mingw32/nios2-elf/lib/mno-hw-mul\libsmallc.a(libc_a-fvwrite_small_dev.o) (_write_r)
c:/intelfpga_lite/23.1std/nios2eds/bin/gnu/h-x86_64-mingw32/bin/../lib/gcc/nios2-elf/12.3.1/../../../../../H-x86_64-mingw32/nios2-elf/lib/mno-hw-mul\libsmallc.a(libc_a-int_errno.o)
                              c:/intelfpga_lite/23.1std/nios2eds/bin/gnu/h-x86_64-mingw32/bin/../lib/gcc/nios2-elf/12.3.1/../../../../../H-x86_64-mingw32/nios2-elf/lib/mno-hw-mul\libsmallc.a(libc_a-writer.o) (errno)
c:/intelfpga_lite/23.1std/nios2eds/bin/gnu/h-x86_64-mingw32/bin/../lib/gcc/nios2-elf/12.3.1/mno-hw-mul\libgcc.a(lib2-divmod.o)
                              c:/intelfpga_lite/23.1std/nios2eds/bin/gnu/h-x86_64-mingw32/bin/../lib/gcc/nios2-elf/12.3.1/../../../../../H-x86_64-mingw32/nios2-elf/lib/mno-hw-mul\libsmallc.a(libc_a-vfprintf.o) (__udivsi3)
c:/DSD/DSD_git/DSD/software/hello_world_bsp/\libhal_bsp.a(alt_load.o)
                              c:/DSD/DSD_git/DSD/software/hello_world_bsp//obj/HAL/src/crt0.o (alt_load)
c:/DSD/DSD_git/DSD/software/hello_world_bsp/\libhal_bsp.a(alt_main.o)
                              c:/DSD/DSD_git/DSD/software/hello_world_bsp//obj/HAL/src/crt0.o (alt_main)
c:/DSD/DSD_git/DSD/software/hello_world_bsp/\libhal_bsp.a(alt_write.o)
                              c:/intelfpga_lite/23.1std/nios2eds/bin/gnu/h-x86_64-mingw32/bin/../lib/gcc/nios2-elf/12.3.1/../../../../../H-x86_64-mingw32/nios2-elf/lib/mno-hw-mul\libsmallc.a(libc_a-writer.o) (write)
c:/DSD/DSD_git/DSD/software/hello_world_bsp/\libhal_bsp.a(alt_sys_init.o)
                              c:/DSD/DSD_git/DSD/software/hello_world_bsp/\libhal_bsp.a(alt_main.o) (alt_irq_init)
c:/DSD/DSD_git/DSD/software/hello_world_bsp/\libhal_bsp.a(altera_avalon_jtag_uart_fd.o)
                              c:/DSD/DSD_git/DSD/software/hello_world_bsp/\libhal_bsp.a(alt_sys_init.o) (altera_avalon_jtag_uart_read_fd)
c:/DSD/DSD_git/DSD/software/hello_world_bsp/\libhal_bsp.a(altera_avalon_jtag_uart_read.o)
                              c:/DSD/DSD_git/DSD/software/hello_world_bsp/\libhal_bsp.a(altera_avalon_jtag_uart_fd.o) (altera_avalon_jtag_uart_read)
c:/DSD/DSD_git/DSD/software/hello_world_bsp/\libhal_bsp.a(altera_avalon_jtag_uart_write.o)
[...]
Memory Configuration

Name             Origin             Length             Attributes
reset            0x00080000         0x00000020
onchip_mem       0x00080020         0x000493c0
*default*        0x00000000         0xffffffff

Linker script and memory map

LOAD c:/DSD/DSD_git/DSD/software/hello_world_bsp//obj/HAL/src/crt0.o
LOAD obj/default/hello_world.o
LOAD c:/intelfpga_lite/23.1std/nios2eds/bin/gnu/h-x86_64-mingw32/bin/../lib/gcc/nios2-elf/12.3.1/../../../../../H-x86_64-mingw32/nios2-elf/lib/mno-hw-mul\libstdc++.a
LOAD c:/intelfpga_lite/23.1std/nios2eds/bin/gnu/h-x86_64-mingw32/bin/../lib/gcc/nios2-elf/12.3.1/../../../../../H-x86_64-mingw32/nios2-elf/lib/mno-hw-mul\libm.a
LOAD c:/intelfpga_lite/23.1std/nios2eds/bin/gnu/h-x86_64-mingw32/bin/../lib/gcc/nios2-elf/12.3.1/mno-hw-mul\libgcc.a
START GROUP
LOAD c:/intelfpga_lite/23.1std/nios2eds/bin/gnu/h-x86_64-mingw32/bin/../lib/gcc/nios2-elf/12.3.1/../../../../../H-x86_64-mingw32/nios2-elf/lib/mno-hw-mul\libsmallc.a
LOAD c:/intelfpga_lite/23.1std/nios2eds/bin/gnu/h-x86_64-mingw32/bin/../lib/gcc/nios2-elf/12.3.1/mno-hw-mul\libgcc.a
LOAD c:/DSD/DSD_git/DSD/software/hello_world_bsp/\libhal_bsp.a
LOAD c:/intelfpga_lite/23.1std/nios2eds/bin/gnu/h-x86_64-mingw32/bin/../lib/gcc/nios2-elf/12.3.1/../../../../../H-x86_64-mingw32/nios2-elf/lib/mno-hw-mul\libm.a
END GROUP
LOAD c:/intelfpga_lite/23.1std/nios2eds/bin/gnu/h-x86_64-mingw32/bin/../lib/gcc/nios2-elf/12.3.1/mno-hw-mul\libgcc.a
                0x00080000                        __alt_mem_onchip_mem = 0x80000

.entry          0x00080000       0x20
 *(.entry)
 .entry         0x00080000       0x20 c:/DSD/DSD_git/DSD/software/hello_world_bsp//obj/HAL/src/crt0.o
                0x00080000                __reset

.exceptions     0x00080020      0x218
                0x00080020                        PROVIDE (__ram_exceptions_start = ABSOLUTE (.))
                0x00080020                        . = ALIGN (0x20)
 *(.irq)
 *(.exceptions.entry.label)
 .exceptions.entry.label
                0x00080020        0x0 c:/DSD/DSD_git/DSD/software/hello_world_bsp/\libhal_bsp.a(alt_irq_entry.o)
                0x00080020                alt_irq_entry
 .exceptions.entry.label
                0x00080020        0x0 c:/DSD/DSD_git/DSD/software/hello_world_bsp/\libhal_bsp.a(alt_exception_entry.o)
                0x00080020                alt_exception
 *(.exceptions.entry.user)
 *(.exceptions.entry.ecc_fatal)
 *(.exceptions.entry)
 .exceptions.entry
                0x00080020       0x54 c:/DSD/DSD_git/DSD/software/hello_world_bsp/\libhal_bsp.a(alt_exception_entry.o)
 *(.exceptions.irqtest.user)
 *(.exceptions.irqtest)
 .exceptions.irqtest
                0x00080074       0x10 c:/DSD/DSD_git/DSD/software/hello_world_bsp/\libhal_bsp.a(alt_irq_entry.o)
 *(.exceptions.irqhandler.user)
 *(.exceptions.irqhandler)
 .exceptions.irqhandler
                0x00080084        0x4 c:/DSD/DSD_git/DSD/software/hello_world_bsp/\libhal_bsp.a(alt_irq_entry.o)
 *(.exceptions.irqreturn.user)
 *(.exceptions.irqreturn)
 .exceptions.irqreturn
                0x00080088        0x4 c:/DSD/DSD_git/DSD/software/hello_world_bsp/\libhal_bsp.a(alt_irq_entry.o)
 *(.exceptions.notirq.label)
 .exceptions.notirq.label
                0x0008008c        0x0 c:/DSD/DSD_git/DSD/software/hello_world_bsp/\libhal_bsp.a(alt_irq_entry.o)
 *(.exceptions.notirq.user)
 *(.exceptions.notirq)
 .exceptions.notirq
                0x0008008c        0x8 c:/DSD/DSD_git/DSD/software/hello_world_bsp/\libhal_bsp.a(alt_exception_entry.o)
 *(.exceptions.soft.user)
 *(.exceptions.soft)
 *(.exceptions.unknown.user)
 *(.exceptions.unknown)
 .exceptions.unknown
                0x00080094       0x14 c:/DSD/DSD_git/DSD/software/hello_world_bsp/\libhal_bsp.a(alt_exception_entry.o)
 *(.exceptions.exit.label)
 .exceptions.exit.label
                0x000800a8        0x0 c:/DSD/DSD_git/DSD/software/hello_world_bsp/\libhal_bsp.a(alt_irq_entry.o)
 .exceptions.exit.label
                0x000800a8        0x0 c:/DSD/DSD_git/DSD/software/hello_world_bsp/\libhal_bsp.a(alt_exception_entry.o)
 *(.exceptions.exit.user)
 *(.exceptions.exit)
 .exceptions.exit
                0x000800a8       0x54 c:/DSD/DSD_git/DSD/software/hello_world_bsp/\libhal_bsp.a(alt_exception_entry.o)
 *(.exceptions)
 .exceptions    0x000800fc       0xc8 c:/DSD/DSD_git/DSD/software/hello_world_bsp/\libhal_bsp.a(alt_irq_handler.o)
                0x000800fc                alt_irq_handler
 .exceptions    0x000801c4       0x74 c:/DSD/DSD_git/DSD/software/hello_world_bsp/\libhal_bsp.a(alt_instruction_exception_entry.o)
                0x000801c4                alt_instruction_exception_entry
                0x00080238                        PROVIDE (__ram_exceptions_end = ABSOLUTE (.))
                0x00080020                        PROVIDE (__flash_exceptions_start = LOADADDR (.exceptions))

.text           0x00080238     0x2188
                [!provide]                        PROVIDE (stext = ABSOLUTE (.))
 *(.interp)
 *(.hash)
 *(.dynsym)
 *(.dynstr)
 *(.gnu.version)
 *(.gnu.version_d)
 *(.gnu.version_r)
 *(.rel.init)
 *(.rela.init)
 *(.rel.text .rel.text.* .rel.gnu.linkonce.t.*)
 *(.rela.text .rela.text.* .rela.gnu.linkonce.t.*)
 *(.rel.fini)
 *(.rela.fini)
 *(.rel.rodata .rel.rodata.* .rel.gnu.linkonce.r.*)
 *(.rela.rodata .rela.rodata.* .rela.gnu.linkonce.r.*)
 *(.rel.data .rel.data.* .rel.gnu.linkonce.d.*)
 *(.rela.data .rela.data.* .rela.gnu.linkonce.d.*)
 *(.rel.tdata .rel.tdata.* .rel.gnu.linkonce.td.*)
 *(.rela.tdata .rela.tdata.* .rela.gnu.linkonce.td.*)
 *(.rel.tbss .rel.tbss.* .rel.gnu.linkonce.tb.*)
 *(.rela.tbss .rela.tbss.* .rela.gnu.linkonce.tb.*)
 *(.rel.ctors)
 *(.rela.ctors)
 *(.rel.dtors)
 *(.rela.dtors)
 *(.rel.got)
 *(.rela.got)
 *(.rel.sdata .rel.sdata.* .rel.gnu.linkonce.s.*)
 *(.rela.sdata .rela.sdata.* .rela.gnu.linkonce.s.*)
 *(.rel.sbss .rel.sbss.* .rel.gnu.linkonce.sb.*)
 *(.rela.sbss .rela.sbss.* .rela.gnu.linkonce.sb.*)
 *(.rel.sdata2 .rel.sdata2.* .rel.gnu.linkonce.s2.*)
 *(.rela.sdata2 .rela.sdata2.* .rela.gnu.linkonce.s2.*)
 *(.rel.sbss2 .rel.sbss2.* .rel.gnu.linkonce.sb2.*)
 *(.rela.sbss2 .rela.sbss2.* .rela.gnu.linkonce.sb2.*)
 *(.rel.bss .rel.bss.* .rel.gnu.linkonce.b.*)
 *(.rela.bss .rela.bss.* .rela.gnu.linkonce.b.*)
 *(.rel.plt)
 *(.rela.plt)
 *(.rel.dyn)
 *(.init)
 *(.plt)
 *(.text .stub .text.* .gnu.linkonce.t.*)
 .text          0x00080238       0x4c c:/DSD/DSD_git/DSD/software/hello_world_bsp//obj/HAL/src/crt0.o
                0x00080238                _start
 .text          0x00080284       0x84 obj/default/hello_world.o
                0x00080284                main
 .text          0x00080308       0x28 c:/intelfpga_lite/23.1std/nios2eds/bin/gnu/h-x86_64-mingw32/bin/../lib/gcc/nios2-elf/12.3.1/mno-hw-mul\libgcc.a(lib2-mul.o)
                0x00080308                __mulsi3
 .text          0x00080330        0x0 c:/intelfpga_lite/23.1std/nios2eds/bin/gnu/h-x86_64-mingw32/bin/../lib/gcc/nios2-elf/12.3.1/../../../../../H-x86_64-mingw32/nios2-elf/lib/mno-hw-mul\libsmallc.a(libc_a-printf.o)
 .text._printf_r
                0x00080330       0x3c c:/intelfpga_lite/23.1std/nios2eds/bin/gnu/h-x86_64-mingw32/bin/../lib/gcc/nios2-elf/12.3.1/../../../../../H-x86_64-mingw32/nios2-elf/lib/mno-hw-mul\libsmallc.a(libc_a-printf.o)
                0x00080330                _printf_r
 .text.printf   0x0008036c       0x48 c:/intelfpga_lite/23.1std/nios2eds/bin/gnu/h-x86_64-mingw32/bin/../lib/gcc/nios2-elf/12.3.1/../../../../../H-x86_64-mingw32/nios2-elf/lib/mno-hw-mul\libsmallc.a(libc_a-printf.o)
                0x0008036c                printf
 .text          0x000803b4        0x0 c:/intelfpga_lite/23.1std/nios2eds/bin/gnu/h-x86_64-mingw32/bin/../lib/gcc/nios2-elf/12.3.1/../../../../../H-x86_64-mingw32/nios2-elf/lib/mno-hw-mul\libsmallc.a(libc_a-puts.o)
 .text._puts_r  0x000803b4       0x80 c:/intelfpga_lite/23.1std/nios2eds/bin/gnu/h-x86_64-mingw32/bin/../lib/gcc/nios2-elf/12.3.1/../../../../../H-x86_64-mingw32/nios2-elf/lib/mno-hw-mul\libsmallc.a(libc_a-puts.o)
                0x000803b4                _puts_r
 .text.puts     0x00080434       0x10 c:/intelfpga_lite/23.1std/nios2eds/bin/gnu/h-x86_64-mingw32/bin/../lib/gcc/nios2-elf/12.3.1/../../../../../H-x86_64-mingw32/nios2-elf/lib/mno-hw-mul\libsmallc.a(libc_a-puts.o)
                0x00080434                puts
 .text          0x00080444        0x0 c:/intelfpga_lite/23.1std/nios2eds/bin/gnu/h-x86_64-mingw32/bin/../lib/gcc/nios2-elf/12.3.1/../../../../../H-x86_64-mingw32/nios2-elf/lib/mno-hw-mul\libsmallc.a(libc_a-strlen.o)
 .text.strlen   0x00080444       0x1c c:/intelfpga_lite/23.1std/nios2eds/bin/gnu/h-x86_64-mingw32/bin/../lib/gcc/nios2-elf/12.3.1/../../../../../H-x86_64-mingw32/nios2-elf/lib/mno-hw-mul\libsmallc.a(libc_a-strlen.o)
                0x00080444                strlen
 .text          0x00080460        0x0 c:/intelfpga_lite/23.1std/nios2eds/bin/gnu/h-x86_64-mingw32/bin/../lib/gcc/nios2-elf/12.3.1/../../../../../H-x86_64-mingw32/nios2-elf/lib/mno-hw-mul\libsmallc.a(libc_a-impure.o)
 .text          0x00080460        0x0 c:/intelfpga_lite/23.1std/nios2eds/bin/gnu/h-x86_64-mingw32/bin/../lib/gcc/nios2-elf/12.3.1/../../../../../H-x86_64-mingw32/nios2-elf/lib/mno-hw-mul\libsmallc.a(libc_a-vfprintf.o)
 .text.print_repeat
                0x00080460       0x6c c:/intelfpga_lite/23.1std/nios2eds/bin/gnu/h-x86_64-mingw32/bin/../lib/gcc/nios2-elf/12.3.1/../../../../../H-x86_64-mingw32/nios2-elf/lib/mno-hw-mul\libsmallc.a(libc_a-vfprintf.o)
 .text.___vfprintf_internal_r
                0x000804cc      0x51c c:/intelfpga_lite/23.1std/nios2eds/bin/gnu/h-x86_64-mingw32/bin/../lib/gcc/nios2-elf/12.3.1/../../../../../H-x86_64-mingw32/nios2-elf/lib/mno-hw-mul\libsmallc.a(libc_a-vfprintf.o)
                0x000804cc                ___vfprintf_internal_r
 .text.__vfprintf_internal
                0x000809e8       0x18 c:/intelfpga_lite/23.1std/nios2eds/bin/gnu/h-x86_64-mingw32/bin/../lib/gcc/nios2-elf/12.3.1/../../../../../H-x86_64-mingw32/nios2-elf/lib/mno-hw-mul\libsmallc.a(libc_a-vfprintf.o)
                0x000809e8                __vfprintf_internal
 .text          0x00080a00        0x0 c:/intelfpga_lite/23.1std/nios2eds/bin/gnu/h-x86_64-mingw32/bin/../lib/gcc/nios2-elf/12.3.1/../../../../../H-x86_64-mingw32/nios2-elf/lib/mno-hw-mul\libsmallc.a(libc_a-fvwrite_small_dev.o)
 .text.__sfvwrite_small_dev
                0x00080a00       0xa8 c:/intelfpga_lite/23.1std/nios2eds/bin/gnu/h-x86_64-mingw32/bin/../lib/gcc/nios2-elf/12.3.1/../../../../../H-x86_64-mingw32/nios2-elf/lib/mno-hw-mul\libsmallc.a(libc_a-fvwrite_small_dev.o)
                0x00080a00                __sfvwrite_small_dev
 .text          0x00080aa8        0x0 c:/intelfpga_lite/23.1std/nios2eds/bin/gnu/h-x86_64-mingw32/bin/../lib/gcc/nios2-elf/12.3.1/../../../../../H-x86_64-mingw32/nios2-elf/lib/mno-hw-mul\libsmallc.a(libc_a-writer.o)
 .text._write_r
                0x00080aa8       0x50 c:/intelfpga_lite/23.1std/nios2eds/bin/gnu/h-x86_64-mingw32/bin/../lib/gcc/nios2-elf/12.3.1/../../../../../H-x86_64-mingw32/nios2-elf/lib/mno-hw-mul\libsmallc.a(libc_a-writer.o)
                0x00080aa8                _write_r
 .text          0x00080af8        0x0 c:/intelfpga_lite/23.1std/nios2eds/bin/gnu/h-x86_64-mingw32/bin/../lib/gcc/nios2-elf/12.3.1/../../../../../H-x86_64-mingw32/nios2-elf/lib/mno-hw-mul\libsmallc.a(libc_a-int_errno.o)
 .text          0x00080af8      0x1b4 c:/intelfpga_lite/23.1std/nios2eds/bin/gnu/h-x86_64-mingw32/bin/../lib/gcc/nios2-elf/12.3.1/mno-hw-mul\libgcc.a(lib2-divmod.o)
                0x00080af8                __divsi3
                0x00080b78                __modsi3
                0x00080bec                __udivsi3
                0x00080c50                __umodsi3
 .text          0x00080cac       0xec c:/DSD/DSD_git/DSD/software/hello_world_bsp/\libhal_bsp.a(alt_load.o)
                0x00080d14                alt_load
 .text          0x00080d98       0x6c c:/DSD/DSD_git/DSD/software/hello_world_bsp/\libhal_bsp.a(alt_main.o)
                0x00080d98                alt_main
 .text          0x00080e04      0x140 c:/DSD/DSD_git/DSD/software/hello_world_bsp/\libhal_bsp.a(alt_write.o)
                0x00080e40                write
 .text          0x00080f44       0xc0 c:/DSD/DSD_git/DSD/software/hello_world_bsp/\libhal_bsp.a(alt_sys_init.o)
                0x00080f78                alt_irq_init
                0x00080fb4                alt_sys_init
 .text          0x00081004       0xc0 c:/DSD/DSD_git/DSD/software/hello_world_bsp/\libhal_bsp.a(altera_avalon_jtag_uart_fd.o)
                0x00081004                altera_avalon_jtag_uart_read_fd
                0x00081064                altera_avalon_jtag_uart_write_fd
 .text          0x000810c4       0xec c:/DSD/DSD_git/DSD/software/hello_world_bsp/\libhal_bsp.a(altera_avalon_jtag_uart_read.o)
                0x000810c4                altera_avalon_jtag_uart_read
 .text          0x000811b0       0x98 c:/DSD/DSD_git/DSD/software/hello_world_bsp/\libhal_bsp.a(altera_avalon_jtag_uart_write.o)
                0x000811b0                altera_avalon_jtag_uart_write
 .text          0x00081248      0x100 c:/DSD/DSD_git/DSD/software/hello_world_bsp/\libhal_bsp.a(altera_avalon_timer_sc.o)
                0x000812c4                alt_avalon_timer_sc_init
 .text          0x00081348      0x118 c:/DSD/DSD_git/DSD/software/hello_world_bsp/\libhal_bsp.a(alt_close.o)
                0x00081384                close
 .text          0x00081460       0x4c c:/DSD/DSD_git/DSD/software/hello_world_bsp/\libhal_bsp.a(alt_dcache_flush_all.o)
                0x00081460                alt_dcache_flush_all
 .text          0x000814ac       0x2c c:/DSD/DSD_git/DSD/software/hello_world_bsp/\libhal_bsp.a(alt_dev.o)
 .text          0x000814d8       0xe4 c:/DSD/DSD_git/DSD/software/hello_world_bsp/\libhal_bsp.a(alt_dev_llist_insert.o)
                0x00081514                alt_dev_llist_insert
 .text          0x000815bc        0x0 c:/DSD/DSD_git/DSD/software/hello_world_bsp/\libhal_bsp.a(alt_errno.o)
 .text          0x000815bc       0x34 c:/DSD/DSD_git/DSD/software/hello_world_bsp/\libhal_bsp.a(alt_icache_flush_all.o)
                0x000815bc                alt_icache_flush_all
 .text          0x000815f0      0x1b0 c:/DSD/DSD_git/DSD/software/hello_world_bsp/\libhal_bsp.a(alt_iic.o)
                0x000815f0                alt_ic_isr_register
                0x00081640                alt_ic_irq_enable
                0x000816c8                alt_ic_irq_disable
                0x00081754                alt_ic_irq_enabled
 .text          0x000817a0       0xe8 c:/DSD/DSD_git/DSD/software/hello_world_bsp/\libhal_bsp.a(alt_iic_isr_register.o)
                0x000817a0                alt_iic_isr_register
 .text          0x00081888      0x150 c:/DSD/DSD_git/DSD/software/hello_world_bsp/\libhal_bsp.a(alt_io_redirect.o)
                0x0008195c                alt_io_redirect
 .text          0x000819d8        0x0 c:/DSD/DSD_git/DSD/software/hello_world_bsp/\libhal_bsp.a(alt_irq_entry.o)
 .text          0x000819d8        0x0 c:/DSD/DSD_git/DSD/software/hello_world_bsp/\libhal_bsp.a(alt_irq_handler.o)
 .text          0x000819d8        0x0 c:/DSD/DSD_git/DSD/software/hello_world_bsp/\libhal_bsp.a(alt_irq_vars.o)
 .text          0x000819d8      0x278 c:/DSD/DSD_git/DSD/software/hello_world_bsp/\libhal_bsp.a(alt_open.o)
                0x00081af0                open
 .text          0x00081c50       0x70 c:/DSD/DSD_git/DSD/software/hello_world_bsp/\libhal_bsp.a(alt_release_fd.o)
                0x00081c50                alt_release_fd
 .text          0x00081cc0      0x1d0 c:/DSD/DSD_git/DSD/software/hello_world_bsp/\libhal_bsp.a(alt_tick.o)
                0x00081cc0                alt_alarm_stop
                0x00081d64                alt_tick
 .text          0x00081e90       0x24 c:/DSD/DSD_git/DSD/software/hello_world_bsp/\libhal_bsp.a(altera_nios2_gen2_irq.o)
                0x00081e90                altera_nios2_gen2_irq_init
 .text          0x00081eb4        0x0 c:/DSD/DSD_git/DSD/software/hello_world_bsp/\libhal_bsp.a(alt_exception_entry.o)
 .text          0x00081eb4       0x90 c:/DSD/DSD_git/DSD/software/hello_world_bsp/\libhal_bsp.a(alt_find_dev.o)
                0x00081eb4                alt_find_dev
 .text          0x00081f44      0x108 c:/DSD/DSD_git/DSD/software/hello_world_bsp/\libhal_bsp.a(alt_find_file.o)
                0x00081f44                alt_find_file
 .text          0x0008204c       0xb8 c:/DSD/DSD_git/DSD/software/hello_world_bsp/\libhal_bsp.a(alt_get_fd.o)
                0x0008204c                alt_get_fd
 .text          0x00082104       0x90 c:/DSD/DSD_git/DSD/software/hello_world_bsp/\libhal_bsp.a(alt_icache_flush.o)
                0x00082104                alt_icache_flush
 .text          0x00082194       0x74 c:/DSD/DSD_git/DSD/software/hello_world_bsp/\libhal_bsp.a(alt_instruction_exception_entry.o)
                0x00082194                alt_exception_cause_generated_bad_addr
 .text          0x00082208        0x0 c:/intelfpga_lite/23.1std/nios2eds/bin/gnu/h-x86_64-mingw32/bin/../lib/gcc/nios2-elf/12.3.1/../../../../../H-x86_64-mingw32/nios2-elf/lib/mno-hw-mul\libsmallc.a(libc_a-exit.o)
 .text.exit     0x00082208       0x20 c:/intelfpga_lite/23.1std/nios2eds/bin/gnu/h-x86_64-mingw32/bin/../lib/gcc/nios2-elf/12.3.1/../../../../../H-x86_64-mingw32/nios2-elf/lib/mno-hw-mul\libsmallc.a(libc_a-exit.o)
                0x00082208                exit
 .text          0x00082228        0x0 c:/intelfpga_lite/23.1std/nios2eds/bin/gnu/h-x86_64-mingw32/bin/../lib/gcc/nios2-elf/12.3.1/../../../../../H-x86_64-mingw32/nios2-elf/lib/mno-hw-mul\libsmallc.a(libc_a-memcmp.o)
 .text.memcmp   0x00082228       0x30 c:/intelfpga_lite/23.1std/nios2eds/bin/gnu/h-x86_64-mingw32/bin/../lib/gcc/nios2-elf/12.3.1/../../../../../H-x86_64-mingw32/nios2-elf/lib/mno-hw-mul\libsmallc.a(libc_a-memcmp.o)
                0x00082228                memcmp
 .text          0x00082258        0x0 c:/intelfpga_lite/23.1std/nios2eds/bin/gnu/h-x86_64-mingw32/bin/../lib/gcc/nios2-elf/12.3.1/../../../../../H-x86_64-mingw32/nios2-elf/lib/mno-hw-mul\libsmallc.a(libc_a-__call_atexit.o)
 .text.__call_exitprocs
                0x00082258      0x12c c:/intelfpga_lite/23.1std/nios2eds/bin/gnu/h-x86_64-mingw32/bin/../lib/gcc/nios2-elf/12.3.1/../../../../../H-x86_64-mingw32/nios2-elf/lib/mno-hw-mul\libsmallc.a(libc_a-__call_atexit.o)
                0x00082258                __call_exitprocs
 .text          0x00082384       0x3c c:/DSD/DSD_git/DSD/software/hello_world_bsp/\libhal_bsp.a(alt_exit.o)
                0x00082384                _exit
 *(.gnu.warning.*)
 *(.fini)
                [!provide]                        PROVIDE (__etext = ABSOLUTE (.))
                [!provide]                        PROVIDE (_etext = ABSOLUTE (.))
                [!provide]                        PROVIDE (etext = ABSOLUTE (.))
 *(.eh_frame_hdr)
                0x000823c0                        . = ALIGN (0x4)
                [!provide]                        PROVIDE (__preinit_array_start = ABSOLUTE (.))
 *(.preinit_array)
                [!provide]                        PROVIDE (__preinit_array_end = ABSOLUTE (.))
                [!provide]                        PROVIDE (__init_array_start = ABSOLUTE (.))
 *(SORT_BY_INIT_PRIORITY(.init_array.*))
 *(.init_array)
                [!provide]                        PROVIDE (__init_array_end = ABSOLUTE (.))
                [!provide]                        PROVIDE (__fini_array_start = ABSOLUTE (.))
 *(.fini_array)
                [!provide]                        PROVIDE (__fini_array_end = ABSOLUTE (.))
 *(.eh_frame)
 *(.gcc_except_table .gcc_except_table.*)
 *(.dynamic)
                [!provide]                        PROVIDE (__CTOR_LIST__ = ABSOLUTE (.))
 *(.ctors)
 *(SORT_BY_NAME(.ctors.*))
                [!provide]                        PROVIDE (__CTOR_END__ = ABSOLUTE (.))
                [!provide]                        PROVIDE (__DTOR_LIST__ = ABSOLUTE (.))
 *(.dtors)
 *(SORT_BY_NAME(.dtors.*))
                [!provide]                        PROVIDE (__DTOR_END__ = ABSOLUTE (.))
 *(.jcr)
                0x000823c0                        . = ALIGN (0x4)

.rodata         0x000823c0       0x8c
                0x000823c0                        PROVIDE (__ram_rodata_start = ABSOLUTE (.))
                0x000823c0                        . = ALIGN (0x4)
 *(.rodata .rodata.* .gnu.linkonce.r.*)
 .rodata        0x000823c0       0x5c obj/default/hello_world.o
 .rodata._puts_r.str1.4
                0x0008241c        0x2 c:/intelfpga_lite/23.1std/nios2eds/bin/gnu/h-x86_64-mingw32/bin/../lib/gcc/nios2-elf/12.3.1/../../../../../H-x86_64-mingw32/nios2-elf/lib/mno-hw-mul\libsmallc.a(libc_a-puts.o)
 *fill*         0x0008241e        0x2 
 .rodata        0x00082420        0xf c:/DSD/DSD_git/DSD/software/hello_world_bsp/\libhal_bsp.a(alt_main.o)
 *fill*         0x0008242f        0x1 
 .rodata        0x00082430        0xf c:/DSD/DSD_git/DSD/software/hello_world_bsp/\libhal_bsp.a(alt_sys_init.o)
 *fill*         0x0008243f        0x1 
 .rodata        0x00082440        0xa c:/DSD/DSD_git/DSD/software/hello_world_bsp/\libhal_bsp.a(alt_dev.o)
 *(.rodata1)
                0x0008244c                        . = ALIGN (0x4)
 *fill*         0x0008244a        0x2 
                0x0008244c                        PROVIDE (__ram_rodata_end = ABSOLUTE (.))
                0x000823c0                        PROVIDE (__flash_rodata_start = LOADADDR (.rodata))

.rwdata         0x0008244c      0x250 load address 0x0008269c
                0x0008244c                        PROVIDE (__ram_rwdata_start = ABSOLUTE (.))
                0x0008244c                        . = ALIGN (0x4)
 *(.got.plt)
 *(.got)
 *(.data1)
 *(.data .data.* .gnu.linkonce.d.*)
 .data          0x0008244c        0x0 c:/DSD/DSD_git/DSD/software/hello_world_bsp//obj/HAL/src/crt0.o
 .data          0x0008244c        0x0 obj/default/hello_world.o
 .data          0x0008244c        0x0 c:/intelfpga_lite/23.1std/nios2eds/bin/gnu/h-x86_64-mingw32/bin/../lib/gcc/nios2-elf/12.3.1/mno-hw-mul\libgcc.a(lib2-mul.o)
 .data          0x0008244c        0x0 c:/intelfpga_lite/23.1std/nios2eds/bin/gnu/h-x86_64-mingw32/bin/../lib/gcc/nios2-elf/12.3.1/../../../../../H-x86_64-mingw32/nios2-elf/lib/mno-hw-mul\libsmallc.a(libc_a-printf.o)
 .data          0x0008244c        0x0 c:/intelfpga_lite/23.1std/nios2eds/bin/gnu/h-x86_64-mingw32/bin/../lib/gcc/nios2-elf/12.3.1/../../../../../H-x86_64-mingw32/nios2-elf/lib/mno-hw-mul\libsmallc.a(libc_a-puts.o)
 .data          0x0008244c        0x0 c:/intelfpga_lite/23.1std/nios2eds/bin/gnu/h-x86_64-mingw32/bin/../lib/gcc/nios2-elf/12.3.1/../../../../../H-x86_64-mingw32/nios2-elf/lib/mno-hw-mul\libsmallc.a(libc_a-strlen.o)
 .data          0x0008244c        0x0 c:/intelfpga_lite/23.1std/nios2eds/bin/gnu/h-x86_64-mingw32/bin/../lib/gcc/nios2-elf/12.3.1/../../../../../H-x86_64-mingw32/nios2-elf/lib/mno-hw-mul\libsmallc.a(libc_a-impure.o)
 .data._impure_data
                0x0008244c       0x54 c:/intelfpga_lite/23.1std/nios2eds/bin/gnu/h-x86_64-mingw32/bin/../lib/gcc/nios2-elf/12.3.1/../../../../../H-x86_64-mingw32/nios2-elf/lib/mno-hw-mul\libsmallc.a(libc_a-impure.o)
                0x0008244c                _impure_data
 .data          0x000824a0        0x0 c:/intelfpga_lite/23.1std/nios2eds/bin/gnu/h-x86_64-mingw32/bin/../lib/gcc/nios2-elf/12.3.1/../../../../../H-x86_64-mingw32/nios2-elf/lib/mno-hw-mul\libsmallc.a(libc_a-vfprintf.o)
 .data          0x000824a0        0x0 c:/intelfpga_lite/23.1std/nios2eds/bin/gnu/h-x86_64-mingw32/bin/../lib/gcc/nios2-elf/12.3.1/../../../../../H-x86_64-mingw32/nios2-elf/lib/mno-hw-mul\libsmallc.a(libc_a-fvwrite_small_dev.o)
 .data          0x000824a0        0x0 c:/intelfpga_lite/23.1std/nios2eds/bin/gnu/h-x86_64-mingw32/bin/../lib/gcc/nios2-elf/12.3.1/../../../../../H-x86_64-mingw32/nios2-elf/lib/mno-hw-mul\libsmallc.a(libc_a-writer.o)
 .data          0x000824a0        0x0 c:/intelfpga_lite/23.1std/nios2eds/bin/gnu/h-x86_64-mingw32/bin/../lib/gcc/nios2-elf/12.3.1/../../../../../H-x86_64-mingw32/nios2-elf/lib/mno-hw-mul\libsmallc.a(libc_a-int_errno.o)
 .data          0x000824a0        0x0 c:/intelfpga_lite/23.1std/nios2eds/bin/gnu/h-x86_64-mingw32/bin/../lib/gcc/nios2-elf/12.3.1/mno-hw-mul\libgcc.a(lib2-divmod.o)
 .data          0x000824a0        0x0 c:/DSD/DSD_git/DSD/software/hello_world_bsp/\libhal_bsp.a(alt_load.o)
 .data          0x000824a0        0x0 c:/DSD/DSD_git/DSD/software/hello_world_bsp/\libhal_bsp.a(alt_main.o)
 .data          0x000824a0        0x0 c:/DSD/DSD_git/DSD/software/hello_world_bsp/\libhal_bsp.a(alt_write.o)
 .data          0x000824a0       0x2c c:/DSD/DSD_git/DSD/software/hello_world_bsp/\libhal_bsp.a(alt_sys_init.o)
 .data          0x000824cc        0x0 c:/DSD/DSD_git/DSD/software/hello_world_bsp/\libhal_bsp.a(altera_avalon_jtag_uart_fd.o)
 .data          0x000824cc        0x0 c:/DSD/DSD_git/DSD/software/hello_world_bsp/\libhal_bsp.a(altera_avalon_jtag_uart_read.o)
 .data          0x000824cc        0x0 c:/DSD/DSD_git/DSD/software/hello_world_bsp/\libhal_bsp.a(altera_avalon_jtag_uart_write.o)
 .data          0x000824cc        0x0 c:/DSD/DSD_git/DSD/software/hello_world_bsp/\libhal_bsp.a(altera_avalon_timer_sc.o)
 .data          0x000824cc        0x0 c:/DSD/DSD_git/DSD/software/hello_world_bsp/\libhal_bsp.a(alt_close.o)
 .data          0x000824cc        0x0 c:/DSD/DSD_git/DSD/software/hello_world_bsp/\libhal_bsp.a(alt_dcache_flush_all.o)
 .data          0x000824cc      0x1a8 c:/DSD/DSD_git/DSD/software/hello_world_bsp/\libhal_bsp.a(alt_dev.o)
                0x000824cc                alt_dev_null
                0x000824f4                alt_fd_list
 .data          0x00082674        0x0 c:/DSD/DSD_git/DSD/software/hello_world_bsp/\libhal_bsp.a(alt_dev_llist_insert.o)
 .data          0x00082674        0x0 c:/DSD/DSD_git/DSD/software/hello_world_bsp/\libhal_bsp.a(alt_errno.o)
 .data          0x00082674        0x0 c:/DSD/DSD_git/DSD/software/hello_world_bsp/\libhal_bsp.a(alt_icache_flush_all.o)
 .data          0x00082674        0x0 c:/DSD/DSD_git/DSD/software/hello_world_bsp/\libhal_bsp.a(alt_iic.o)
 .data          0x00082674        0x0 c:/DSD/DSD_git/DSD/software/hello_world_bsp/\libhal_bsp.a(alt_iic_isr_register.o)
 .data          0x00082674        0x0 c:/DSD/DSD_git/DSD/software/hello_world_bsp/\libhal_bsp.a(alt_io_redirect.o)
 .data          0x00082674        0x0 c:/DSD/DSD_git/DSD/software/hello_world_bsp/\libhal_bsp.a(alt_irq_entry.o)
 .data          0x00082674        0x0 c:/DSD/DSD_git/DSD/software/hello_world_bsp/\libhal_bsp.a(alt_irq_handler.o)
 .data          0x00082674        0x0 c:/DSD/DSD_git/DSD/software/hello_world_bsp/\libhal_bsp.a(alt_irq_vars.o)
 .data          0x00082674        0x0 c:/DSD/DSD_git/DSD/software/hello_world_bsp/\libhal_bsp.a(alt_open.o)
 .data          0x00082674        0x0 c:/DSD/DSD_git/DSD/software/hello_world_bsp/\libhal_bsp.a(alt_release_fd.o)
 .data          0x00082674        0x0 c:/DSD/DSD_git/DSD/software/hello_world_bsp/\libhal_bsp.a(alt_tick.o)
 .data          0x00082674        0x0 c:/DSD/DSD_git/DSD/software/hello_world_bsp/\libhal_bsp.a(altera_nios2_gen2_irq.o)
 .data          0x00082674        0x0 c:/DSD/DSD_git/DSD/software/hello_world_bsp/\libhal_bsp.a(alt_exception_entry.o)
 .data          0x00082674        0x0 c:/DSD/DSD_git/DSD/software/hello_world_bsp/\libhal_bsp.a(alt_find_dev.o)
 .data          0x00082674        0x0 c:/DSD/DSD_git/DSD/software/hello_world_bsp/\libhal_bsp.a(alt_find_file.o)
 .data          0x00082674        0x0 c:/DSD/DSD_git/DSD/software/hello_world_bsp/\libhal_bsp.a(alt_get_fd.o)
 .data          0x00082674        0x0 c:/DSD/DSD_git/DSD/software/hello_world_bsp/\libhal_bsp.a(alt_icache_flush.o)
 .data          0x00082674        0x0 c:/DSD/DSD_git/DSD/software/hello_world_bsp/\libhal_bsp.a(alt_instruction_exception_entry.o)
 .data          0x00082674        0x0 c:/intelfpga_lite/23.1std/nios2eds/bin/gnu/h-x86_64-mingw32/bin/../lib/gcc/nios2-elf/12.3.1/../../../../../H-x86_64-mingw32/nios2-elf/lib/mno-hw-mul\libsmallc.a(libc_a-exit.o)
 .data          0x00082674        0x0 c:/intelfpga_lite/23.1std/nios2eds/bin/gnu/h-x86_64-mingw32/bin/../lib/gcc/nios2-elf/12.3.1/../../../../../H-x86_64-mingw32/nios2-elf/lib/mno-hw-mul\libsmallc.a(libc_a-memcmp.o)
 .data          0x00082674        0x0 c:/intelfpga_lite/23.1std/nios2eds/bin/gnu/h-x86_64-mingw32/bin/../lib/gcc/nios2-elf/12.3.1/../../../../../H-x86_64-mingw32/nios2-elf/lib/mno-hw-mul\libsmallc.a(libc_a-__call_atexit.o)
 .data          0x00082674        0x0 c:/DSD/DSD_git/DSD/software/hello_world_bsp/\libhal_bsp.a(alt_exit.o)
                0x0008a674                        _gp = ABSOLUTE ((. + 0x8000))
                [!provide]                        PROVIDE (gp = _gp)
 *(.rwdata .rwdata.*)
 *(.sdata .sdata.* .gnu.linkonce.s.*)
 .sdata._impure_ptr
                0x00082674        0x4 c:/intelfpga_lite/23.1std/nios2eds/bin/gnu/h-x86_64-mingw32/bin/../lib/gcc/nios2-elf/12.3.1/../../../../../H-x86_64-mingw32/nios2-elf/lib/mno-hw-mul\libsmallc.a(libc_a-impure.o)
                0x00082674                _impure_ptr
 .sdata         0x00082678       0x14 c:/DSD/DSD_git/DSD/software/hello_world_bsp/\libhal_bsp.a(alt_dev.o)
                0x00082678                alt_fs_list
                0x00082680                alt_dev_list
                0x00082688                alt_max_fd
 .sdata         0x0008268c        0x4 c:/DSD/DSD_git/DSD/software/hello_world_bsp/\libhal_bsp.a(alt_errno.o)
                0x0008268c                alt_errno
 .sdata         0x00082690        0x4 c:/DSD/DSD_git/DSD/software/hello_world_bsp/\libhal_bsp.a(alt_irq_vars.o)
                0x00082690                alt_priority_mask
 .sdata         0x00082694        0x8 c:/DSD/DSD_git/DSD/software/hello_world_bsp/\libhal_bsp.a(alt_tick.o)
                0x00082694                alt_alarm_list
 *(.sdata2 .sdata2.* .gnu.linkonce.s2.*)
                0x0008269c                        . = ALIGN (0x4)
                0x0008269c                        _edata = ABSOLUTE (.)
                [!provide]                        PROVIDE (edata = ABSOLUTE (.))
                0x0008269c                        PROVIDE (__ram_rwdata_end = ABSOLUTE (.))
                0x0008269c                        PROVIDE (__flash_rwdata_start = LOADADDR (.rwdata))

.bss            0x000828ec      0x12c
                0x000828ec                        __bss_start = ABSOLUTE (.)
                [!provide]                        PROVIDE (__sbss_start = ABSOLUTE (.))
                [!provide]                        PROVIDE (___sbss_start = ABSOLUTE (.))
 *(.dynsbss)
 *(.sbss .sbss.* .gnu.linkonce.sb.*)
 .sbss.errno    0x000828ec        0x4 c:/intelfpga_lite/23.1std/nios2eds/bin/gnu/h-x86_64-mingw32/bin/../lib/gcc/nios2-elf/12.3.1/../../../../../H-x86_64-mingw32/nios2-elf/lib/mno-hw-mul\libsmallc.a(libc_a-int_errno.o)
                0x000828ec                errno
 .sbss          0x000828f0        0xc c:/DSD/DSD_git/DSD/software/hello_world_bsp/\libhal_bsp.a(alt_main.o)
                0x000828f0                alt_argc
                0x000828f4                alt_argv
                0x000828f8                alt_envp
 .sbss          0x000828fc        0x4 c:/DSD/DSD_git/DSD/software/hello_world_bsp/\libhal_bsp.a(alt_irq_vars.o)
                0x000828fc                alt_irq_active
 .sbss          0x00082900        0xc c:/DSD/DSD_git/DSD/software/hello_world_bsp/\libhal_bsp.a(alt_tick.o)
                0x00082900                _alt_tick_rate
                0x00082904                _alt_nticks
 .sbss          0x0008290c        0x4 c:/DSD/DSD_git/DSD/software/hello_world_bsp/\libhal_bsp.a(alt_instruction_exception_entry.o)
                0x0008290c                alt_instruction_exception_handler
 .sbss.__stdio_exit_handler
                0x00082910        0x4 c:/intelfpga_lite/23.1std/nios2eds/bin/gnu/h-x86_64-mingw32/bin/../lib/gcc/nios2-elf/12.3.1/../../../../../H-x86_64-mingw32/nios2-elf/lib/mno-hw-mul\libsmallc.a(libc_a-exit.o)
                0x00082910                __stdio_exit_handler
 .sbss.__atexit
                0x00082914        0x4 c:/intelfpga_lite/23.1std/nios2eds/bin/gnu/h-x86_64-mingw32/bin/../lib/gcc/nios2-elf/12.3.1/../../../../../H-x86_64-mingw32/nios2-elf/lib/mno-hw-mul\libsmallc.a(libc_a-__call_atexit.o)
                0x00082914                __atexit
 *(.sbss2 .sbss2.* .gnu.linkonce.sb2.*)
 *(.scommon)
                [!provide]                        PROVIDE (__sbss_end = ABSOLUTE (.))
                [!provide]                        PROVIDE (___sbss_end = ABSOLUTE (.))
 *(.dynbss)
 *(.bss .bss.* .gnu.linkonce.b.*)
 .bss           0x00082918        0x0 c:/DSD/DSD_git/DSD/software/hello_world_bsp//obj/HAL/src/crt0.o
 .bss           0x00082918        0x0 obj/default/hello_world.o
 .bss           0x00082918        0x0 c:/intelfpga_lite/23.1std/nios2eds/bin/gnu/h-x86_64-mingw32/bin/../lib/gcc/nios2-elf/12.3.1/mno-hw-mul\libgcc.a(lib2-mul.o)
 .bss           0x00082918        0x0 c:/intelfpga_lite/23.1std/nios2eds/bin/gnu/h-x86_64-mingw32/bin/../lib/gcc/nios2-elf/12.3.1/../../../../../H-x86_64-mingw32/nios2-elf/lib/mno-hw-mul\libsmallc.a(libc_a-printf.o)
 .bss           0x00082918        0x0 c:/intelfpga_lite/23.1std/nios2eds/bin/gnu/h-x86_64-mingw32/bin/../lib/gcc/nios2-elf/12.3.1/../../../../../H-x86_64-mingw32/nios2-elf/lib/mno-hw-mul\libsmallc.a(libc_a-puts.o)
 .bss           0x00082918        0x0 c:/intelfpga_lite/23.1std/nios2eds/bin/gnu/h-x86_64-mingw32/bin/../lib/gcc/nios2-elf/12.3.1/../../../../../H-x86_64-mingw32/nios2-elf/lib/mno-hw-mul\libsmallc.a(libc_a-strlen.o)
 .bss           0x00082918        0x0 c:/intelfpga_lite/23.1std/nios2eds/bin/gnu/h-x86_64-mingw32/bin/../lib/gcc/nios2-elf/12.3.1/../../../../../H-x86_64-mingw32/nios2-elf/lib/mno-hw-mul\libsmallc.a(libc_a-impure.o)
 .bss           0x00082918        0x0 c:/intelfpga_lite/23.1std/nios2eds/bin/gnu/h-x86_64-mingw32/bin/../lib/gcc/nios2-elf/12.3.1/../../../../../H-x86_64-mingw32/nios2-elf/lib/mno-hw-mul\libsmallc.a(libc_a-vfprintf.o)
 .bss           0x00082918        0x0 c:/intelfpga_lite/23.1std/nios2eds/bin/gnu/h-x86_64-mingw32/bin/../lib/gcc/nios2-elf/12.3.1/../../../../../H-x86_64-mingw32/nios2-elf/lib/mno-hw-mul\libsmallc.a(libc_a-fvwrite_small_dev.o)
 .bss           0x00082918        0x0 c:/intelfpga_lite/23.1std/nios2eds/bin/gnu/h-x86_64-mingw32/bin/../lib/gcc/nios2-elf/12.3.1/../../../../../H-x86_64-mingw32/nios2-elf/lib/mno-hw-mul\libsmallc.a(libc_a-writer.o)
 .bss           0x00082918        0x0 c:/intelfpga_lite/23.1std/nios2eds/bin/gnu/h-x86_64-mingw32/bin/../lib/gcc/nios2-elf/12.3.1/../../../../../H-x86_64-mingw32/nios2-elf/lib/mno-hw-mul\libsmallc.a(libc_a-int_errno.o)
 .bss           0x00082918        0x0 c:/intelfpga_lite/23.1std/nios2eds/bin/gnu/h-x86_64-mingw32/bin/../lib/gcc/nios2-elf/12.3.1/mno-hw-mul\libgcc.a(lib2-divmod.o)
 .bss           0x00082918        0x0 c:/DSD/DSD_git/DSD/software/hello_world_bsp/\libhal_bsp.a(alt_load.o)
 .bss           0x00082918        0x0 c:/DSD/DSD_git/DSD/software/hello_world_bsp/\libhal_bsp.a(alt_main.o)
 .bss           0x00082918        0x0 c:/DSD/DSD_git/DSD/software/hello_world_bsp/\libhal_bsp.a(alt_write.o)
 .bss           0x00082918        0x0 c:/DSD/DSD_git/DSD/software/hello_world_bsp/\libhal_bsp.a(alt_sys_init.o)
 .bss           0x00082918        0x0 c:/DSD/DSD_git/DSD/software/hello_world_bsp/\libhal_bsp.a(altera_avalon_jtag_uart_fd.o)
 .bss           0x00082918        0x0 c:/DSD/DSD_git/DSD/software/hello_world_bsp/\libhal_bsp.a(altera_avalon_jtag_uart_read.o)
 .bss           0x00082918        0x0 c:/DSD/DSD_git/DSD/software/hello_world_bsp/\libhal_bsp.a(altera_avalon_jtag_uart_write.o)
 .bss           0x00082918        0x0 c:/DSD/DSD_git/DSD/software/hello_world_bsp/\libhal_bsp.a(altera_avalon_timer_sc.o)
 .bss           0x00082918        0x0 c:/DSD/DSD_git/DSD/software/hello_world_bsp/\libhal_bsp.a(alt_close.o)
 .bss           0x00082918        0x0 c:/DSD/DSD_git/DSD/software/hello_world_bsp/\libhal_bsp.a(alt_dcache_flush_all.o)
 .bss           0x00082918        0x0 c:/DSD/DSD_git/DSD/software/hello_world_bsp/\libhal_bsp.a(alt_dev.o)
 .bss           0x00082918        0x0 c:/DSD/DSD_git/DSD/software/hello_world_bsp/\libhal_bsp.a(alt_dev_llist_insert.o)
 .bss           0x00082918        0x0 c:/DSD/DSD_git/DSD/software/hello_world_bsp/\libhal_bsp.a(alt_errno.o)
 .bss           0x00082918        0x0 c:/DSD/DSD_git/DSD/software/hello_world_bsp/\libhal_bsp.a(alt_icache_flush_all.o)
 .bss           0x00082918        0x0 c:/DSD/DSD_git/DSD/software/hello_world_bsp/\libhal_bsp.a(alt_iic.o)
 .bss           0x00082918        0x0 c:/DSD/DSD_git/DSD/software/hello_world_bsp/\libhal_bsp.a(alt_iic_isr_register.o)
 .bss           0x00082918        0x0 c:/DSD/DSD_git/DSD/software/hello_world_bsp/\libhal_bsp.a(alt_io_redirect.o)
 .bss           0x00082918        0x0 c:/DSD/DSD_git/DSD/software/hello_world_bsp/\libhal_bsp.a(alt_irq_entry.o)
 .bss           0x00082918      0x100 c:/DSD/DSD_git/DSD/software/hello_world_bsp/\libhal_bsp.a(alt_irq_handler.o)
                0x00082918                alt_irq
 .bss           0x00082a18        0x0 c:/DSD/DSD_git/DSD/software/hello_world_bsp/\libhal_bsp.a(alt_irq_vars.o)
 .bss           0x00082a18        0x0 c:/DSD/DSD_git/DSD/software/hello_world_bsp/\libhal_bsp.a(alt_open.o)
 .bss           0x00082a18        0x0 c:/DSD/DSD_git/DSD/software/hello_world_bsp/\libhal_bsp.a(alt_release_fd.o)
 .bss           0x00082a18        0x0 c:/DSD/DSD_git/DSD/software/hello_world_bsp/\libhal_bsp.a(alt_tick.o)
 .bss           0x00082a18        0x0 c:/DSD/DSD_git/DSD/software/hello_world_bsp/\libhal_bsp.a(altera_nios2_gen2_irq.o)
 .bss           0x00082a18        0x0 c:/DSD/DSD_git/DSD/software/hello_world_bsp/\libhal_bsp.a(alt_exception_entry.o)
 .bss           0x00082a18        0x0 c:/DSD/DSD_git/DSD/software/hello_world_bsp/\libhal_bsp.a(alt_find_dev.o)
 .bss           0x00082a18        0x0 c:/DSD/DSD_git/DSD/software/hello_world_bsp/\libhal_bsp.a(alt_find_file.o)
 .bss           0x00082a18        0x0 c:/DSD/DSD_git/DSD/software/hello_world_bsp/\libhal_bsp.a(alt_get_fd.o)
 .bss           0x00082a18        0x0 c:/DSD/DSD_git/DSD/software/hello_world_bsp/\libhal_bsp.a(alt_icache_flush.o)
 .bss           0x00082a18        0x0 c:/DSD/DSD_git/DSD/software/hello_world_bsp/\libhal_bsp.a(alt_instruction_exception_entry.o)
 .bss           0x00082a18        0x0 c:/intelfpga_lite/23.1std/nios2eds/bin/gnu/h-x86_64-mingw32/bin/../lib/gcc/nios2-elf/12.3.1/../../../../../H-x86_64-mingw32/nios2-elf/lib/mno-hw-mul\libsmallc.a(libc_a-exit.o)
 .bss           0x00082a18        0x0 c:/intelfpga_lite/23.1std/nios2eds/bin/gnu/h-x86_64-mingw32/bin/../lib/gcc/nios2-elf/12.3.1/../../../../../H-x86_64-mingw32/nios2-elf/lib/mno-hw-mul\libsmallc.a(libc_a-memcmp.o)
 .bss           0x00082a18        0x0 c:/intelfpga_lite/23.1std/nios2eds/bin/gnu/h-x86_64-mingw32/bin/../lib/gcc/nios2-elf/12.3.1/../../../../../H-x86_64-mingw32/nios2-elf/lib/mno-hw-mul\libsmallc.a(libc_a-__call_atexit.o)
 .bss           0x00082a18        0x0 c:/DSD/DSD_git/DSD/software/hello_world_bsp/\libhal_bsp.a(alt_exit.o)
 *(COMMON)
                0x00082a18                        . = ALIGN (0x4)
                0x00082a18                        __bss_end = ABSOLUTE (.)

.onchip_mem     0x00082a18        0x0
                [!provide]                        PROVIDE (_alt_partition_onchip_mem_start = ABSOLUTE (.))
 *(.onchip_mem .onchip_mem. onchip_mem.*)
                0x00082a18                        . = ALIGN (0x4)
                [!provide]                        PROVIDE (_alt_partition_onchip_mem_end = ABSOLUTE (.))
                0x00082a18                        _end = ABSOLUTE (.)
                0x00082a18                        end = ABSOLUTE (.)
                0x00082a18                        __alt_stack_base = ABSOLUTE (.)
                [!provide]                        PROVIDE (_alt_partition_onchip_mem_load_addr = LOADADDR (.onchip_mem))

.stab
 *(.stab)

.stabstr
 *(.stabstr)

.stab.excl
 *(.stab.excl)

.stab.exclstr
 *(.stab.exclstr)

.stab.index
 *(.stab.index)

.stab.indexstr
 *(.stab.indexstr)

.comment        0x00000000       0x2d
 *(.comment)
 .comment       0x00000000       0x2d obj/default/hello_world.o
                                 0x2e (size before relaxing)
 .comment       0x0000002d       0x2e c:/intelfpga_lite/23.1std/nios2eds/bin/gnu/h-x86_64-mingw32/bin/../lib/gcc/nios2-elf/12.3.1/mno-hw-mul\libgcc.a(lib2-mul.o)
 .comment       0x0000002d       0x2e c:/intelfpga_lite/23.1std/nios2eds/bin/gnu/h-x86_64-mingw32/bin/../lib/gcc/nios2-elf/12.3.1/../../../../../H-x86_64-mingw32/nios2-elf/lib/mno-hw-mul\libsmallc.a(libc_a-printf.o)
 .comment       0x0000002d       0x2e c:/intelfpga_lite/23.1std/nios2eds/bin/gnu/h-x86_64-mingw32/bin/../lib/gcc/nios2-elf/12.3.1/../../../../../H-x86_64-mingw32/nios2-elf/lib/mno-hw-mul\libsmallc.a(libc_a-puts.o)
 .comment       0x0000002d       0x2e c:/intelfpga_lite/23.1std/nios2eds/bin/gnu/h-x86_64-mingw32/bin/../lib/gcc/nios2-elf/12.3.1/../../../../../H-x86_64-mingw32/nios2-elf/lib/mno-hw-mul\libsmallc.a(libc_a-strlen.o)
 .comment       0x0000002d       0x2e c:/intelfpga_lite/23.1std/nios2eds/bin/gnu/h-x86_64-mingw32/bin/../lib/gcc/nios2-elf/12.3.1/../../../../../H-x86_64-mingw32/nios2-elf/lib/mno-hw-mul\libsmallc.a(libc_a-impure.o)
 .comment       0x0000002d       0x2e c:/intelfpga_lite/23.1std/nios2eds/bin/gnu/h-x86_64-mingw32/bin/../lib/gcc/nios2-elf/12.3.1/../../../../../H-x86_64-mingw32/nios2-elf/lib/mno-hw-mul\libsmallc.a(libc_a-vfprintf.o)
 .comment       0x0000002d       0x2e c:/intelfpga_lite/23.1std/nios2eds/bin/gnu/h-x86_64-mingw32/bin/../lib/gcc/nios2-elf/12.3.1/../../../../../H-x86_64-mingw32/nios2-elf/lib/mno-hw-mul\libsmallc.a(libc_a-fvwrite_small_dev.o)
 .comment       0x0000002d       0x2e c:/intelfpga_lite/23.1std/nios2eds/bin/gnu/h-x86_64-mingw32/bin/../lib/gcc/nios2-elf/12.3.1/../../../../../H-x86_64-mingw32/nios2-elf/lib/mno-hw-mul\libsmallc.a(libc_a-writer.o)
 .comment       0x0000002d       0x2e c:/intelfpga_lite/23.1std/nios2eds/bin/gnu/h-x86_64-mingw32/bin/../lib/gcc/nios2-elf/12.3.1/../../../../../H-x86_64-mingw32/nios2-elf/lib/mno-hw-mul\libsmallc.a(libc_a-int_errno.o)
 .comment       0x0000002d       0x2e c:/intelfpga_lite/23.1std/nios2eds/bin/gnu/h-x86_64-mingw32/bin/../lib/gcc/nios2-elf/12.3.1/mno-hw-mul\libgcc.a(lib2-divmod.o)
 .comment       0x0000002d       0x2e c:/DSD/DSD_git/DSD/software/hello_world_bsp/\libhal_bsp.a(alt_load.o)
 .comment       0x0000002d       0x2e c:/DSD/DSD_git/DSD/software/hello_world_bsp/\libhal_bsp.a(alt_main.o)
 .comment       0x0000002d       0x2e c:/DSD/DSD_git/DSD/software/hello_world_bsp/\libhal_bsp.a(alt_write.o)
 .comment       0x0000002d       0x2e c:/DSD/DSD_git/DSD/software/hello_world_bsp/\libhal_bsp.a(alt_sys_init.o)
 .comment       0x0000002d       0x2e c:/DSD/DSD_git/DSD/software/hello_world_bsp/\libhal_bsp.a(altera_avalon_jtag_uart_fd.o)
 .comment       0x0000002d       0x2e c:/DSD/DSD_git/DSD/software/hello_world_bsp/\libhal_bsp.a(altera_avalon_jtag_uart_read.o)
 .comment       0x0000002d       0x2e c:/DSD/DSD_git/DSD/software/hello_world_bsp/\libhal_bsp.a(altera_avalon_jtag_uart_write.o)
 .comment       0x0000002d       0x2e c:/DSD/DSD_git/DSD/software/hello_world_bsp/\libhal_bsp.a(altera_avalon_timer_sc.o)
 .comment       0x0000002d       0x2e c:/DSD/DSD_git/DSD/software/hello_world_bsp/\libhal_bsp.a(alt_close.o)
 .comment       0x0000002d       0x2e c:/DSD/DSD_git/DSD/software/hello_world_bsp/\libhal_bsp.a(alt_dcache_flush_all.o)
 .comment       0x0000002d       0x2e c:/DSD/DSD_git/DSD/software/hello_world_bsp/\libhal_bsp.a(alt_dev.o)
 .comment       0x0000002d       0x2e c:/DSD/DSD_git/DSD/software/hello_world_bsp/\libhal_bsp.a(alt_dev_llist_insert.o)
 .comment       0x0000002d       0x2e c:/DSD/DSD_git/DSD/software/hello_world_bsp/\libhal_bsp.a(alt_errno.o)
 .comment       0x0000002d       0x2e c:/DSD/DSD_git/DSD/software/hello_world_bsp/\libhal_bsp.a(alt_icache_flush_all.o)
 .comment       0x0000002d       0x2e c:/DSD/DSD_git/DSD/software/hello_world_bsp/\libhal_bsp.a(alt_iic.o)
 .comment       0x0000002d       0x2e c:/DSD/DSD_git/DSD/software/hello_world_bsp/\libhal_bsp.a(alt_iic_isr_register.o)
 .comment       0x0000002d       0x2e c:/DSD/DSD_git/DSD/software/hello_world_bsp/\libhal_bsp.a(alt_io_redirect.o)
 .comment       0x0000002d       0x2e c:/DSD/DSD_git/DSD/software/hello_world_bsp/\libhal_bsp.a(alt_irq_handler.o)
 .comment       0x0000002d       0x2e c:/DSD/DSD_git/DSD/software/hello_world_bsp/\libhal_bsp.a(alt_irq_vars.o)
 .comment       0x0000002d       0x2e c:/DSD/DSD_git/DSD/software/hello_world_bsp/\libhal_bsp.a(alt_open.o)
 .comment       0x0000002d       0x2e c:/DSD/DSD_git/DSD/software/hello_world_bsp/\libhal_bsp.a(alt_release_fd.o)
 .comment       0x0000002d       0x2e c:/DSD/DSD_git/DSD/software/hello_world_bsp/\libhal_bsp.a(alt_tick.o)
 .comment       0x0000002d       0x2e c:/DSD/DSD_git/DSD/software/hello_world_bsp/\libhal_bsp.a(altera_nios2_gen2_irq.o)
 .comment       0x0000002d       0x2e c:/DSD/DSD_git/DSD/software/hello_world_bsp/\libhal_bsp.a(alt_find_dev.o)
 .comment       0x0000002d       0x2e c:/DSD/DSD_git/DSD/software/hello_world_bsp/\libhal_bsp.a(alt_find_file.o)
 .comment       0x0000002d       0x2e c:/DSD/DSD_git/DSD/software/hello_world_bsp/\libhal_bsp.a(alt_get_fd.o)
 .comment       0x0000002d       0x2e c:/DSD/DSD_git/DSD/software/hello_world_bsp/\libhal_bsp.a(alt_icache_flush.o)
 .comment       0x0000002d       0x2e c:/DSD/DSD_git/DSD/software/hello_world_bsp/\libhal_bsp.a(alt_instruction_exception_entry.o)
 .comment       0x0000002d       0x2e c:/intelfpga_lite/23.1std/nios2eds/bin/gnu/h-x86_64-mingw32/bin/../lib/gcc/nios2-elf/12.3.1/../../../../../H-x86_64-mingw32/nios2-elf/lib/mno-hw-mul\libsmallc.a(libc_a-exit.o)
 .comment       0x0000002d       0x2e c:/intelfpga_lite/23.1std/nios2eds/bin/gnu/h-x86_64-mingw32/bin/../lib/gcc/nios2-elf/12.3.1/../../../../../H-x86_64-mingw32/nios2-elf/lib/mno-hw-mul\libsmallc.a(libc_a-memcmp.o)
 .comment       0x0000002d       0x2e c:/intelfpga_lite/23.1std/nios2eds/bin/gnu/h-x86_64-mingw32/bin/../lib/gcc/nios2-elf/12.3.1/../../../../../H-x86_64-mingw32/nios2-elf/lib/mno-hw-mul\libsmallc.a(libc_a-__call_atexit.o)
 .comment       0x0000002d       0x2e c:/DSD/DSD_git/DSD/software/hello_world_bsp/\libhal_bsp.a(alt_exit.o)

.debug
 *(.debug)

.line
 *(.line)

.debug_srcinfo
 *(.debug_srcinfo)

.debug_sfnames
 *(.debug_sfnames)

.debug_aranges  0x00000000      0x5f0
 *(.debug_aranges)
 .debug_aranges
                0x00000000       0x28 c:/DSD/DSD_git/DSD/software/hello_world_bsp//obj/HAL/src/crt0.o
 .debug_aranges
                0x00000028       0x20 obj/default/hello_world.o
 .debug_aranges
                0x00000048       0x20 c:/intelfpga_lite/23.1std/nios2eds/bin/gnu/h-x86_64-mingw32/bin/../lib/gcc/nios2-elf/12.3.1/mno-hw-mul\libgcc.a(lib2-mul.o)
 .debug_aranges
                0x00000068       0x28 c:/intelfpga_lite/23.1std/nios2eds/bin/gnu/h-x86_64-mingw32/bin/../lib/gcc/nios2-elf/12.3.1/../../../../../H-x86_64-mingw32/nios2-elf/lib/mno-hw-mul\libsmallc.a(libc_a-printf.o)
 .debug_aranges
                0x00000090       0x28 c:/intelfpga_lite/23.1std/nios2eds/bin/gnu/h-x86_64-mingw32/bin/../lib/gcc/nios2-elf/12.3.1/../../../../../H-x86_64-mingw32/nios2-elf/lib/mno-hw-mul\libsmallc.a(libc_a-puts.o)
 .debug_aranges
                0x000000b8       0x20 c:/intelfpga_lite/23.1std/nios2eds/bin/gnu/h-x86_64-mingw32/bin/../lib/gcc/nios2-elf/12.3.1/../../../../../H-x86_64-mingw32/nios2-elf/lib/mno-hw-mul\libsmallc.a(libc_a-strlen.o)
 .debug_aranges
                0x000000d8       0x18 c:/intelfpga_lite/23.1std/nios2eds/bin/gnu/h-x86_64-mingw32/bin/../lib/gcc/nios2-elf/12.3.1/../../../../../H-x86_64-mingw32/nios2-elf/lib/mno-hw-mul\libsmallc.a(libc_a-impure.o)
 .debug_aranges
                0x000000f0       0x30 c:/intelfpga_lite/23.1std/nios2eds/bin/gnu/h-x86_64-mingw32/bin/../lib/gcc/nios2-elf/12.3.1/../../../../../H-x86_64-mingw32/nios2-elf/lib/mno-hw-mul\libsmallc.a(libc_a-vfprintf.o)
 .debug_aranges
                0x00000120       0x20 c:/intelfpga_lite/23.1std/nios2eds/bin/gnu/h-x86_64-mingw32/bin/../lib/gcc/nios2-elf/12.3.1/../../../../../H-x86_64-mingw32/nios2-elf/lib/mno-hw-mul\libsmallc.a(libc_a-fvwrite_small_dev.o)
 .debug_aranges
                0x00000140       0x20 c:/intelfpga_lite/23.1std/nios2eds/bin/gnu/h-x86_64-mingw32/bin/../lib/gcc/nios2-elf/12.3.1/../../../../../H-x86_64-mingw32/nios2-elf/lib/mno-hw-mul\libsmallc.a(libc_a-writer.o)
 .debug_aranges
                0x00000160       0x18 c:/intelfpga_lite/23.1std/nios2eds/bin/gnu/h-x86_64-mingw32/bin/../lib/gcc/nios2-elf/12.3.1/../../../../../H-x86_64-mingw32/nios2-elf/lib/mno-hw-mul\libsmallc.a(libc_a-int_errno.o)
 .debug_aranges
                0x00000178       0x20 c:/intelfpga_lite/23.1std/nios2eds/bin/gnu/h-x86_64-mingw32/bin/../lib/gcc/nios2-elf/12.3.1/mno-hw-mul\libgcc.a(lib2-divmod.o)
 .debug_aranges
                0x00000198       0x20 c:/DSD/DSD_git/DSD/software/hello_world_bsp/\libhal_bsp.a(alt_load.o)
 .debug_aranges
                0x000001b8       0x20 c:/DSD/DSD_git/DSD/software/hello_world_bsp/\libhal_bsp.a(alt_main.o)
 .debug_aranges
                0x000001d8       0x20 c:/DSD/DSD_git/DSD/software/hello_world_bsp/\libhal_bsp.a(alt_write.o)
 .debug_aranges
                0x000001f8       0x20 c:/DSD/DSD_git/DSD/software/hello_world_bsp/\libhal_bsp.a(alt_sys_init.o)
 .debug_aranges
                0x00000218       0x20 c:/DSD/DSD_git/DSD/software/hello_world_bsp/\libhal_bsp.a(altera_avalon_jtag_uart_fd.o)
 .debug_aranges
                0x00000238       0x20 c:/DSD/DSD_git/DSD/software/hello_world_bsp/\libhal_bsp.a(altera_avalon_jtag_uart_read.o)
 .debug_aranges
                0x00000258       0x20 c:/DSD/DSD_git/DSD/software/hello_world_bsp/\libhal_bsp.a(altera_avalon_jtag_uart_write.o)
 .debug_aranges
                0x00000278       0x20 c:/DSD/DSD_git/DSD/software/hello_world_bsp/\libhal_bsp.a(altera_avalon_timer_sc.o)
 .debug_aranges
                0x00000298       0x20 c:/DSD/DSD_git/DSD/software/hello_world_bsp/\libhal_bsp.a(alt_close.o)
 .debug_aranges
                0x000002b8       0x20 c:/DSD/DSD_git/DSD/software/hello_world_bsp/\libhal_bsp.a(alt_dcache_flush_all.o)
 .debug_aranges
                0x000002d8       0x20 c:/DSD/DSD_git/DSD/software/hello_world_bsp/\libhal_bsp.a(alt_dev.o)
 .debug_aranges
                0x000002f8       0x20 c:/DSD/DSD_git/DSD/software/hello_world_bsp/\libhal_bsp.a(alt_dev_llist_insert.o)
 .debug_aranges
                0x00000318       0x18 c:/DSD/DSD_git/DSD/software/hello_world_bsp/\libhal_bsp.a(alt_errno.o)
 .debug_aranges
                0x00000330       0x20 c:/DSD/DSD_git/DSD/software/hello_world_bsp/\libhal_bsp.a(alt_icache_flush_all.o)
 .debug_aranges
                0x00000350       0x20 c:/DSD/DSD_git/DSD/software/hello_world_bsp/\libhal_bsp.a(alt_iic.o)
 .debug_aranges
                0x00000370       0x20 c:/DSD/DSD_git/DSD/software/hello_world_bsp/\libhal_bsp.a(alt_iic_isr_register.o)
 .debug_aranges
                0x00000390       0x20 c:/DSD/DSD_git/DSD/software/hello_world_bsp/\libhal_bsp.a(alt_io_redirect.o)
 .debug_aranges
                0x000003b0       0x30 c:/DSD/DSD_git/DSD/software/hello_world_bsp/\libhal_bsp.a(alt_irq_entry.o)
 .debug_aranges
                0x000003e0       0x20 c:/DSD/DSD_git/DSD/software/hello_world_bsp/\libhal_bsp.a(alt_irq_handler.o)
 .debug_aranges
                0x00000400       0x18 c:/DSD/DSD_git/DSD/software/hello_world_bsp/\libhal_bsp.a(alt_irq_vars.o)
 .debug_aranges
                0x00000418       0x20 c:/DSD/DSD_git/DSD/software/hello_world_bsp/\libhal_bsp.a(alt_open.o)
 .debug_aranges
                0x00000438       0x20 c:/DSD/DSD_git/DSD/software/hello_world_bsp/\libhal_bsp.a(alt_release_fd.o)
 .debug_aranges
                0x00000458       0x20 c:/DSD/DSD_git/DSD/software/hello_world_bsp/\libhal_bsp.a(alt_tick.o)
 .debug_aranges
                0x00000478       0x20 c:/DSD/DSD_git/DSD/software/hello_world_bsp/\libhal_bsp.a(altera_nios2_gen2_irq.o)
 .debug_aranges
                0x00000498       0x30 c:/DSD/DSD_git/DSD/software/hello_world_bsp/\libhal_bsp.a(alt_exception_entry.o)
 .debug_aranges
                0x000004c8       0x20 c:/DSD/DSD_git/DSD/software/hello_world_bsp/\libhal_bsp.a(alt_find_dev.o)
 .debug_aranges
                0x000004e8       0x20 c:/DSD/DSD_git/DSD/software/hello_world_bsp/\libhal_bsp.a(alt_find_file.o)
 .debug_aranges
                0x00000508       0x20 c:/DSD/DSD_git/DSD/software/hello_world_bsp/\libhal_bsp.a(alt_get_fd.o)
 .debug_aranges
                0x00000528       0x20 c:/DSD/DSD_git/DSD/software/hello_world_bsp/\libhal_bsp.a(alt_icache_flush.o)
 .debug_aranges
                0x00000548       0x28 c:/DSD/DSD_git/DSD/software/hello_world_bsp/\libhal_bsp.a(alt_instruction_exception_entry.o)
 .debug_aranges
                0x00000570       0x20 c:/intelfpga_lite/23.1std/nios2eds/bin/gnu/h-x86_64-mingw32/bin/../lib/gcc/nios2-elf/12.3.1/../../../../../H-x86_64-mingw32/nios2-elf/lib/mno-hw-mul\libsmallc.a(libc_a-exit.o)
 .debug_aranges
                0x00000590       0x20 c:/intelfpga_lite/23.1std/nios2eds/bin/gnu/h-x86_64-mingw32/bin/../lib/gcc/nios2-elf/12.3.1/../../../../../H-x86_64-mingw32/nios2-elf/lib/mno-hw-mul\libsmallc.a(libc_a-memcmp.o)
 .debug_aranges
                0x000005b0       0x20 c:/intelfpga_lite/23.1std/nios2eds/bin/gnu/h-x86_64-mingw32/bin/../lib/gcc/nios2-elf/12.3.1/../../../../../H-x86_64-mingw32/nios2-elf/lib/mno-hw-mul\libsmallc.a(libc_a-__call_atexit.o)
 .debug_aranges
                0x000005d0       0x20 c:/DSD/DSD_git/DSD/software/hello_world_bsp/\libhal_bsp.a(alt_exit.o)

.debug_pubnames
 *(.debug_pubnames)

.debug_info     0x00000000     0x799e
 *(.debug_info .gnu.linkonce.wi.*)
 .debug_info    0x00000000       0x3f c:/DSD/DSD_git/DSD/software/hello_world_bsp//obj/HAL/src/crt0.o
 .debug_info    0x0000003f      0x100 obj/default/hello_world.o
 .debug_info    0x0000013f       0xc4 c:/intelfpga_lite/23.1std/nios2eds/bin/gnu/h-x86_64-mingw32/bin/../lib/gcc/nios2-elf/12.3.1/mno-hw-mul\libgcc.a(lib2-mul.o)
 .debug_info    0x00000203      0x666 c:/intelfpga_lite/23.1std/nios2eds/bin/gnu/h-x86_64-mingw32/bin/../lib/gcc/nios2-elf/12.3.1/../../../../../H-x86_64-mingw32/nios2-elf/lib/mno-hw-mul\libsmallc.a(libc_a-printf.o)
 .debug_info    0x00000869      0x5ec c:/intelfpga_lite/23.1std/nios2eds/bin/gnu/h-x86_64-mingw32/bin/../lib/gcc/nios2-elf/12.3.1/../../../../../H-x86_64-mingw32/nios2-elf/lib/mno-hw-mul\libsmallc.a(libc_a-puts.o)
 .debug_info    0x00000e55       0xd1 c:/intelfpga_lite/23.1std/nios2eds/bin/gnu/h-x86_64-mingw32/bin/../lib/gcc/nios2-elf/12.3.1/../../../../../H-x86_64-mingw32/nios2-elf/lib/mno-hw-mul\libsmallc.a(libc_a-strlen.o)
 .debug_info    0x00000f26      0x4eb c:/intelfpga_lite/23.1std/nios2eds/bin/gnu/h-x86_64-mingw32/bin/../lib/gcc/nios2-elf/12.3.1/../../../../../H-x86_64-mingw32/nios2-elf/lib/mno-hw-mul\libsmallc.a(libc_a-impure.o)
 .debug_info    0x00001411      0xd7f c:/intelfpga_lite/23.1std/nios2eds/bin/gnu/h-x86_64-mingw32/bin/../lib/gcc/nios2-elf/12.3.1/../../../../../H-x86_64-mingw32/nios2-elf/lib/mno-hw-mul\libsmallc.a(libc_a-vfprintf.o)
 .debug_info    0x00002190      0x5c4 c:/intelfpga_lite/23.1std/nios2eds/bin/gnu/h-x86_64-mingw32/bin/../lib/gcc/nios2-elf/12.3.1/../../../../../H-x86_64-mingw32/nios2-elf/lib/mno-hw-mul\libsmallc.a(libc_a-fvwrite_small_dev.o)
 .debug_info    0x00002754      0x5a4 c:/intelfpga_lite/23.1std/nios2eds/bin/gnu/h-x86_64-mingw32/bin/../lib/gcc/nios2-elf/12.3.1/../../../../../H-x86_64-mingw32/nios2-elf/lib/mno-hw-mul\libsmallc.a(libc_a-writer.o)
 .debug_info    0x00002cf8       0x85 c:/intelfpga_lite/23.1std/nios2eds/bin/gnu/h-x86_64-mingw32/bin/../lib/gcc/nios2-elf/12.3.1/../../../../../H-x86_64-mingw32/nios2-elf/lib/mno-hw-mul\libsmallc.a(libc_a-int_errno.o)
 .debug_info    0x00002d7d      0x347 c:/intelfpga_lite/23.1std/nios2eds/bin/gnu/h-x86_64-mingw32/bin/../lib/gcc/nios2-elf/12.3.1/mno-hw-mul\libgcc.a(lib2-divmod.o)
 .debug_info    0x000030c4      0x144 c:/DSD/DSD_git/DSD/software/hello_world_bsp/\libhal_bsp.a(alt_load.o)
 .debug_info    0x00003208      0x174 c:/DSD/DSD_git/DSD/software/hello_world_bsp/\libhal_bsp.a(alt_main.o)
 .debug_info    0x0000337c      0x54a c:/DSD/DSD_git/DSD/software/hello_world_bsp/\libhal_bsp.a(alt_write.o)
 .debug_info    0x000038c6      0x43c c:/DSD/DSD_git/DSD/software/hello_world_bsp/\libhal_bsp.a(alt_sys_init.o)
 .debug_info    0x00003d02      0x3c9 c:/DSD/DSD_git/DSD/software/hello_world_bsp/\libhal_bsp.a(altera_avalon_jtag_uart_fd.o)
 .debug_info    0x000040cb      0x144 c:/DSD/DSD_git/DSD/software/hello_world_bsp/\libhal_bsp.a(altera_avalon_jtag_uart_read.o)
 .debug_info    0x0000420f      0x12b c:/DSD/DSD_git/DSD/software/hello_world_bsp/\libhal_bsp.a(altera_avalon_jtag_uart_write.o)
 .debug_info    0x0000433a      0x21d c:/DSD/DSD_git/DSD/software/hello_world_bsp/\libhal_bsp.a(altera_avalon_timer_sc.o)
 .debug_info    0x00004557      0x32f c:/DSD/DSD_git/DSD/software/hello_world_bsp/\libhal_bsp.a(alt_close.o)
 .debug_info    0x00004886       0xa1 c:/DSD/DSD_git/DSD/software/hello_world_bsp/\libhal_bsp.a(alt_dcache_flush_all.o)
 .debug_info    0x00004927      0x567 c:/DSD/DSD_git/DSD/software/hello_world_bsp/\libhal_bsp.a(alt_dev.o)
 .debug_info    0x00004e8e      0x1a8 c:/DSD/DSD_git/DSD/software/hello_world_bsp/\libhal_bsp.a(alt_dev_llist_insert.o)
 .debug_info    0x00005036       0xa8 c:/DSD/DSD_git/DSD/software/hello_world_bsp/\libhal_bsp.a(alt_errno.o)
 .debug_info    0x000050de       0xb2 c:/DSD/DSD_git/DSD/software/hello_world_bsp/\libhal_bsp.a(alt_icache_flush_all.o)
 .debug_info    0x00005190      0x339 c:/DSD/DSD_git/DSD/software/hello_world_bsp/\libhal_bsp.a(alt_iic.o)
 .debug_info    0x000054c9      0x218 c:/DSD/DSD_git/DSD/software/hello_world_bsp/\libhal_bsp.a(alt_iic_isr_register.o)
 .debug_info    0x000056e1      0x561 c:/DSD/DSD_git/DSD/software/hello_world_bsp/\libhal_bsp.a(alt_io_redirect.o)
 .debug_info    0x00005c42       0x22 c:/DSD/DSD_git/DSD/software/hello_world_bsp/\libhal_bsp.a(alt_irq_entry.o)
 .debug_info    0x00005c64      0x170 c:/DSD/DSD_git/DSD/software/hello_world_bsp/\libhal_bsp.a(alt_irq_handler.o)
 .debug_info    0x00005dd4       0x88 c:/DSD/DSD_git/DSD/software/hello_world_bsp/\libhal_bsp.a(alt_irq_vars.o)
 .debug_info    0x00005e5c      0x415 c:/DSD/DSD_git/DSD/software/hello_world_bsp/\libhal_bsp.a(alt_open.o)
 .debug_info    0x00006271      0x2ac c:/DSD/DSD_git/DSD/software/hello_world_bsp/\libhal_bsp.a(alt_release_fd.o)
 .debug_info    0x0000651d      0x29e c:/DSD/DSD_git/DSD/software/hello_world_bsp/\libhal_bsp.a(alt_tick.o)
 .debug_info    0x000067bb       0x8d c:/DSD/DSD_git/DSD/software/hello_world_bsp/\libhal_bsp.a(altera_nios2_gen2_irq.o)
 .debug_info    0x00006848       0x22 c:/DSD/DSD_git/DSD/software/hello_world_bsp/\libhal_bsp.a(alt_exception_entry.o)
 .debug_info    0x0000686a      0x323 c:/DSD/DSD_git/DSD/software/hello_world_bsp/\libhal_bsp.a(alt_find_dev.o)
 .debug_info    0x00006b8d      0x324 c:/DSD/DSD_git/DSD/software/hello_world_bsp/\libhal_bsp.a(alt_find_file.o)
 .debug_info    0x00006eb1      0x309 c:/DSD/DSD_git/DSD/software/hello_world_bsp/\libhal_bsp.a(alt_get_fd.o)
 .debug_info    0x000071ba       0xd8 c:/DSD/DSD_git/DSD/software/hello_world_bsp/\libhal_bsp.a(alt_icache_flush.o)
 .debug_info    0x00007292      0x1e8 c:/DSD/DSD_git/DSD/software/hello_world_bsp/\libhal_bsp.a(alt_instruction_exception_entry.o)
 .debug_info    0x0000747a      0x115 c:/intelfpga_lite/23.1std/nios2eds/bin/gnu/h-x86_64-mingw32/bin/../lib/gcc/nios2-elf/12.3.1/../../../../../H-x86_64-mingw32/nios2-elf/lib/mno-hw-mul\libsmallc.a(libc_a-exit.o)
 .debug_info    0x0000758f       0xf9 c:/intelfpga_lite/23.1std/nios2eds/bin/gnu/h-x86_64-mingw32/bin/../lib/gcc/nios2-elf/12.3.1/../../../../../H-x86_64-mingw32/nios2-elf/lib/mno-hw-mul\libsmallc.a(libc_a-memcmp.o)
 .debug_info    0x00007688      0x234 c:/intelfpga_lite/23.1std/nios2eds/bin/gnu/h-x86_64-mingw32/bin/../lib/gcc/nios2-elf/12.3.1/../../../../../H-x86_64-mingw32/nios2-elf/lib/mno-hw-mul\libsmallc.a(libc_a-__call_atexit.o)
 .debug_info    0x000078bc       0xe2 c:/DSD/DSD_git/DSD/software/hello_world_bsp/\libhal_bsp.a(alt_exit.o)

.debug_abbrev   0x00000000     0x2f2e
 *(.debug_abbrev)
 .debug_abbrev  0x00000000       0x1f c:/DSD/DSD_git/DSD/software/hello_world_bsp//obj/HAL/src/crt0.o
 .debug_abbrev  0x0000001f       0xb1 obj/default/hello_world.o
 .debug_abbrev  0x000000d0       0x80 c:/intelfpga_lite/23.1std/nios2eds/bin/gnu/h-x86_64-mingw32/bin/../lib/gcc/nios2-elf/12.3.1/mno-hw-mul\libgcc.a(lib2-mul.o)
 .debug_abbrev  0x00000150      0x1ec c:/intelfpga_lite/23.1std/nios2eds/bin/gnu/h-x86_64-mingw32/bin/../lib/gcc/nios2-elf/12.3.1/../../../../../H-x86_64-mingw32/nios2-elf/lib/mno-hw-mul\libsmallc.a(libc_a-printf.o)
 .debug_abbrev  0x0000033c      0x1db c:/intelfpga_lite/23.1std/nios2eds/bin/gnu/h-x86_64-mingw32/bin/../lib/gcc/nios2-elf/12.3.1/../../../../../H-x86_64-mingw32/nios2-elf/lib/mno-hw-mul\libsmallc.a(libc_a-puts.o)
 .debug_abbrev  0x00000517       0x8c c:/intelfpga_lite/23.1std/nios2eds/bin/gnu/h-x86_64-mingw32/bin/../lib/gcc/nios2-elf/12.3.1/../../../../../H-x86_64-mingw32/nios2-elf/lib/mno-hw-mul\libsmallc.a(libc_a-strlen.o)
 .debug_abbrev  0x000005a3      0x142 c:/intelfpga_lite/23.1std/nios2eds/bin/gnu/h-x86_64-mingw32/bin/../lib/gcc/nios2-elf/12.3.1/../../../../../H-x86_64-mingw32/nios2-elf/lib/mno-hw-mul\libsmallc.a(libc_a-impure.o)
 .debug_abbrev  0x000006e5      0x2d9 c:/intelfpga_lite/23.1std/nios2eds/bin/gnu/h-x86_64-mingw32/bin/../lib/gcc/nios2-elf/12.3.1/../../../../../H-x86_64-mingw32/nios2-elf/lib/mno-hw-mul\libsmallc.a(libc_a-vfprintf.o)
 .debug_abbrev  0x000009be      0x1c9 c:/intelfpga_lite/23.1std/nios2eds/bin/gnu/h-x86_64-mingw32/bin/../lib/gcc/nios2-elf/12.3.1/../../../../../H-x86_64-mingw32/nios2-elf/lib/mno-hw-mul\libsmallc.a(libc_a-fvwrite_small_dev.o)
 .debug_abbrev  0x00000b87      0x1ae c:/intelfpga_lite/23.1std/nios2eds/bin/gnu/h-x86_64-mingw32/bin/../lib/gcc/nios2-elf/12.3.1/../../../../../H-x86_64-mingw32/nios2-elf/lib/mno-hw-mul\libsmallc.a(libc_a-writer.o)
 .debug_abbrev  0x00000d35       0x39 c:/intelfpga_lite/23.1std/nios2eds/bin/gnu/h-x86_64-mingw32/bin/../lib/gcc/nios2-elf/12.3.1/../../../../../H-x86_64-mingw32/nios2-elf/lib/mno-hw-mul\libsmallc.a(libc_a-int_errno.o)
 .debug_abbrev  0x00000d6e      0x10c c:/intelfpga_lite/23.1std/nios2eds/bin/gnu/h-x86_64-mingw32/bin/../lib/gcc/nios2-elf/12.3.1/mno-hw-mul\libgcc.a(lib2-divmod.o)
 .debug_abbrev  0x00000e7a       0xc2 c:/DSD/DSD_git/DSD/software/hello_world_bsp/\libhal_bsp.a(alt_load.o)
 .debug_abbrev  0x00000f3c       0xf3 c:/DSD/DSD_git/DSD/software/hello_world_bsp/\libhal_bsp.a(alt_main.o)
 .debug_abbrev  0x0000102f      0x149 c:/DSD/DSD_git/DSD/software/hello_world_bsp/\libhal_bsp.a(alt_write.o)
 .debug_abbrev  0x00001178      0x1ab c:/DSD/DSD_git/DSD/software/hello_world_bsp/\libhal_bsp.a(alt_sys_init.o)
 .debug_abbrev  0x00001323      0x128 c:/DSD/DSD_git/DSD/software/hello_world_bsp/\libhal_bsp.a(altera_avalon_jtag_uart_fd.o)
 .debug_abbrev  0x0000144b       0xd2 c:/DSD/DSD_git/DSD/software/hello_world_bsp/\libhal_bsp.a(altera_avalon_jtag_uart_read.o)
 .debug_abbrev  0x0000151d       0xd0 c:/DSD/DSD_git/DSD/software/hello_world_bsp/\libhal_bsp.a(altera_avalon_jtag_uart_write.o)
 .debug_abbrev  0x000015ed      0x18f c:/DSD/DSD_git/DSD/software/hello_world_bsp/\libhal_bsp.a(altera_avalon_timer_sc.o)
 .debug_abbrev  0x0000177c      0x147 c:/DSD/DSD_git/DSD/software/hello_world_bsp/\libhal_bsp.a(alt_close.o)
 .debug_abbrev  0x000018c3       0x5d c:/DSD/DSD_git/DSD/software/hello_world_bsp/\libhal_bsp.a(alt_dcache_flush_all.o)
 .debug_abbrev  0x00001920      0x11b c:/DSD/DSD_git/DSD/software/hello_world_bsp/\libhal_bsp.a(alt_dev.o)
 .debug_abbrev  0x00001a3b      0x12b c:/DSD/DSD_git/DSD/software/hello_world_bsp/\libhal_bsp.a(alt_dev_llist_insert.o)
 .debug_abbrev  0x00001b66       0x70 c:/DSD/DSD_git/DSD/software/hello_world_bsp/\libhal_bsp.a(alt_errno.o)
 .debug_abbrev  0x00001bd6       0x75 c:/DSD/DSD_git/DSD/software/hello_world_bsp/\libhal_bsp.a(alt_icache_flush_all.o)
 .debug_abbrev  0x00001c4b      0x1a9 c:/DSD/DSD_git/DSD/software/hello_world_bsp/\libhal_bsp.a(alt_iic.o)
 .debug_abbrev  0x00001df4      0x199 c:/DSD/DSD_git/DSD/software/hello_world_bsp/\libhal_bsp.a(alt_iic_isr_register.o)
 .debug_abbrev  0x00001f8d      0x157 c:/DSD/DSD_git/DSD/software/hello_world_bsp/\libhal_bsp.a(alt_io_redirect.o)
 .debug_abbrev  0x000020e4       0x12 c:/DSD/DSD_git/DSD/software/hello_world_bsp/\libhal_bsp.a(alt_irq_entry.o)
 .debug_abbrev  0x000020f6      0x12f c:/DSD/DSD_git/DSD/software/hello_world_bsp/\libhal_bsp.a(alt_irq_handler.o)
 .debug_abbrev  0x00002225       0x46 c:/DSD/DSD_git/DSD/software/hello_world_bsp/\libhal_bsp.a(alt_irq_vars.o)
 .debug_abbrev  0x0000226b      0x191 c:/DSD/DSD_git/DSD/software/hello_world_bsp/\libhal_bsp.a(alt_open.o)
 .debug_abbrev  0x000023fc       0xea c:/DSD/DSD_git/DSD/software/hello_world_bsp/\libhal_bsp.a(alt_release_fd.o)
 .debug_abbrev  0x000024e6      0x17f c:/DSD/DSD_git/DSD/software/hello_world_bsp/\libhal_bsp.a(alt_tick.o)
 .debug_abbrev  0x00002665       0x43 c:/DSD/DSD_git/DSD/software/hello_world_bsp/\libhal_bsp.a(altera_nios2_gen2_irq.o)
 .debug_abbrev  0x000026a8       0x12 c:/DSD/DSD_git/DSD/software/hello_world_bsp/\libhal_bsp.a(alt_exception_entry.o)
 .debug_abbrev  0x000026ba      0x10c c:/DSD/DSD_git/DSD/software/hello_world_bsp/\libhal_bsp.a(alt_find_dev.o)
 .debug_abbrev  0x000027c6      0x11d c:/DSD/DSD_git/DSD/software/hello_world_bsp/\libhal_bsp.a(alt_find_file.o)
 .debug_abbrev  0x000028e3      0x124 c:/DSD/DSD_git/DSD/software/hello_world_bsp/\libhal_bsp.a(alt_get_fd.o)
 .debug_abbrev  0x00002a07       0x97 c:/DSD/DSD_git/DSD/software/hello_world_bsp/\libhal_bsp.a(alt_icache_flush.o)
 .debug_abbrev  0x00002a9e       0xed c:/DSD/DSD_git/DSD/software/hello_world_bsp/\libhal_bsp.a(alt_instruction_exception_entry.o)
 .debug_abbrev  0x00002b8b       0xde c:/intelfpga_lite/23.1std/nios2eds/bin/gnu/h-x86_64-mingw32/bin/../lib/gcc/nios2-elf/12.3.1/../../../../../H-x86_64-mingw32/nios2-elf/lib/mno-hw-mul\libsmallc.a(libc_a-exit.o)
 .debug_abbrev  0x00002c69       0xa1 c:/intelfpga_lite/23.1std/nios2eds/bin/gnu/h-x86_64-mingw32/bin/../lib/gcc/nios2-elf/12.3.1/../../../../../H-x86_64-mingw32/nios2-elf/lib/mno-hw-mul\libsmallc.a(libc_a-memcmp.o)
 .debug_abbrev  0x00002d0a      0x179 c:/intelfpga_lite/23.1std/nios2eds/bin/gnu/h-x86_64-mingw32/bin/../lib/gcc/nios2-elf/12.3.1/../../../../../H-x86_64-mingw32/nios2-elf/lib/mno-hw-mul\libsmallc.a(libc_a-__call_atexit.o)
 .debug_abbrev  0x00002e83       0xab c:/DSD/DSD_git/DSD/software/hello_world_bsp/\libhal_bsp.a(alt_exit.o)

.debug_line     0x00000000     0x24b2
 *(.debug_line)
 .debug_line    0x00000000       0x72 c:/DSD/DSD_git/DSD/software/hello_world_bsp//obj/HAL/src/crt0.o
 .debug_line    0x00000072       0x65 obj/default/hello_world.o
 .debug_line    0x000000d7       0x88 c:/intelfpga_lite/23.1std/nios2eds/bin/gnu/h-x86_64-mingw32/bin/../lib/gcc/nios2-elf/12.3.1/mno-hw-mul\libgcc.a(lib2-mul.o)
 .debug_line    0x0000015f       0xd4 c:/intelfpga_lite/23.1std/nios2eds/bin/gnu/h-x86_64-mingw32/bin/../lib/gcc/nios2-elf/12.3.1/../../../../../H-x86_64-mingw32/nios2-elf/lib/mno-hw-mul\libsmallc.a(libc_a-printf.o)
 .debug_line    0x00000233       0xc2 c:/intelfpga_lite/23.1std/nios2eds/bin/gnu/h-x86_64-mingw32/bin/../lib/gcc/nios2-elf/12.3.1/../../../../../H-x86_64-mingw32/nios2-elf/lib/mno-hw-mul\libsmallc.a(libc_a-puts.o)
 .debug_line    0x000002f5       0x7c c:/intelfpga_lite/23.1std/nios2eds/bin/gnu/h-x86_64-mingw32/bin/../lib/gcc/nios2-elf/12.3.1/../../../../../H-x86_64-mingw32/nios2-elf/lib/mno-hw-mul\libsmallc.a(libc_a-strlen.o)
 .debug_line    0x00000371       0x4c c:/intelfpga_lite/23.1std/nios2eds/bin/gnu/h-x86_64-mingw32/bin/../lib/gcc/nios2-elf/12.3.1/../../../../../H-x86_64-mingw32/nios2-elf/lib/mno-hw-mul\libsmallc.a(libc_a-impure.o)
 .debug_line    0x000003bd      0x581 c:/intelfpga_lite/23.1std/nios2eds/bin/gnu/h-x86_64-mingw32/bin/../lib/gcc/nios2-elf/12.3.1/../../../../../H-x86_64-mingw32/nios2-elf/lib/mno-hw-mul\libsmallc.a(libc_a-vfprintf.o)
 .debug_line    0x0000093e       0xd7 c:/intelfpga_lite/23.1std/nios2eds/bin/gnu/h-x86_64-mingw32/bin/../lib/gcc/nios2-elf/12.3.1/../../../../../H-x86_64-mingw32/nios2-elf/lib/mno-hw-mul\libsmallc.a(libc_a-fvwrite_small_dev.o)
 .debug_line    0x00000a15       0xae c:/intelfpga_lite/23.1std/nios2eds/bin/gnu/h-x86_64-mingw32/bin/../lib/gcc/nios2-elf/12.3.1/../../../../../H-x86_64-mingw32/nios2-elf/lib/mno-hw-mul\libsmallc.a(libc_a-writer.o)
 .debug_line    0x00000ac3       0x3a c:/intelfpga_lite/23.1std/nios2eds/bin/gnu/h-x86_64-mingw32/bin/../lib/gcc/nios2-elf/12.3.1/../../../../../H-x86_64-mingw32/nios2-elf/lib/mno-hw-mul\libsmallc.a(libc_a-int_errno.o)
 .debug_line    0x00000afd      0x2e3 c:/intelfpga_lite/23.1std/nios2eds/bin/gnu/h-x86_64-mingw32/bin/../lib/gcc/nios2-elf/12.3.1/mno-hw-mul\libgcc.a(lib2-divmod.o)
 .debug_line    0x00000de0       0x8f c:/DSD/DSD_git/DSD/software/hello_world_bsp/\libhal_bsp.a(alt_load.o)
 .debug_line    0x00000e6f       0x91 c:/DSD/DSD_git/DSD/software/hello_world_bsp/\libhal_bsp.a(alt_main.o)
 .debug_line    0x00000f00      0x139 c:/DSD/DSD_git/DSD/software/hello_world_bsp/\libhal_bsp.a(alt_write.o)
 .debug_line    0x00001039       0xb0 c:/DSD/DSD_git/DSD/software/hello_world_bsp/\libhal_bsp.a(alt_sys_init.o)
 .debug_line    0x000010e9       0x8a c:/DSD/DSD_git/DSD/software/hello_world_bsp/\libhal_bsp.a(altera_avalon_jtag_uart_fd.o)
 .debug_line    0x00001173       0xa4 c:/DSD/DSD_git/DSD/software/hello_world_bsp/\libhal_bsp.a(altera_avalon_jtag_uart_read.o)
 .debug_line    0x00001217       0x7e c:/DSD/DSD_git/DSD/software/hello_world_bsp/\libhal_bsp.a(altera_avalon_jtag_uart_write.o)
 .debug_line    0x00001295       0xb1 c:/DSD/DSD_git/DSD/software/hello_world_bsp/\libhal_bsp.a(altera_avalon_timer_sc.o)
 .debug_line    0x00001346      0x117 c:/DSD/DSD_git/DSD/software/hello_world_bsp/\libhal_bsp.a(alt_close.o)
 .debug_line    0x0000145d       0x69 c:/DSD/DSD_git/DSD/software/hello_world_bsp/\libhal_bsp.a(alt_dcache_flush_all.o)
 .debug_line    0x000014c6       0xa2 c:/DSD/DSD_git/DSD/software/hello_world_bsp/\libhal_bsp.a(alt_dev.o)
 .debug_line    0x00001568       0xca c:/DSD/DSD_git/DSD/software/hello_world_bsp/\libhal_bsp.a(alt_dev_llist_insert.o)
 .debug_line    0x00001632       0x4c c:/DSD/DSD_git/DSD/software/hello_world_bsp/\libhal_bsp.a(alt_errno.o)
 .debug_line    0x0000167e       0x63 c:/DSD/DSD_git/DSD/software/hello_world_bsp/\libhal_bsp.a(alt_icache_flush_all.o)
 .debug_line    0x000016e1       0xf4 c:/DSD/DSD_git/DSD/software/hello_world_bsp/\libhal_bsp.a(alt_iic.o)
 .debug_line    0x000017d5       0xbc c:/DSD/DSD_git/DSD/software/hello_world_bsp/\libhal_bsp.a(alt_iic_isr_register.o)
 .debug_line    0x00001891       0xd2 c:/DSD/DSD_git/DSD/software/hello_world_bsp/\libhal_bsp.a(alt_io_redirect.o)
 .debug_line    0x00001963       0x6b c:/DSD/DSD_git/DSD/software/hello_world_bsp/\libhal_bsp.a(alt_irq_entry.o)
 .debug_line    0x000019ce       0xb4 c:/DSD/DSD_git/DSD/software/hello_world_bsp/\libhal_bsp.a(alt_irq_handler.o)
 .debug_line    0x00001a82       0x43 c:/DSD/DSD_git/DSD/software/hello_world_bsp/\libhal_bsp.a(alt_irq_vars.o)
 .debug_line    0x00001ac5      0x159 c:/DSD/DSD_git/DSD/software/hello_world_bsp/\libhal_bsp.a(alt_open.o)
 .debug_line    0x00001c1e       0x77 c:/DSD/DSD_git/DSD/software/hello_world_bsp/\libhal_bsp.a(alt_release_fd.o)
 .debug_line    0x00001c95       0xf2 c:/DSD/DSD_git/DSD/software/hello_world_bsp/\libhal_bsp.a(alt_tick.o)
 .debug_line    0x00001d87       0x51 c:/DSD/DSD_git/DSD/software/hello_world_bsp/\libhal_bsp.a(altera_nios2_gen2_irq.o)
 .debug_line    0x00001dd8       0x9d c:/DSD/DSD_git/DSD/software/hello_world_bsp/\libhal_bsp.a(alt_exception_entry.o)
 .debug_line    0x00001e75       0xa1 c:/DSD/DSD_git/DSD/software/hello_world_bsp/\libhal_bsp.a(alt_find_dev.o)
 .debug_line    0x00001f16       0xd7 c:/DSD/DSD_git/DSD/software/hello_world_bsp/\libhal_bsp.a(alt_find_file.o)
 .debug_line    0x00001fed       0xb3 c:/DSD/DSD_git/DSD/software/hello_world_bsp/\libhal_bsp.a(alt_get_fd.o)
 .debug_line    0x000020a0       0x8f c:/DSD/DSD_git/DSD/software/hello_world_bsp/\libhal_bsp.a(alt_icache_flush.o)
 .debug_line    0x0000212f       0xa1 c:/DSD/DSD_git/DSD/software/hello_world_bsp/\libhal_bsp.a(alt_instruction_exception_entry.o)
 .debug_line    0x000021d0       0x80 c:/intelfpga_lite/23.1std/nios2eds/bin/gnu/h-x86_64-mingw32/bin/../lib/gcc/nios2-elf/12.3.1/../../../../../H-x86_64-mingw32/nios2-elf/lib/mno-hw-mul\libsmallc.a(libc_a-exit.o)
 .debug_line    0x00002250       0x8f c:/intelfpga_lite/23.1std/nios2eds/bin/gnu/h-x86_64-mingw32/bin/../lib/gcc/nios2-elf/12.3.1/../../../../../H-x86_64-mingw32/nios2-elf/lib/mno-hw-mul\libsmallc.a(libc_a-memcmp.o)
 .debug_line    0x000022df      0x159 c:/intelfpga_lite/23.1std/nios2eds/bin/gnu/h-x86_64-mingw32/bin/../lib/gcc/nios2-elf/12.3.1/../../../../../H-x86_64-mingw32/nios2-elf/lib/mno-hw-mul\libsmallc.a(libc_a-__call_atexit.o)
 .debug_line    0x00002438       0x7a c:/DSD/DSD_git/DSD/software/hello_world_bsp/\libhal_bsp.a(alt_exit.o)

.debug_frame    0x00000000      0xb0c
 *(.debug_frame)
 .debug_frame   0x00000000       0x38 obj/default/hello_world.o
 .debug_frame   0x00000038       0x20 c:/intelfpga_lite/23.1std/nios2eds/bin/gnu/h-x86_64-mingw32/bin/../lib/gcc/nios2-elf/12.3.1/mno-hw-mul\libgcc.a(lib2-mul.o)
 .debug_frame   0x00000058       0x48 c:/intelfpga_lite/23.1std/nios2eds/bin/gnu/h-x86_64-mingw32/bin/../lib/gcc/nios2-elf/12.3.1/../../../../../H-x86_64-mingw32/nios2-elf/lib/mno-hw-mul\libsmallc.a(libc_a-printf.o)
 .debug_frame   0x000000a0       0x48 c:/intelfpga_lite/23.1std/nios2eds/bin/gnu/h-x86_64-mingw32/bin/../lib/gcc/nios2-elf/12.3.1/../../../../../H-x86_64-mingw32/nios2-elf/lib/mno-hw-mul\libsmallc.a(libc_a-puts.o)
 .debug_frame   0x000000e8       0x20 c:/intelfpga_lite/23.1std/nios2eds/bin/gnu/h-x86_64-mingw32/bin/../lib/gcc/nios2-elf/12.3.1/../../../../../H-x86_64-mingw32/nios2-elf/lib/mno-hw-mul\libsmallc.a(libc_a-strlen.o)
 .debug_frame   0x00000108       0x90 c:/intelfpga_lite/23.1std/nios2eds/bin/gnu/h-x86_64-mingw32/bin/../lib/gcc/nios2-elf/12.3.1/../../../../../H-x86_64-mingw32/nios2-elf/lib/mno-hw-mul\libsmallc.a(libc_a-vfprintf.o)
 .debug_frame   0x00000198       0x3c c:/intelfpga_lite/23.1std/nios2eds/bin/gnu/h-x86_64-mingw32/bin/../lib/gcc/nios2-elf/12.3.1/../../../../../H-x86_64-mingw32/nios2-elf/lib/mno-hw-mul\libsmallc.a(libc_a-fvwrite_small_dev.o)
 .debug_frame   0x000001d4       0x30 c:/intelfpga_lite/23.1std/nios2eds/bin/gnu/h-x86_64-mingw32/bin/../lib/gcc/nios2-elf/12.3.1/../../../../../H-x86_64-mingw32/nios2-elf/lib/mno-hw-mul\libsmallc.a(libc_a-writer.o)
 .debug_frame   0x00000204       0x50 c:/intelfpga_lite/23.1std/nios2eds/bin/gnu/h-x86_64-mingw32/bin/../lib/gcc/nios2-elf/12.3.1/mno-hw-mul\libgcc.a(lib2-divmod.o)
 .debug_frame   0x00000254       0x5c c:/DSD/DSD_git/DSD/software/hello_world_bsp/\libhal_bsp.a(alt_load.o)
 .debug_frame   0x000002b0       0x2c c:/DSD/DSD_git/DSD/software/hello_world_bsp/\libhal_bsp.a(alt_main.o)
 .debug_frame   0x000002dc       0x60 c:/DSD/DSD_git/DSD/software/hello_world_bsp/\libhal_bsp.a(alt_write.o)
 .debug_frame   0x0000033c       0x88 c:/DSD/DSD_git/DSD/software/hello_world_bsp/\libhal_bsp.a(alt_sys_init.o)
 .debug_frame   0x000003c4       0x60 c:/DSD/DSD_git/DSD/software/hello_world_bsp/\libhal_bsp.a(altera_avalon_jtag_uart_fd.o)
 .debug_frame   0x00000424       0x34 c:/DSD/DSD_git/DSD/software/hello_world_bsp/\libhal_bsp.a(altera_avalon_jtag_uart_read.o)
 .debug_frame   0x00000458       0x34 c:/DSD/DSD_git/DSD/software/hello_world_bsp/\libhal_bsp.a(altera_avalon_jtag_uart_write.o)
 .debug_frame   0x0000048c       0x60 c:/DSD/DSD_git/DSD/software/hello_world_bsp/\libhal_bsp.a(altera_avalon_timer_sc.o)
 .debug_frame   0x000004ec       0x60 c:/DSD/DSD_git/DSD/software/hello_world_bsp/\libhal_bsp.a(alt_close.o)
 .debug_frame   0x0000054c       0x34 c:/DSD/DSD_git/DSD/software/hello_world_bsp/\libhal_bsp.a(alt_dcache_flush_all.o)
 .debug_frame   0x00000580       0x34 c:/DSD/DSD_git/DSD/software/hello_world_bsp/\libhal_bsp.a(alt_dev.o)
 .debug_frame   0x000005b4       0x60 c:/DSD/DSD_git/DSD/software/hello_world_bsp/\libhal_bsp.a(alt_dev_llist_insert.o)
 .debug_frame   0x00000614       0x38 c:/DSD/DSD_git/DSD/software/hello_world_bsp/\libhal_bsp.a(alt_icache_flush_all.o)
 .debug_frame   0x0000064c       0xa4 c:/DSD/DSD_git/DSD/software/hello_world_bsp/\libhal_bsp.a(alt_iic.o)
 .debug_frame   0x000006f0       0x38 c:/DSD/DSD_git/DSD/software/hello_world_bsp/\libhal_bsp.a(alt_iic_isr_register.o)
 .debug_frame   0x00000728       0x60 c:/DSD/DSD_git/DSD/software/hello_world_bsp/\libhal_bsp.a(alt_io_redirect.o)
 .debug_frame   0x00000788       0x38 c:/DSD/DSD_git/DSD/software/hello_world_bsp/\libhal_bsp.a(alt_irq_handler.o)
 .debug_frame   0x000007c0       0x84 c:/DSD/DSD_git/DSD/software/hello_world_bsp/\libhal_bsp.a(alt_open.o)
 .debug_frame   0x00000844       0x34 c:/DSD/DSD_git/DSD/software/hello_world_bsp/\libhal_bsp.a(alt_release_fd.o)
 .debug_frame   0x00000878       0x64 c:/DSD/DSD_git/DSD/software/hello_world_bsp/\libhal_bsp.a(alt_tick.o)
 .debug_frame   0x000008dc       0x34 c:/DSD/DSD_git/DSD/software/hello_world_bsp/\libhal_bsp.a(altera_nios2_gen2_irq.o)
 .debug_frame   0x00000910       0x38 c:/DSD/DSD_git/DSD/software/hello_world_bsp/\libhal_bsp.a(alt_find_dev.o)
 .debug_frame   0x00000948       0x38 c:/DSD/DSD_git/DSD/software/hello_world_bsp/\libhal_bsp.a(alt_find_file.o)
 .debug_frame   0x00000980       0x34 c:/DSD/DSD_git/DSD/software/hello_world_bsp/\libhal_bsp.a(alt_get_fd.o)
 .debug_frame   0x000009b4       0x34 c:/DSD/DSD_git/DSD/software/hello_world_bsp/\libhal_bsp.a(alt_icache_flush.o)
 .debug_frame   0x000009e8       0x5c c:/DSD/DSD_git/DSD/software/hello_world_bsp/\libhal_bsp.a(alt_instruction_exception_entry.o)
 .debug_frame   0x00000a44       0x28 c:/intelfpga_lite/23.1std/nios2eds/bin/gnu/h-x86_64-mingw32/bin/../lib/gcc/nios2-elf/12.3.1/../../../../../H-x86_64-mingw32/nios2-elf/lib/mno-hw-mul\libsmallc.a(libc_a-exit.o)
 .debug_frame   0x00000a6c       0x20 c:/intelfpga_lite/23.1std/nios2eds/bin/gnu/h-x86_64-mingw32/bin/../lib/gcc/nios2-elf/12.3.1/../../../../../H-x86_64-mingw32/nios2-elf/lib/mno-hw-mul\libsmallc.a(libc_a-memcmp.o)
 .debug_frame   0x00000a8c       0x54 c:/intelfpga_lite/23.1std/nios2eds/bin/gnu/h-x86_64-mingw32/bin/../lib/gcc/nios2-elf/12.3.1/../../../../../H-x86_64-mingw32/nios2-elf/lib/mno-hw-mul\libsmallc.a(libc_a-__call_atexit.o)
 .debug_frame   0x00000ae0       0x2c c:/DSD/DSD_git/DSD/software/hello_world_bsp/\libhal_bsp.a(alt_exit.o)

.debug_str      0x00000000     0x14e9
 *(.debug_str)
 .debug_str     0x00000000       0x52 c:/DSD/DSD_git/DSD/software/hello_world_bsp//obj/HAL/src/crt0.o
                                 0x59 (size before relaxing)
 .debug_str     0x00000052       0xc7 obj/default/hello_world.o
                                0x105 (size before relaxing)
 .debug_str     0x00000119       0x9b c:/intelfpga_lite/23.1std/nios2eds/bin/gnu/h-x86_64-mingw32/bin/../lib/gcc/nios2-elf/12.3.1/mno-hw-mul\libgcc.a(lib2-mul.o)
                                 0xe6 (size before relaxing)
 .debug_str     0x000001b4      0x32a c:/intelfpga_lite/23.1std/nios2eds/bin/gnu/h-x86_64-mingw32/bin/../lib/gcc/nios2-elf/12.3.1/../../../../../H-x86_64-mingw32/nios2-elf/lib/mno-hw-mul\libsmallc.a(libc_a-printf.o)
                                0x402 (size before relaxing)
 .debug_str     0x000004de       0x14 c:/intelfpga_lite/23.1std/nios2eds/bin/gnu/h-x86_64-mingw32/bin/../lib/gcc/nios2-elf/12.3.1/../../../../../H-x86_64-mingw32/nios2-elf/lib/mno-hw-mul\libsmallc.a(libc_a-puts.o)
                                0x3b3 (size before relaxing)
 .debug_str     0x000004f2       0x14 c:/intelfpga_lite/23.1std/nios2eds/bin/gnu/h-x86_64-mingw32/bin/../lib/gcc/nios2-elf/12.3.1/../../../../../H-x86_64-mingw32/nios2-elf/lib/mno-hw-mul\libsmallc.a(libc_a-strlen.o)
                                0x114 (size before relaxing)
 .debug_str     0x000004f2        0xd c:/intelfpga_lite/23.1std/nios2eds/bin/gnu/h-x86_64-mingw32/bin/../lib/gcc/nios2-elf/12.3.1/../../../../../H-x86_64-mingw32/nios2-elf/lib/mno-hw-mul\libsmallc.a(libc_a-impure.o)
                                0x390 (size before relaxing)
 .debug_str     0x000004ff      0x298 c:/intelfpga_lite/23.1std/nios2eds/bin/gnu/h-x86_64-mingw32/bin/../lib/gcc/nios2-elf/12.3.1/../../../../../H-x86_64-mingw32/nios2-elf/lib/mno-hw-mul\libsmallc.a(libc_a-vfprintf.o)
                                0x749 (size before relaxing)
 .debug_str     0x00000797       0x25 c:/intelfpga_lite/23.1std/nios2eds/bin/gnu/h-x86_64-mingw32/bin/../lib/gcc/nios2-elf/12.3.1/../../../../../H-x86_64-mingw32/nios2-elf/lib/mno-hw-mul\libsmallc.a(libc_a-fvwrite_small_dev.o)
                                0x3bd (size before relaxing)
 .debug_str     0x000007bc       0x25 c:/intelfpga_lite/23.1std/nios2eds/bin/gnu/h-x86_64-mingw32/bin/../lib/gcc/nios2-elf/12.3.1/../../../../../H-x86_64-mingw32/nios2-elf/lib/mno-hw-mul\libsmallc.a(libc_a-writer.o)
                                0x39c (size before relaxing)
 .debug_str     0x000007bc      0x106 c:/intelfpga_lite/23.1std/nios2eds/bin/gnu/h-x86_64-mingw32/bin/../lib/gcc/nios2-elf/12.3.1/../../../../../H-x86_64-mingw32/nios2-elf/lib/mno-hw-mul\libsmallc.a(libc_a-int_errno.o)
 .debug_str     0x000007bc       0x3b c:/intelfpga_lite/23.1std/nios2eds/bin/gnu/h-x86_64-mingw32/bin/../lib/gcc/nios2-elf/12.3.1/mno-hw-mul\libgcc.a(lib2-divmod.o)
                                0x122 (size before relaxing)
 .debug_str     0x000007f7      0x108 c:/DSD/DSD_git/DSD/software/hello_world_bsp/\libhal_bsp.a(alt_load.o)
                                0x1f0 (size before relaxing)
 .debug_str     0x000008ff       0x61 c:/DSD/DSD_git/DSD/software/hello_world_bsp/\libhal_bsp.a(alt_main.o)
                                0x15a (size before relaxing)
 .debug_str     0x00000960      0x19b c:/DSD/DSD_git/DSD/software/hello_world_bsp/\libhal_bsp.a(alt_write.o)
                                0x2fd (size before relaxing)
 .debug_str     0x00000afb      0x156 c:/DSD/DSD_git/DSD/software/hello_world_bsp/\libhal_bsp.a(alt_sys_init.o)
                                0x2f9 (size before relaxing)
 .debug_str     0x00000c51       0x42 c:/DSD/DSD_git/DSD/software/hello_world_bsp/\libhal_bsp.a(altera_avalon_jtag_uart_fd.o)
                                0x287 (size before relaxing)
 .debug_str     0x00000c93       0x42 c:/DSD/DSD_git/DSD/software/hello_world_bsp/\libhal_bsp.a(altera_avalon_jtag_uart_read.o)
                                0x167 (size before relaxing)
 .debug_str     0x00000c93      0x15c c:/DSD/DSD_git/DSD/software/hello_world_bsp/\libhal_bsp.a(altera_avalon_jtag_uart_write.o)
 .debug_str     0x00000c93       0xb6 c:/DSD/DSD_git/DSD/software/hello_world_bsp/\libhal_bsp.a(altera_avalon_timer_sc.o)
                                0x1da (size before relaxing)
 .debug_str     0x00000d49       0x16 c:/DSD/DSD_git/DSD/software/hello_world_bsp/\libhal_bsp.a(alt_close.o)
                                0x1c0 (size before relaxing)
 .debug_str     0x00000d5f       0xfd c:/DSD/DSD_git/DSD/software/hello_world_bsp/\libhal_bsp.a(alt_dcache_flush_all.o)
 .debug_str     0x00000d5f       0x3e c:/DSD/DSD_git/DSD/software/hello_world_bsp/\libhal_bsp.a(alt_dev.o)
                                0x319 (size before relaxing)
 .debug_str     0x00000d9d       0x11 c:/DSD/DSD_git/DSD/software/hello_world_bsp/\libhal_bsp.a(alt_dev_llist_insert.o)
                                0x174 (size before relaxing)
 .debug_str     0x00000dae        0x8 c:/DSD/DSD_git/DSD/software/hello_world_bsp/\libhal_bsp.a(alt_errno.o)
                                 0xfa (size before relaxing)
 .debug_str     0x00000db6       0x11 c:/DSD/DSD_git/DSD/software/hello_world_bsp/\libhal_bsp.a(alt_icache_flush_all.o)
                                0x116 (size before relaxing)
 .debug_str     0x00000dc7       0x94 c:/DSD/DSD_git/DSD/software/hello_world_bsp/\libhal_bsp.a(alt_iic.o)
                                0x1f6 (size before relaxing)
 .debug_str     0x00000e5b       0x18 c:/DSD/DSD_git/DSD/software/hello_world_bsp/\libhal_bsp.a(alt_iic_isr_register.o)
                                0x1b5 (size before relaxing)
 .debug_str     0x00000e73       0x2c c:/DSD/DSD_git/DSD/software/hello_world_bsp/\libhal_bsp.a(alt_io_redirect.o)
                                0x324 (size before relaxing)
 .debug_str     0x00000e9f       0x18 c:/DSD/DSD_git/DSD/software/hello_world_bsp/\libhal_bsp.a(alt_irq_entry.o)
                                 0x53 (size before relaxing)
 .debug_str     0x00000eb7       0x20 c:/DSD/DSD_git/DSD/software/hello_world_bsp/\libhal_bsp.a(alt_irq_handler.o)
                                0x144 (size before relaxing)
 .debug_str     0x00000ed7       0x12 c:/DSD/DSD_git/DSD/software/hello_world_bsp/\libhal_bsp.a(alt_irq_vars.o)
                                 0xf3 (size before relaxing)
 .debug_str     0x00000ee9       0x42 c:/DSD/DSD_git/DSD/software/hello_world_bsp/\libhal_bsp.a(alt_open.o)
                                0x234 (size before relaxing)
 .debug_str     0x00000f2b      0x17d c:/DSD/DSD_git/DSD/software/hello_world_bsp/\libhal_bsp.a(alt_release_fd.o)
 .debug_str     0x00000f2b       0x6c c:/DSD/DSD_git/DSD/software/hello_world_bsp/\libhal_bsp.a(alt_tick.o)
                                0x1fe (size before relaxing)
 .debug_str     0x00000f97      0x103 c:/DSD/DSD_git/DSD/software/hello_world_bsp/\libhal_bsp.a(altera_nios2_gen2_irq.o)
 .debug_str     0x00000f97       0x1e c:/DSD/DSD_git/DSD/software/hello_world_bsp/\libhal_bsp.a(alt_exception_entry.o)
                                 0x59 (size before relaxing)
 .debug_str     0x00000fb5        0x7 c:/DSD/DSD_git/DSD/software/hello_world_bsp/\libhal_bsp.a(alt_find_dev.o)
                                0x1a4 (size before relaxing)
 .debug_str     0x00000fbc      0x1b1 c:/DSD/DSD_git/DSD/software/hello_world_bsp/\libhal_bsp.a(alt_find_file.o)
 .debug_str     0x00000fbc       0x10 c:/DSD/DSD_git/DSD/software/hello_world_bsp/\libhal_bsp.a(alt_get_fd.o)
                                0x1c1 (size before relaxing)
 .debug_str     0x00000fcc      0x107 c:/DSD/DSD_git/DSD/software/hello_world_bsp/\libhal_bsp.a(alt_icache_flush.o)
 .debug_str     0x00000fcc      0x461 c:/DSD/DSD_git/DSD/software/hello_world_bsp/\libhal_bsp.a(alt_instruction_exception_entry.o)
                                0x546 (size before relaxing)
 .debug_str     0x0000142d       0x26 c:/intelfpga_lite/23.1std/nios2eds/bin/gnu/h-x86_64-mingw32/bin/../lib/gcc/nios2-elf/12.3.1/../../../../../H-x86_64-mingw32/nios2-elf/lib/mno-hw-mul\libsmallc.a(libc_a-exit.o)
                                0x136 (size before relaxing)
 .debug_str     0x00001453      0x10e c:/intelfpga_lite/23.1std/nios2eds/bin/gnu/h-x86_64-mingw32/bin/../lib/gcc/nios2-elf/12.3.1/../../../../../H-x86_64-mingw32/nios2-elf/lib/mno-hw-mul\libsmallc.a(libc_a-memcmp.o)
 .debug_str     0x00001453       0x7f c:/intelfpga_lite/23.1std/nios2eds/bin/gnu/h-x86_64-mingw32/bin/../lib/gcc/nios2-elf/12.3.1/../../../../../H-x86_64-mingw32/nios2-elf/lib/mno-hw-mul\libsmallc.a(libc_a-__call_atexit.o)
                                0x1b0 (size before relaxing)
 .debug_str     0x000014d2       0x17 c:/DSD/DSD_git/DSD/software/hello_world_bsp/\libhal_bsp.a(alt_exit.o)
                                0x105 (size before relaxing)

.debug_loc
 *(.debug_loc)

.debug_macinfo
 *(.debug_macinfo)

.debug_weaknames
 *(.debug_weaknames)

.debug_funcnames
 *(.debug_funcnames)

.debug_typenames
 *(.debug_typenames)

.debug_varnames
 *(.debug_varnames)

.debug_alt_sim_info
                0x00000000       0x30
 *(.debug_alt_sim_info)
 .debug_alt_sim_info
                0x00000000       0x30 c:/DSD/DSD_git/DSD/software/hello_world_bsp//obj/HAL/src/crt0.o
                0x000c93e0                        __alt_data_end = 0xc93e0
                0x000c93e0                        PROVIDE (__alt_stack_pointer = __alt_data_end)
                [!provide]                        PROVIDE (__alt_stack_limit = __alt_stack_base)
                [!provide]                        PROVIDE (__alt_heap_start = end)
                [!provide]                        PROVIDE (__alt_heap_limit = 0xc93e0)
OUTPUT(hello_world.elf elf32-littlenios2)
LOAD linker stubs

.debug_ranges   0x00000000       0x70
 .debug_ranges  0x00000000       0x20 c:/DSD/DSD_git/DSD/software/hello_world_bsp//obj/HAL/src/crt0.o
 .debug_ranges  0x00000020       0x28 c:/DSD/DSD_git/DSD/software/hello_world_bsp/\libhal_bsp.a(alt_irq_entry.o)
 .debug_ranges  0x00000048       0x28 c:/DSD/DSD_git/DSD/software/hello_world_bsp/\libhal_bsp.a(alt_exception_entry.o)

.debug_line_str
                0x00000000      0xd72
 .debug_line_str
                0x00000000       0x8c obj/default/hello_world.o
                                 0xd0 (size before relaxing)
 .debug_line_str
                0x0000008c       0xef c:/intelfpga_lite/23.1std/nios2eds/bin/gnu/h-x86_64-mingw32/bin/../lib/gcc/nios2-elf/12.3.1/mno-hw-mul\libgcc.a(lib2-mul.o)
                                0x17e (size before relaxing)
 .debug_line_str
                0x0000017b      0x23c c:/intelfpga_lite/23.1std/nios2eds/bin/gnu/h-x86_64-mingw32/bin/../lib/gcc/nios2-elf/12.3.1/../../../../../H-x86_64-mingw32/nios2-elf/lib/mno-hw-mul\libsmallc.a(libc_a-printf.o)
                                0x2e1 (size before relaxing)
 .debug_line_str
                0x000003b7       0x3f c:/intelfpga_lite/23.1std/nios2eds/bin/gnu/h-x86_64-mingw32/bin/../lib/gcc/nios2-elf/12.3.1/../../../../../H-x86_64-mingw32/nios2-elf/lib/mno-hw-mul\libsmallc.a(libc_a-puts.o)
                                0x2d3 (size before relaxing)
 .debug_line_str
                0x000003f6       0x69 c:/intelfpga_lite/23.1std/nios2eds/bin/gnu/h-x86_64-mingw32/bin/../lib/gcc/nios2-elf/12.3.1/../../../../../H-x86_64-mingw32/nios2-elf/lib/mno-hw-mul\libsmallc.a(libc_a-strlen.o)
                                0x259 (size before relaxing)
 .debug_line_str
                0x0000045f       0x67 c:/intelfpga_lite/23.1std/nios2eds/bin/gnu/h-x86_64-mingw32/bin/../lib/gcc/nios2-elf/12.3.1/../../../../../H-x86_64-mingw32/nios2-elf/lib/mno-hw-mul\libsmallc.a(libc_a-impure.o)
                                0x25a (size before relaxing)
 .debug_line_str
                0x000004c6       0x91 c:/intelfpga_lite/23.1std/nios2eds/bin/gnu/h-x86_64-mingw32/bin/../lib/gcc/nios2-elf/12.3.1/../../../../../H-x86_64-mingw32/nios2-elf/lib/mno-hw-mul\libsmallc.a(libc_a-vfprintf.o)
                                0x33e (size before relaxing)
 .debug_line_str
                0x00000557       0x43 c:/intelfpga_lite/23.1std/nios2eds/bin/gnu/h-x86_64-mingw32/bin/../lib/gcc/nios2-elf/12.3.1/../../../../../H-x86_64-mingw32/nios2-elf/lib/mno-hw-mul\libsmallc.a(libc_a-fvwrite_small_dev.o)
                                0x2e7 (size before relaxing)
 .debug_line_str
                0x0000059a       0x41 c:/intelfpga_lite/23.1std/nios2eds/bin/gnu/h-x86_64-mingw32/bin/../lib/gcc/nios2-elf/12.3.1/../../../../../H-x86_64-mingw32/nios2-elf/lib/mno-hw-mul\libsmallc.a(libc_a-writer.o)
                                0x2cf (size before relaxing)
 .debug_line_str
                0x000005db       0x3b c:/intelfpga_lite/23.1std/nios2eds/bin/gnu/h-x86_64-mingw32/bin/../lib/gcc/nios2-elf/12.3.1/../../../../../H-x86_64-mingw32/nios2-elf/lib/mno-hw-mul\libsmallc.a(libc_a-int_errno.o)
                                0x186 (size before relaxing)
 .debug_line_str
                0x00000616       0x3d c:/intelfpga_lite/23.1std/nios2eds/bin/gnu/h-x86_64-mingw32/bin/../lib/gcc/nios2-elf/12.3.1/mno-hw-mul\libgcc.a(lib2-divmod.o)
                                0x187 (size before relaxing)
 .debug_line_str
                0x00000653       0x81 c:/DSD/DSD_git/DSD/software/hello_world_bsp/\libhal_bsp.a(alt_load.o)
                                 0xc2 (size before relaxing)
 .debug_line_str
                0x000006d4       0xdc c:/DSD/DSD_git/DSD/software/hello_world_bsp/\libhal_bsp.a(alt_main.o)
                                0x18b (size before relaxing)
 .debug_line_str
                0x000007b0      0x118 c:/DSD/DSD_git/DSD/software/hello_world_bsp/\libhal_bsp.a(alt_write.o)
                                0x243 (size before relaxing)
 .debug_line_str
                0x000008c8       0x92 c:/DSD/DSD_git/DSD/software/hello_world_bsp/\libhal_bsp.a(alt_sys_init.o)
                                0x15b (size before relaxing)
 .debug_line_str
                0x0000095a       0x35 c:/DSD/DSD_git/DSD/software/hello_world_bsp/\libhal_bsp.a(altera_avalon_jtag_uart_fd.o)
                                0x146 (size before relaxing)
 .debug_line_str
                0x0000098f       0x2b c:/DSD/DSD_git/DSD/software/hello_world_bsp/\libhal_bsp.a(altera_avalon_jtag_uart_read.o)
                                0x10b (size before relaxing)
 .debug_line_str
                0x000009ba       0x2c c:/DSD/DSD_git/DSD/software/hello_world_bsp/\libhal_bsp.a(altera_avalon_jtag_uart_write.o)
                                0x10e (size before relaxing)
 .debug_line_str
                0x000009e6       0x31 c:/DSD/DSD_git/DSD/software/hello_world_bsp/\libhal_bsp.a(altera_avalon_timer_sc.o)
                                0x110 (size before relaxing)
 .debug_line_str
                0x00000a17       0x14 c:/DSD/DSD_git/DSD/software/hello_world_bsp/\libhal_bsp.a(alt_close.o)
                                0x147 (size before relaxing)
 .debug_line_str
                0x00000a2b       0x1f c:/DSD/DSD_git/DSD/software/hello_world_bsp/\libhal_bsp.a(alt_dcache_flush_all.o)
                                 0xad (size before relaxing)
 .debug_line_str
                0x00000a4a       0x12 c:/DSD/DSD_git/DSD/software/hello_world_bsp/\libhal_bsp.a(alt_dev.o)
                                0x218 (size before relaxing)
 .debug_line_str
                0x00000a5c       0x1f c:/DSD/DSD_git/DSD/software/hello_world_bsp/\libhal_bsp.a(alt_dev_llist_insert.o)
                                 0xf0 (size before relaxing)
 .debug_line_str
                0x00000a7b       0x14 c:/DSD/DSD_git/DSD/software/hello_world_bsp/\libhal_bsp.a(alt_errno.o)
                                 0xfe (size before relaxing)
 .debug_line_str
                0x00000a8f       0x1f c:/DSD/DSD_git/DSD/software/hello_world_bsp/\libhal_bsp.a(alt_icache_flush_all.o)
                                 0xdd (size before relaxing)
 .debug_line_str
                0x00000aae       0x3a c:/DSD/DSD_git/DSD/software/hello_world_bsp/\libhal_bsp.a(alt_iic.o)