Archive member included to satisfy reference by file (symbol)

c:/intelfpga_lite/23.1std/nios2eds/bin/gnu/h-x86_64-mingw32/bin/../lib/gcc/nios2-elf/12.3.1/../../../../../H-x86_64-mingw32/nios2-elf/lib/mhw-mulx\libm.a(libm_a-s_cos.o)
                              obj/default/hello_world.o (cos)
c:/intelfpga_lite/23.1std/nios2eds/bin/gnu/h-x86_64-mingw32/bin/../lib/gcc/nios2-elf/12.3.1/../../../../../H-x86_64-mingw32/nios2-elf/lib/mhw-mulx\libm.a(libm_a-wf_fmod.o)
                              obj/default/hello_world.o (fmodf)
c:/intelfpga_lite/23.1std/nios2eds/bin/gnu/h-x86_64-mingw32/bin/../lib/gcc/nios2-elf/12.3.1/../../../../../H-x86_64-mingw32/nios2-elf/lib/mhw-mulx\libm.a(libm_a-sf_cos.o)
                              obj/default/hello_world.o (cosf)
c:/intelfpga_lite/23.1std/nios2eds/bin/gnu/h-x86_64-mingw32/bin/../lib/gcc/nios2-elf/12.3.1/../../../../../H-x86_64-mingw32/nios2-elf/lib/mhw-mulx\libm.a(libm_a-k_cos.o)
                              c:/intelfpga_lite/23.1std/nios2eds/bin/gnu/h-x86_64-mingw32/bin/../lib/gcc/nios2-elf/12.3.1/../../../../../H-x86_64-mingw32/nios2-elf/lib/mhw-mulx\libm.a(libm_a-s_cos.o) (__kernel_cos)
c:/intelfpga_lite/23.1std/nios2eds/bin/gnu/h-x86_64-mingw32/bin/../lib/gcc/nios2-elf/12.3.1/../../../../../H-x86_64-mingw32/nios2-elf/lib/mhw-mulx\libm.a(libm_a-k_sin.o)
                              c:/intelfpga_lite/23.1std/nios2eds/bin/gnu/h-x86_64-mingw32/bin/../lib/gcc/nios2-elf/12.3.1/../../../../../H-x86_64-mingw32/nios2-elf/lib/mhw-mulx\libm.a(libm_a-s_cos.o) (__kernel_sin)
c:/intelfpga_lite/23.1std/nios2eds/bin/gnu/h-x86_64-mingw32/bin/../lib/gcc/nios2-elf/12.3.1/../../../../../H-x86_64-mingw32/nios2-elf/lib/mhw-mulx\libm.a(libm_a-e_rem_pio2.o)
                              c:/intelfpga_lite/23.1std/nios2eds/bin/gnu/h-x86_64-mingw32/bin/../lib/gcc/nios2-elf/12.3.1/../../../../../H-x86_64-mingw32/nios2-elf/lib/mhw-mulx\libm.a(libm_a-s_cos.o) (__ieee754_rem_pio2)
c:/intelfpga_lite/23.1std/nios2eds/bin/gnu/h-x86_64-mingw32/bin/../lib/gcc/nios2-elf/12.3.1/../../../../../H-x86_64-mingw32/nios2-elf/lib/mhw-mulx\libm.a(libm_a-s_fabs.o)
                              c:/intelfpga_lite/23.1std/nios2eds/bin/gnu/h-x86_64-mingw32/bin/../lib/gcc/nios2-elf/12.3.1/../../../../../H-x86_64-mingw32/nios2-elf/lib/mhw-mulx\libm.a(libm_a-e_rem_pio2.o) (fabs)
c:/intelfpga_lite/23.1std/nios2eds/bin/gnu/h-x86_64-mingw32/bin/../lib/gcc/nios2-elf/12.3.1/../../../../../H-x86_64-mingw32/nios2-elf/lib/mhw-mulx\libm.a(libm_a-kf_cos.o)
                              c:/intelfpga_lite/23.1std/nios2eds/bin/gnu/h-x86_64-mingw32/bin/../lib/gcc/nios2-elf/12.3.1/../../../../../H-x86_64-mingw32/nios2-elf/lib/mhw-mulx\libm.a(libm_a-sf_cos.o) (__kernel_cosf)
c:/intelfpga_lite/23.1std/nios2eds/bin/gnu/h-x86_64-mingw32/bin/../lib/gcc/nios2-elf/12.3.1/../../../../../H-x86_64-mingw32/nios2-elf/lib/mhw-mulx\libm.a(libm_a-kf_sin.o)
                              c:/intelfpga_lite/23.1std/nios2eds/bin/gnu/h-x86_64-mingw32/bin/../lib/gcc/nios2-elf/12.3.1/../../../../../H-x86_64-mingw32/nios2-elf/lib/mhw-mulx\libm.a(libm_a-sf_cos.o) (__kernel_sinf)
c:/intelfpga_lite/23.1std/nios2eds/bin/gnu/h-x86_64-mingw32/bin/../lib/gcc/nios2-elf/12.3.1/../../../../../H-x86_64-mingw32/nios2-elf/lib/mhw-mulx\libm.a(libm_a-ef_fmod.o)
                              c:/intelfpga_lite/23.1std/nios2eds/bin/gnu/h-x86_64-mingw32/bin/../lib/gcc/nios2-elf/12.3.1/../../../../../H-x86_64-mingw32/nios2-elf/lib/mhw-mulx\libm.a(libm_a-wf_fmod.o) (__ieee754_fmodf)
c:/intelfpga_lite/23.1std/nios2eds/bin/gnu/h-x86_64-mingw32/bin/../lib/gcc/nios2-elf/12.3.1/../../../../../H-x86_64-mingw32/nios2-elf/lib/mhw-mulx\libm.a(libm_a-ef_rem_pio2.o)
                              c:/intelfpga_lite/23.1std/nios2eds/bin/gnu/h-x86_64-mingw32/bin/../lib/gcc/nios2-elf/12.3.1/../../../../../H-x86_64-mingw32/nios2-elf/lib/mhw-mulx\libm.a(libm_a-sf_cos.o) (__ieee754_rem_pio2f)
c:/intelfpga_lite/23.1std/nios2eds/bin/gnu/h-x86_64-mingw32/bin/../lib/gcc/nios2-elf/12.3.1/../../../../../H-x86_64-mingw32/nios2-elf/lib/mhw-mulx\libm.a(libm_a-sf_fabs.o)
                              c:/intelfpga_lite/23.1std/nios2eds/bin/gnu/h-x86_64-mingw32/bin/../lib/gcc/nios2-elf/12.3.1/../../../../../H-x86_64-mingw32/nios2-elf/lib/mhw-mulx\libm.a(libm_a-ef_rem_pio2.o) (fabsf)
c:/intelfpga_lite/23.1std/nios2eds/bin/gnu/h-x86_64-mingw32/bin/../lib/gcc/nios2-elf/12.3.1/../../../../../H-x86_64-mingw32/nios2-elf/lib/mhw-mulx\libm.a(libm_a-k_rem_pio2.o)
                              c:/intelfpga_lite/23.1std/nios2eds/bin/gnu/h-x86_64-mingw32/bin/../lib/gcc/nios2-elf/12.3.1/../../../../../H-x86_64-mingw32/nios2-elf/lib/mhw-mulx\libm.a(libm_a-e_rem_pio2.o) (__kernel_rem_pio2)
c:/intelfpga_lite/23.1std/nios2eds/bin/gnu/h-x86_64-mingw32/bin/../lib/gcc/nios2-elf/12.3.1/../../../../../H-x86_64-mingw32/nios2-elf/lib/mhw-mulx\libm.a(libm_a-s_floor.o)
[...]
Memory Configuration

Name             Origin             Length             Attributes
reset            0x00080000         0x00000020
onchip_mem       0x00080020         0x0005efe0
*default*        0x00000000         0xffffffff

Linker script and memory map

LOAD c:/DSD/DSD_git/DSD/software/hello_world_custom_instr_bsp//obj/HAL/src/crt0.o
LOAD obj/default/hello_world.o
LOAD c:/intelfpga_lite/23.1std/nios2eds/bin/gnu/h-x86_64-mingw32/bin/../lib/gcc/nios2-elf/12.3.1/../../../../../H-x86_64-mingw32/nios2-elf/lib/mhw-mulx\libstdc++.a
LOAD c:/intelfpga_lite/23.1std/nios2eds/bin/gnu/h-x86_64-mingw32/bin/../lib/gcc/nios2-elf/12.3.1/../../../../../H-x86_64-mingw32/nios2-elf/lib/mhw-mulx\libm.a
LOAD c:/intelfpga_lite/23.1std/nios2eds/bin/gnu/h-x86_64-mingw32/bin/../lib/gcc/nios2-elf/12.3.1/mhw-mulx\libgcc.a
START GROUP
LOAD c:/intelfpga_lite/23.1std/nios2eds/bin/gnu/h-x86_64-mingw32/bin/../lib/gcc/nios2-elf/12.3.1/../../../../../H-x86_64-mingw32/nios2-elf/lib/mhw-mulx\libc.a
LOAD c:/intelfpga_lite/23.1std/nios2eds/bin/gnu/h-x86_64-mingw32/bin/../lib/gcc/nios2-elf/12.3.1/mhw-mulx\libgcc.a
LOAD c:/DSD/DSD_git/DSD/software/hello_world_custom_instr_bsp/\libhal_bsp.a
LOAD c:/intelfpga_lite/23.1std/nios2eds/bin/gnu/h-x86_64-mingw32/bin/../lib/gcc/nios2-elf/12.3.1/../../../../../H-x86_64-mingw32/nios2-elf/lib/mhw-mulx\libm.a
END GROUP
LOAD c:/intelfpga_lite/23.1std/nios2eds/bin/gnu/h-x86_64-mingw32/bin/../lib/gcc/nios2-elf/12.3.1/mhw-mulx\libgcc.a
                0x00080000                        __alt_mem_onchip_mem = 0x80000

.entry          0x00080000       0x20
 *(.entry)
 .entry         0x00080000       0x20 c:/DSD/DSD_git/DSD/software/hello_world_custom_instr_bsp//obj/HAL/src/crt0.o
                0x00080000                __reset

.exceptions     0x00080020      0x218
                0x00080020                        PROVIDE (__ram_exceptions_start = ABSOLUTE (.))
                0x00080020                        . = ALIGN (0x20)
 *(.irq)
 *(.exceptions.entry.label)
 .exceptions.entry.label
                0x00080020        0x0 c:/DSD/DSD_git/DSD/software/hello_world_custom_instr_bsp/\libhal_bsp.a(alt_irq_entry.o)
                0x00080020                alt_irq_entry
 .exceptions.entry.label
                0x00080020        0x0 c:/DSD/DSD_git/DSD/software/hello_world_custom_instr_bsp/\libhal_bsp.a(alt_exception_entry.o)
                0x00080020                alt_exception
 *(.exceptions.entry.user)
 *(.exceptions.entry.ecc_fatal)
 *(.exceptions.entry)
 .exceptions.entry
                0x00080020       0x54 c:/DSD/DSD_git/DSD/software/hello_world_custom_instr_bsp/\libhal_bsp.a(alt_exception_entry.o)
 *(.exceptions.irqtest.user)
 *(.exceptions.irqtest)
 .exceptions.irqtest
                0x00080074       0x10 c:/DSD/DSD_git/DSD/software/hello_world_custom_instr_bsp/\libhal_bsp.a(alt_irq_entry.o)
 *(.exceptions.irqhandler.user)
 *(.exceptions.irqhandler)
 .exceptions.irqhandler
                0x00080084        0x4 c:/DSD/DSD_git/DSD/software/hello_world_custom_instr_bsp/\libhal_bsp.a(alt_irq_entry.o)
 *(.exceptions.irqreturn.user)
 *(.exceptions.irqreturn)
 .exceptions.irqreturn
                0x00080088        0x4 c:/DSD/DSD_git/DSD/software/hello_world_custom_instr_bsp/\libhal_bsp.a(alt_irq_entry.o)
 *(.exceptions.notirq.label)
 .exceptions.notirq.label
                0x0008008c        0x0 c:/DSD/DSD_git/DSD/software/hello_world_custom_instr_bsp/\libhal_bsp.a(alt_irq_entry.o)
 *(.exceptions.notirq.user)
 *(.exceptions.notirq)
 .exceptions.notirq
                0x0008008c        0x8 c:/DSD/DSD_git/DSD/software/hello_world_custom_instr_bsp/\libhal_bsp.a(alt_exception_entry.o)
 *(.exceptions.soft.user)
 *(.exceptions.soft)
 *(.exceptions.unknown.user)
 *(.exceptions.unknown)
 .exceptions.unknown
                0x00080094       0x14 c:/DSD/DSD_git/DSD/software/hello_world_custom_instr_bsp/\libhal_bsp.a(alt_exception_entry.o)
 *(.exceptions.exit.label)
 .exceptions.exit.label
                0x000800a8        0x0 c:/DSD/DSD_git/DSD/software/hello_world_custom_instr_bsp/\libhal_bsp.a(alt_irq_entry.o)
 .exceptions.exit.label
                0x000800a8        0x0 c:/DSD/DSD_git/DSD/software/hello_world_custom_instr_bsp/\libhal_bsp.a(alt_exception_entry.o)
 *(.exceptions.exit.user)
 *(.exceptions.exit)
 .exceptions.exit
                0x000800a8       0x54 c:/DSD/DSD_git/DSD/software/hello_world_custom_instr_bsp/\libhal_bsp.a(alt_exception_entry.o)
 *(.exceptions)
 .exceptions    0x000800fc       0xc8 c:/DSD/DSD_git/DSD/software/hello_world_custom_instr_bsp/\libhal_bsp.a(alt_irq_handler.o)
                0x000800fc                alt_irq_handler
 .exceptions    0x000801c4       0x74 c:/DSD/DSD_git/DSD/software/hello_world_custom_instr_bsp/\libhal_bsp.a(alt_instruction_exception_entry.o)
                0x000801c4                alt_instruction_exception_entry
                0x00080238                        PROVIDE (__ram_exceptions_end = ABSOLUTE (.))
                0x00080020                        PROVIDE (__flash_exceptions_start = LOADADDR (.exceptions))

.text           0x00080238    0x154f0
                [!provide]                        PROVIDE (stext = ABSOLUTE (.))
 *(.interp)
 *(.hash)
 *(.dynsym)
 *(.dynstr)
 *(.gnu.version)
 *(.gnu.version_d)
 *(.gnu.version_r)
 *(.rel.init)
 *(.rela.init)
 *(.rel.text .rel.text.* .rel.gnu.linkonce.t.*)
 *(.rela.text .rela.text.* .rela.gnu.linkonce.t.*)
 *(.rel.fini)
 *(.rela.fini)
 *(.rel.rodata .rel.rodata.* .rel.gnu.linkonce.r.*)
 *(.rela.rodata .rela.rodata.* .rela.gnu.linkonce.r.*)
 *(.rel.data .rel.data.* .rel.gnu.linkonce.d.*)
 *(.rela.data .rela.data.* .rela.gnu.linkonce.d.*)
 *(.rel.tdata .rel.tdata.* .rel.gnu.linkonce.td.*)
 *(.rela.tdata .rela.tdata.* .rela.gnu.linkonce.td.*)
 *(.rel.tbss .rel.tbss.* .rel.gnu.linkonce.tb.*)
 *(.rela.tbss .rela.tbss.* .rela.gnu.linkonce.tb.*)
 *(.rel.ctors)
 *(.rela.ctors)
 *(.rel.dtors)
 *(.rela.dtors)
 *(.rel.got)
 *(.rela.got)
 *(.rel.sdata .rel.sdata.* .rel.gnu.linkonce.s.*)
 *(.rela.sdata .rela.sdata.* .rela.gnu.linkonce.s.*)
 *(.rel.sbss .rel.sbss.* .rel.gnu.linkonce.sb.*)
 *(.rela.sbss .rela.sbss.* .rela.gnu.linkonce.sb.*)
 *(.rel.sdata2 .rel.sdata2.* .rel.gnu.linkonce.s2.*)
 *(.rela.sdata2 .rela.sdata2.* .rela.gnu.linkonce.s2.*)
 *(.rel.sbss2 .rel.sbss2.* .rel.gnu.linkonce.sb2.*)
 *(.rela.sbss2 .rela.sbss2.* .rela.gnu.linkonce.sb2.*)
 *(.rel.bss .rel.bss.* .rel.gnu.linkonce.b.*)
 *(.rela.bss .rela.bss.* .rela.gnu.linkonce.b.*)
 *(.rel.plt)
 *(.rela.plt)
 *(.rel.dyn)
 *(.init)
 *(.plt)
 *(.text .stub .text.* .gnu.linkonce.t.*)
 .text          0x00080238       0x4c c:/DSD/DSD_git/DSD/software/hello_world_custom_instr_bsp//obj/HAL/src/crt0.o
                0x00080238                _start
 .text          0x00080284     0x10c0 obj/default/hello_world.o
                0x00080314                init_cos_lut
                0x000803b8                lookup_cos
                0x000805d8                calculateSoftwareFunctionTask6
                0x000807c0                calculateFunctionTask6
                0x00080998                calculateFunctionTask6Cosf
                0x00080b44                calculateFunctionTask6_LUT
                0x00080cf0                taylor_cos
                0x00080dd4                calculateFunctionTask6_Taylor
                0x00080f88                generateVector
                0x00081038                main
 .text          0x00081344        0x0 c:/intelfpga_lite/23.1std/nios2eds/bin/gnu/h-x86_64-mingw32/bin/../lib/gcc/nios2-elf/12.3.1/../../../../../H-x86_64-mingw32/nios2-elf/lib/mhw-mulx\libm.a(libm_a-s_cos.o)
 .text.cos      0x00081344       0xdc c:/intelfpga_lite/23.1std/nios2eds/bin/gnu/h-x86_64-mingw32/bin/../lib/gcc/nios2-elf/12.3.1/../../../../../H-x86_64-mingw32/nios2-elf/lib/mhw-mulx\libm.a(libm_a-s_cos.o)
                0x00081344                cos
 .text          0x00081420        0x0 c:/intelfpga_lite/23.1std/nios2eds/bin/gnu/h-x86_64-mingw32/bin/../lib/gcc/nios2-elf/12.3.1/../../../../../H-x86_64-mingw32/nios2-elf/lib/mhw-mulx\libm.a(libm_a-wf_fmod.o)
 .text.fmodf    0x00081420       0x7c c:/intelfpga_lite/23.1std/nios2eds/bin/gnu/h-x86_64-mingw32/bin/../lib/gcc/nios2-elf/12.3.1/../../../../../H-x86_64-mingw32/nios2-elf/lib/mhw-mulx\libm.a(libm_a-wf_fmod.o)
                0x00081420                fmodf
 .text          0x0008149c        0x0 c:/intelfpga_lite/23.1std/nios2eds/bin/gnu/h-x86_64-mingw32/bin/../lib/gcc/nios2-elf/12.3.1/../../../../../H-x86_64-mingw32/nios2-elf/lib/mhw-mulx\libm.a(libm_a-sf_cos.o)
 .text.cosf     0x0008149c       0xb0 c:/intelfpga_lite/23.1std/nios2eds/bin/gnu/h-x86_64-mingw32/bin/../lib/gcc/nios2-elf/12.3.1/../../../../../H-x86_64-mingw32/nios2-elf/lib/mhw-mulx\libm.a(libm_a-sf_cos.o)
                0x0008149c                cosf
 .text          0x0008154c        0x0 c:/intelfpga_lite/23.1std/nios2eds/bin/gnu/h-x86_64-mingw32/bin/../lib/gcc/nios2-elf/12.3.1/../../../../../H-x86_64-mingw32/nios2-elf/lib/mhw-mulx\libm.a(libm_a-k_cos.o)
 .text.__kernel_cos
                0x0008154c      0x2c8 c:/intelfpga_lite/23.1std/nios2eds/bin/gnu/h-x86_64-mingw32/bin/../lib/gcc/nios2-elf/12.3.1/../../../../../H-x86_64-mingw32/nios2-elf/lib/mhw-mulx\libm.a(libm_a-k_cos.o)
                0x0008154c                __kernel_cos
 .text          0x00081814        0x0 c:/intelfpga_lite/23.1std/nios2eds/bin/gnu/h-x86_64-mingw32/bin/../lib/gcc/nios2-elf/12.3.1/../../../../../H-x86_64-mingw32/nios2-elf/lib/mhw-mulx\libm.a(libm_a-k_sin.o)
 .text.__kernel_sin
                0x00081814      0x2c4 c:/intelfpga_lite/23.1std/nios2eds/bin/gnu/h-x86_64-mingw32/bin/../lib/gcc/nios2-elf/12.3.1/../../../../../H-x86_64-mingw32/nios2-elf/lib/mhw-mulx\libm.a(libm_a-k_sin.o)
                0x00081814                __kernel_sin
 .text          0x00081ad8        0x0 c:/intelfpga_lite/23.1std/nios2eds/bin/gnu/h-x86_64-mingw32/bin/../lib/gcc/nios2-elf/12.3.1/../../../../../H-x86_64-mingw32/nios2-elf/lib/mhw-mulx\libm.a(libm_a-e_rem_pio2.o)
 .text.__ieee754_rem_pio2
                0x00081ad8      0x6dc c:/intelfpga_lite/23.1std/nios2eds/bin/gnu/h-x86_64-mingw32/bin/../lib/gcc/nios2-elf/12.3.1/../../../../../H-x86_64-mingw32/nios2-elf/lib/mhw-mulx\libm.a(libm_a-e_rem_pio2.o)
                0x00081ad8                __ieee754_rem_pio2
 .text          0x000821b4        0x0 c:/intelfpga_lite/23.1std/nios2eds/bin/gnu/h-x86_64-mingw32/bin/../lib/gcc/nios2-elf/12.3.1/../../../../../H-x86_64-mingw32/nios2-elf/lib/mhw-mulx\libm.a(libm_a-s_fabs.o)
 .text.fabs     0x000821b4       0x14 c:/intelfpga_lite/23.1std/nios2eds/bin/gnu/h-x86_64-mingw32/bin/../lib/gcc/nios2-elf/12.3.1/../../../../../H-x86_64-mingw32/nios2-elf/lib/mhw-mulx\libm.a(libm_a-s_fabs.o)
                0x000821b4                fabs
 .text          0x000821c8        0x0 c:/intelfpga_lite/23.1std/nios2eds/bin/gnu/h-x86_64-mingw32/bin/../lib/gcc/nios2-elf/12.3.1/../../../../../H-x86_64-mingw32/nios2-elf/lib/mhw-mulx\libm.a(libm_a-kf_cos.o)
 .text.__kernel_cosf
                0x000821c8      0x1c0 c:/intelfpga_lite/23.1std/nios2eds/bin/gnu/h-x86_64-mingw32/bin/../lib/gcc/nios2-elf/12.3.1/../../../../../H-x86_64-mingw32/nios2-elf/lib/mhw-mulx\libm.a(libm_a-kf_cos.o)
                0x000821c8                __kernel_cosf
 .text          0x00082388        0x0 c:/intelfpga_lite/23.1std/nios2eds/bin/gnu/h-x86_64-mingw32/bin/../lib/gcc/nios2-elf/12.3.1/../../../../../H-x86_64-mingw32/nios2-elf/lib/mhw-mulx\libm.a(libm_a-kf_sin.o)
 .text.__kernel_sinf
                0x00082388      0x1b4 c:/intelfpga_lite/23.1std/nios2eds/bin/gnu/h-x86_64-mingw32/bin/../lib/gcc/nios2-elf/12.3.1/../../../../../H-x86_64-mingw32/nios2-elf/lib/mhw-mulx\libm.a(libm_a-kf_sin.o)
                0x00082388                __kernel_sinf
 .text          0x0008253c        0x0 c:/intelfpga_lite/23.1std/nios2eds/bin/gnu/h-x86_64-mingw32/bin/../lib/gcc/nios2-elf/12.3.1/../../../../../H-x86_64-mingw32/nios2-elf/lib/mhw-mulx\libm.a(libm_a-ef_fmod.o)
 .text.__ieee754_fmodf
                0x0008253c      0x190 c:/intelfpga_lite/23.1std/nios2eds/bin/gnu/h-x86_64-mingw32/bin/../lib/gcc/nios2-elf/12.3.1/../../../../../H-x86_64-mingw32/nios2-elf/lib/mhw-mulx\libm.a(libm_a-ef_fmod.o)
                0x0008253c                __ieee754_fmodf
 .text          0x000826cc        0x0 c:/intelfpga_lite/23.1std/nios2eds/bin/gnu/h-x86_64-mingw32/bin/../lib/gcc/nios2-elf/12.3.1/../../../../../H-x86_64-mingw32/nios2-elf/lib/mhw-mulx\libm.a(libm_a-ef_rem_pio2.o)
 .text.__ieee754_rem_pio2f
                0x000826cc      0x4f0 c:/intelfpga_lite/23.1std/nios2eds/bin/gnu/h-x86_64-mingw32/bin/../lib/gcc/nios2-elf/12.3.1/../../../../../H-x86_64-mingw32/nios2-elf/lib/mhw-mulx\libm.a(libm_a-ef_rem_pio2.o)
                0x000826cc                __ieee754_rem_pio2f
 .text          0x00082bbc        0x0 c:/intelfpga_lite/23.1std/nios2eds/bin/gnu/h-x86_64-mingw32/bin/../lib/gcc/nios2-elf/12.3.1/../../../../../H-x86_64-mingw32/nios2-elf/lib/mhw-mulx\libm.a(libm_a-sf_fabs.o)
 .text.fabsf    0x00082bbc       0x10 c:/intelfpga_lite/23.1std/nios2eds/bin/gnu/h-x86_64-mingw32/bin/../lib/gcc/nios2-elf/12.3.1/../../../../../H-x86_64-mingw32/nios2-elf/lib/mhw-mulx\libm.a(libm_a-sf_fabs.o)
                0x00082bbc                fabsf
 .text          0x00082bcc        0x0 c:/intelfpga_lite/23.1std/nios2eds/bin/gnu/h-x86_64-mingw32/bin/../lib/gcc/nios2-elf/12.3.1/../../../../../H-x86_64-mingw32/nios2-elf/lib/mhw-mulx\libm.a(libm_a-k_rem_pio2.o)
 .text.__kernel_rem_pio2
                0x00082bcc      0xb2c c:/intelfpga_lite/23.1std/nios2eds/bin/gnu/h-x86_64-mingw32/bin/../lib/gcc/nios2-elf/12.3.1/../../../../../H-x86_64-mingw32/nios2-elf/lib/mhw-mulx\libm.a(libm_a-k_rem_pio2.o)
                0x00082bcc                __kernel_rem_pio2
 .text          0x000836f8        0x0 c:/intelfpga_lite/23.1std/nios2eds/bin/gnu/h-x86_64-mingw32/bin/../lib/gcc/nios2-elf/12.3.1/../../../../../H-x86_64-mingw32/nios2-elf/lib/mhw-mulx\libm.a(libm_a-s_floor.o)
 .text.floor    0x000836f8      0x1d0 c:/intelfpga_lite/23.1std/nios2eds/bin/gnu/h-x86_64-mingw32/bin/../lib/gcc/nios2-elf/12.3.1/../../../../../H-x86_64-mingw32/nios2-elf/lib/mhw-mulx\libm.a(libm_a-s_floor.o)
                0x000836f8                floor
 .text          0x000838c8        0x0 c:/intelfpga_lite/23.1std/nios2eds/bin/gnu/h-x86_64-mingw32/bin/../lib/gcc/nios2-elf/12.3.1/../../../../../H-x86_64-mingw32/nios2-elf/lib/mhw-mulx\libm.a(libm_a-kf_rem_pio2.o)
 .text.__kernel_rem_pio2f
                0x000838c8      0x928 c:/intelfpga_lite/23.1std/nios2eds/bin/gnu/h-x86_64-mingw32/bin/../lib/gcc/nios2-elf/12.3.1/../../../../../H-x86_64-mingw32/nios2-elf/lib/mhw-mulx\libm.a(libm_a-kf_rem_pio2.o)
                0x000838c8                __kernel_rem_pio2f
 .text          0x000841f0        0x0 c:/intelfpga_lite/23.1std/nios2eds/bin/gnu/h-x86_64-mingw32/bin/../lib/gcc/nios2-elf/12.3.1/../../../../../H-x86_64-mingw32/nios2-elf/lib/mhw-mulx\libm.a(libm_a-sf_floor.o)
 .text.floorf   0x000841f0       0xf0 c:/intelfpga_lite/23.1std/nios2eds/bin/gnu/h-x86_64-mingw32/bin/../lib/gcc/nios2-elf/12.3.1/../../../../../H-x86_64-mingw32/nios2-elf/lib/mhw-mulx\libm.a(libm_a-sf_floor.o)
                0x000841f0                floorf
 .text          0x000842e0        0x0 c:/intelfpga_lite/23.1std/nios2eds/bin/gnu/h-x86_64-mingw32/bin/../lib/gcc/nios2-elf/12.3.1/../../../../../H-x86_64-mingw32/nios2-elf/lib/mhw-mulx\libm.a(libm_a-s_scalbn.o)
 .text.scalbn   0x000842e0      0x164 c:/intelfpga_lite/23.1std/nios2eds/bin/gnu/h-x86_64-mingw32/bin/../lib/gcc/nios2-elf/12.3.1/../../../../../H-x86_64-mingw32/nios2-elf/lib/mhw-mulx\libm.a(libm_a-s_scalbn.o)
                0x000842e0                scalbn
 .text          0x00084444        0x0 c:/intelfpga_lite/23.1std/nios2eds/bin/gnu/h-x86_64-mingw32/bin/../lib/gcc/nios2-elf/12.3.1/../../../../../H-x86_64-mingw32/nios2-elf/lib/mhw-mulx\libm.a(libm_a-sf_scalbn.o)
 .text.scalbnf  0x00084444      0x120 c:/intelfpga_lite/23.1std/nios2eds/bin/gnu/h-x86_64-mingw32/bin/../lib/gcc/nios2-elf/12.3.1/../../../../../H-x86_64-mingw32/nios2-elf/lib/mhw-mulx\libm.a(libm_a-sf_scalbn.o)
                0x00084444                scalbnf
 .text          0x00084564      0x1b4 c:/intelfpga_lite/23.1std/nios2eds/bin/gnu/h-x86_64-mingw32/bin/../lib/gcc/nios2-elf/12.3.1/mhw-mulx\libgcc.a(lib2-divmod.o)
                0x00084564                __divsi3
                0x000845e4                __modsi3
                0x00084658                __udivsi3
                0x000846bc                __umodsi3
 .text          0x00084718      0x494 c:/intelfpga_lite/23.1std/nios2eds/bin/gnu/h-x86_64-mingw32/bin/../lib/gcc/nios2-elf/12.3.1/mhw-mulx\libgcc.a(addsf3.o)
                0x00084718                __addsf3
 .text          0x00084bac      0x418 c:/intelfpga_lite/23.1std/nios2eds/bin/gnu/h-x86_64-mingw32/bin/../lib/gcc/nios2-elf/12.3.1/mhw-mulx\libgcc.a(divsf3.o)
                0x00084bac                __divsf3
 .text          0x00084fc4       0x78 c:/intelfpga_lite/23.1std/nios2eds/bin/gnu/h-x86_64-mingw32/bin/../lib/gcc/nios2-elf/12.3.1/mhw-mulx\libgcc.a(eqsf2.o)
                0x00084fc4                __eqsf2
                0x00084fc4                __nesf2
 .text          0x0008503c       0xd4 c:/intelfpga_lite/23.1std/nios2eds/bin/gnu/h-x86_64-mingw32/bin/../lib/gcc/nios2-elf/12.3.1/mhw-mulx\libgcc.a(gesf2.o)
                0x0008503c                __gesf2
                0x0008503c                __gtsf2
 .text          0x00085110       0xd0 c:/intelfpga_lite/23.1std/nios2eds/bin/gnu/h-x86_64-mingw32/bin/../lib/gcc/nios2-elf/12.3.1/mhw-mulx\libgcc.a(lesf2.o)
                0x00085110                __ltsf2
                0x00085110                __lesf2
 .text          0x000851e0      0x3e8 c:/intelfpga_lite/23.1std/nios2eds/bin/gnu/h-x86_64-mingw32/bin/../lib/gcc/nios2-elf/12.3.1/mhw-mulx\libgcc.a(mulsf3.o)
                0x000851e0                __mulsf3
 .text          0x000855c8      0x524 c:/intelfpga_lite/23.1std/nios2eds/bin/gnu/h-x86_64-mingw32/bin/../lib/gcc/nios2-elf/12.3.1/mhw-mulx\libgcc.a(subsf3.o)
                0x000855c8                __subsf3
 .text          0x00085aec       0x4c c:/intelfpga_lite/23.1std/nios2eds/bin/gnu/h-x86_64-mingw32/bin/../lib/gcc/nios2-elf/12.3.1/mhw-mulx\libgcc.a(unordsf2.o)
                0x00085aec                __unordsf2
 .text          0x00085b38       0x70 c:/intelfpga_lite/23.1std/nios2eds/bin/gnu/h-x86_64-mingw32/bin/../lib/gcc/nios2-elf/12.3.1/mhw-mulx\libgcc.a(fixsfsi.o)
                0x00085b38                __fixsfsi
 .text          0x00085ba8      0x128 c:/intelfpga_lite/23.1std/nios2eds/bin/gnu/h-x86_64-mingw32/bin/../lib/gcc/nios2-elf/12.3.1/mhw-mulx\libgcc.a(floatsisf.o)
                0x00085ba8                __floatsisf
 .text          0x00085cd0      0x10c c:/intelfpga_lite/23.1std/nios2eds/bin/gnu/h-x86_64-mingw32/bin/../lib/gcc/nios2-elf/12.3.1/mhw-mulx\libgcc.a(floatunsisf.o)
                0x00085cd0                __floatunsisf
 .text          0x00085ddc      0x904 c:/intelfpga_lite/23.1std/nios2eds/bin/gnu/h-x86_64-mingw32/bin/../lib/gcc/nios2-elf/12.3.1/mhw-mulx\libgcc.a(adddf3.o)
                0x00085ddc                __adddf3
 .text          0x000866e0       0x94 c:/intelfpga_lite/23.1std/nios2eds/bin/gnu/h-x86_64-mingw32/bin/../lib/gcc/nios2-elf/12.3.1/mhw-mulx\libgcc.a(eqdf2.o)
                0x000866e0                __nedf2
                0x000866e0                __eqdf2
 .text          0x00086774       0xfc c:/intelfpga_lite/23.1std/nios2eds/bin/gnu/h-x86_64-mingw32/bin/../lib/gcc/nios2-elf/12.3.1/mhw-mulx\libgcc.a(gedf2.o)
                0x00086774                __gedf2
                0x00086774                __gtdf2
 .text          0x00086870      0x6d8 c:/intelfpga_lite/23.1std/nios2eds/bin/gnu/h-x86_64-mingw32/bin/../lib/gcc/nios2-elf/12.3.1/mhw-mulx\libgcc.a(muldf3.o)
                0x00086870                __muldf3
 .text          0x00086f48      0x99c c:/intelfpga_lite/23.1std/nios2eds/bin/gnu/h-x86_64-mingw32/bin/../lib/gcc/nios2-elf/12.3.1/mhw-mulx\libgcc.a(subdf3.o)
                0x00086f48                __subdf3
 .text          0x000878e4       0x80 c:/intelfpga_lite/23.1std/nios2eds/bin/gnu/h-x86_64-mingw32/bin/../lib/gcc/nios2-elf/12.3.1/mhw-mulx\libgcc.a(fixdfsi.o)
                0x000878e4                __fixdfsi
 .text          0x00087964       0xb8 c:/intelfpga_lite/23.1std/nios2eds/bin/gnu/h-x86_64-mingw32/bin/../lib/gcc/nios2-elf/12.3.1/mhw-mulx\libgcc.a(floatsidf.o)
                0x00087964                __floatsidf
 .text          0x00087a1c       0xfc c:/intelfpga_lite/23.1std/nios2eds/bin/gnu/h-x86_64-mingw32/bin/../lib/gcc/nios2-elf/12.3.1/mhw-mulx\libgcc.a(extendsfdf2.o)
                0x00087a1c                __extendsfdf2
 .text          0x00087b18      0x194 c:/intelfpga_lite/23.1std/nios2eds/bin/gnu/h-x86_64-mingw32/bin/../lib/gcc/nios2-elf/12.3.1/mhw-mulx\libgcc.a(truncdfsf2.o)
                0x00087b18                __truncdfsf2
 .text          0x00087cac       0x50 c:/intelfpga_lite/23.1std/nios2eds/bin/gnu/h-x86_64-mingw32/bin/../lib/gcc/nios2-elf/12.3.1/mhw-mulx\libgcc.a(_clzsi2.o)
                0x00087cac                __clzsi2
 .text          0x00087cfc        0x0 c:/intelfpga_lite/23.1std/nios2eds/bin/gnu/h-x86_64-mingw32/bin/../lib/gcc/nios2-elf/12.3.1/mhw-mulx\libgcc.a(_clz.o)
 .text          0x00087cfc        0x0 c:/intelfpga_lite/23.1std/nios2eds/bin/gnu/h-x86_64-mingw32/bin/../lib/gcc/nios2-elf/12.3.1/../../../../../H-x86_64-mingw32/nios2-elf/lib/mhw-mulx\libc.a(libc_a-printf.o)
 .text._printf_r
                0x00087cfc       0x30 c:/intelfpga_lite/23.1std/nios2eds/bin/gnu/h-x86_64-mingw32/bin/../lib/gcc/nios2-elf/12.3.1/../../../../../H-x86_64-mingw32/nios2-elf/lib/mhw-mulx\libc.a(libc_a-printf.o)
                0x00087cfc                _printf_r
 .text.printf   0x00087d2c       0x38 c:/intelfpga_lite/23.1std/nios2eds/bin/gnu/h-x86_64-mingw32/bin/../lib/gcc/nios2-elf/12.3.1/../../../../../H-x86_64-mingw32/nios2-elf/lib/mhw-mulx\libc.a(libc_a-printf.o)
                0x00087d2c                printf
 .text          0x00087d64        0x0 c:/intelfpga_lite/23.1std/nios2eds/bin/gnu/h-x86_64-mingw32/bin/../lib/gcc/nios2-elf/12.3.1/../../../../../H-x86_64-mingw32/nios2-elf/lib/mhw-mulx\libc.a(libc_a-impure.o)
 .text          0x00087d64        0x0 c:/intelfpga_lite/23.1std/nios2eds/bin/gnu/h-x86_64-mingw32/bin/../lib/gcc/nios2-elf/12.3.1/../../../../../H-x86_64-mingw32/nios2-elf/lib/mhw-mulx\libc.a(libc_a-errno.o)
 .text.__errno  0x00087d64        0xc c:/intelfpga_lite/23.1std/nios2eds/bin/gnu/h-x86_64-mingw32/bin/../lib/gcc/nios2-elf/12.3.1/../../../../../H-x86_64-mingw32/nios2-elf/lib/mhw-mulx\libc.a(libc_a-errno.o)
                0x00087d64                __errno
 .text          0x00087d70        0x0 c:/intelfpga_lite/23.1std/nios2eds/bin/gnu/h-x86_64-mingw32/bin/../lib/gcc/nios2-elf/12.3.1/../../../../../H-x86_64-mingw32/nios2-elf/lib/mhw-mulx\libc.a(libc_a-vfprintf.o)
 .text.___vfprintf_internal_r
                0x00087d70     0x2300 c:/intelfpga_lite/23.1std/nios2eds/bin/gnu/h-x86_64-mingw32/bin/../lib/gcc/nios2-elf/12.3.1/../../../../../H-x86_64-mingw32/nios2-elf/lib/mhw-mulx\libc.a(libc_a-vfprintf.o)
                0x00087d70                ___vfprintf_internal_r
 .text.__vfprintf_internal
                0x0008a070       0x1c c:/intelfpga_lite/23.1std/nios2eds/bin/gnu/h-x86_64-mingw32/bin/../lib/gcc/nios2-elf/12.3.1/../../../../../H-x86_64-mingw32/nios2-elf/lib/mhw-mulx\libc.a(libc_a-vfprintf.o)
                0x0008a070                __vfprintf_internal
 .text.__sbprintf
                0x0008a08c       0xc4 c:/intelfpga_lite/23.1std/nios2eds/bin/gnu/h-x86_64-mingw32/bin/../lib/gcc/nios2-elf/12.3.1/../../../../../H-x86_64-mingw32/nios2-elf/lib/mhw-mulx\libc.a(libc_a-vfprintf.o)
 .text          0x0008a150        0x0 c:/intelfpga_lite/23.1std/nios2eds/bin/gnu/h-x86_64-mingw32/bin/../lib/gcc/nios2-elf/12.3.1/../../../../../H-x86_64-mingw32/nios2-elf/lib/mhw-mulx\libc.a(libc_a-vfiprintf.o)
 .text.__sprint_r.part.0
                0x0008a150       0xf4 c:/intelfpga_lite/23.1std/nios2eds/bin/gnu/h-x86_64-mingw32/bin/../lib/gcc/nios2-elf/12.3.1/../../../../../H-x86_64-mingw32/nios2-elf/lib/mhw-mulx\libc.a(libc_a-vfiprintf.o)
 .text.__sprint_r
                0x0008a244       0x18 c:/intelfpga_lite/23.1std/nios2eds/bin/gnu/h-x86_64-mingw32/bin/../lib/gcc/nios2-elf/12.3.1/../../../../../H-x86_64-mingw32/nios2-elf/lib/mhw-mulx\libc.a(libc_a-vfiprintf.o)
                0x0008a244                __sprint_r
 .text.___vfiprintf_internal_r
                0x0008a25c     0x128c c:/intelfpga_lite/23.1std/nios2eds/bin/gnu/h-x86_64-mingw32/bin/../lib/gcc/nios2-elf/12.3.1/../../../../../H-x86_64-mingw32/nios2-elf/lib/mhw-mulx\libc.a(libc_a-vfiprintf.o)
                0x0008a25c                ___vfiprintf_internal_r
 .text.__vfiprintf_internal
                0x0008b4e8       0x1c c:/intelfpga_lite/23.1std/nios2eds/bin/gnu/h-x86_64-mingw32/bin/../lib/gcc/nios2-elf/12.3.1/../../../../../H-x86_64-mingw32/nios2-elf/lib/mhw-mulx\libc.a(libc_a-vfiprintf.o)
                0x0008b4e8                __vfiprintf_internal
 .text.__sbprintf
                0x0008b504       0xc4 c:/intelfpga_lite/23.1std/nios2eds/bin/gnu/h-x86_64-mingw32/bin/../lib/gcc/nios2-elf/12.3.1/../../../../../H-x86_64-mingw32/nios2-elf/lib/mhw-mulx\libc.a(libc_a-vfiprintf.o)
 .text          0x0008b5c8        0x0 c:/intelfpga_lite/23.1std/nios2eds/bin/gnu/h-x86_64-mingw32/bin/../lib/gcc/nios2-elf/12.3.1/../../../../../H-x86_64-mingw32/nios2-elf/lib/mhw-mulx\libc.a(libc_a-fflush.o)
 .text.__sflush_r
                0x0008b5c8      0x208 c:/intelfpga_lite/23.1std/nios2eds/bin/gnu/h-x86_64-mingw32/bin/../lib/gcc/nios2-elf/12.3.1/../../../../../H-x86_64-mingw32/nios2-elf/lib/mhw-mulx\libc.a(libc_a-fflush.o)
                0x0008b5c8                __sflush_r
 .text._fflush_r
                0x0008b7d0       0x5c c:/intelfpga_lite/23.1std/nios2eds/bin/gnu/h-x86_64-mingw32/bin/../lib/gcc/nios2-elf/12.3.1/../../../../../H-x86_64-mingw32/nios2-elf/lib/mhw-mulx\libc.a(libc_a-fflush.o)
                0x0008b7d0                _fflush_r
 .text.fflush   0x0008b82c       0x8c c:/intelfpga_lite/23.1std/nios2eds/bin/gnu/h-x86_64-mingw32/bin/../lib/gcc/nios2-elf/12.3.1/../../../../../H-x86_64-mingw32/nios2-elf/lib/mhw-mulx\libc.a(libc_a-fflush.o)
                0x0008b82c                fflush
 .text          0x0008b8b8        0x0 c:/intelfpga_lite/23.1std/nios2eds/bin/gnu/h-x86_64-mingw32/bin/../lib/gcc/nios2-elf/12.3.1/../../../../../H-x86_64-mingw32/nios2-elf/lib/mhw-mulx\libc.a(libc_a-findfp.o)
 .text.__fp_lock
                0x0008b8b8        0x8 c:/intelfpga_lite/23.1std/nios2eds/bin/gnu/h-x86_64-mingw32/bin/../lib/gcc/nios2-elf/12.3.1/../../../../../H-x86_64-mingw32/nios2-elf/lib/mhw-mulx\libc.a(libc_a-findfp.o)
 .text.stdio_exit_handler
                0x0008b8c0       0x1c c:/intelfpga_lite/23.1std/nios2eds/bin/gnu/h-x86_64-mingw32/bin/../lib/gcc/nios2-elf/12.3.1/../../../../../H-x86_64-mingw32/nios2-elf/lib/mhw-mulx\libc.a(libc_a-findfp.o)
 .text.cleanup_stdio
                0x0008b8dc       0x70 c:/intelfpga_lite/23.1std/nios2eds/bin/gnu/h-x86_64-mingw32/bin/../lib/gcc/nios2-elf/12.3.1/../../../../../H-x86_64-mingw32/nios2-elf/lib/mhw-mulx\libc.a(libc_a-findfp.o)
 .text.__fp_unlock
                0x0008b94c        0x8 c:/intelfpga_lite/23.1std/nios2eds/bin/gnu/h-x86_64-mingw32/bin/../lib/gcc/nios2-elf/12.3.1/../../../../../H-x86_64-mingw32/nios2-elf/lib/mhw-mulx\libc.a(libc_a-findfp.o)
 .text.global_stdio_init.part.0
                0x0008b954      0x174 c:/intelfpga_lite/23.1std/nios2eds/bin/gnu/h-x86_64-mingw32/bin/../lib/gcc/nios2-elf/12.3.1/../../../../../H-x86_64-mingw32/nios2-elf/lib/mhw-mulx\libc.a(libc_a-findfp.o)
 .text.__sfp    0x0008bac8      0x120 c:/intelfpga_lite/23.1std/nios2eds/bin/gnu/h-x86_64-mingw32/bin/../lib/gcc/nios2-elf/12.3.1/../../../../../H-x86_64-mingw32/nios2-elf/lib/mhw-mulx\libc.a(libc_a-findfp.o)
                0x0008bac8                __sfp
 .text.__sinit  0x0008bbe8       0x28 c:/intelfpga_lite/23.1std/nios2eds/bin/gnu/h-x86_64-mingw32/bin/../lib/gcc/nios2-elf/12.3.1/../../../../../H-x86_64-mingw32/nios2-elf/lib/mhw-mulx\libc.a(libc_a-findfp.o)
                0x0008bbe8                __sinit
 .text.__sfp_lock_acquire
                0x0008bc10        0x4 c:/intelfpga_lite/23.1std/nios2eds/bin/gnu/h-x86_64-mingw32/bin/../lib/gcc/nios2-elf/12.3.1/../../../../../H-x86_64-mingw32/nios2-elf/lib/mhw-mulx\libc.a(libc_a-findfp.o)
                0x0008bc10                __sfp_lock_acquire
 .text.__sfp_lock_release
                0x0008bc14        0x4 c:/intelfpga_lite/23.1std/nios2eds/bin/gnu/h-x86_64-mingw32/bin/../lib/gcc/nios2-elf/12.3.1/../../../../../H-x86_64-mingw32/nios2-elf/lib/mhw-mulx\libc.a(libc_a-findfp.o)
                0x0008bc14                __sfp_lock_release
 .text.__fp_lock_all
                0x0008bc18       0x18 c:/intelfpga_lite/23.1std/nios2eds/bin/gnu/h-x86_64-mingw32/bin/../lib/gcc/nios2-elf/12.3.1/../../../../../H-x86_64-mingw32/nios2-elf/lib/mhw-mulx\libc.a(libc_a-findfp.o)
                0x0008bc18                __fp_lock_all
 .text.__fp_unlock_all
                0x0008bc30       0x18 c:/intelfpga_lite/23.1std/nios2eds/bin/gnu/h-x86_64-mingw32/bin/../lib/gcc/nios2-elf/12.3.1/../../../../../H-x86_64-mingw32/nios2-elf/lib/mhw-mulx\libc.a(libc_a-findfp.o)
                0x0008bc30                __fp_unlock_all
 .text          0x0008bc48        0x0 c:/intelfpga_lite/23.1std/nios2eds/bin/gnu/h-x86_64-mingw32/bin/../lib/gcc/nios2-elf/12.3.1/../../../../../H-x86_64-mingw32/nios2-elf/lib/mhw-mulx\libc.a(libc_a-fvwrite.o)
 .text.__sfvwrite_r
                0x0008bc48      0x49c c:/intelfpga_lite/23.1std/nios2eds/bin/gnu/h-x86_64-mingw32/bin/../lib/gcc/nios2-elf/12.3.1/../../../../../H-x86_64-mingw32/nios2-elf/lib/mhw-mulx\libc.a(libc_a-fvwrite.o)
                0x0008bc48                __sfvwrite_r
 .text          0x0008c0e4        0x0 c:/intelfpga_lite/23.1std/nios2eds/bin/gnu/h-x86_64-mingw32/bin/../lib/gcc/nios2-elf/12.3.1/../../../../../H-x86_64-mingw32/nios2-elf/lib/mhw-mulx\libc.a(libc_a-fwalk.o)
 .text._fwalk_sglue
                0x0008c0e4       0xa8 c:/intelfpga_lite/23.1std/nios2eds/bin/gnu/h-x86_64-mingw32/bin/../lib/gcc/nios2-elf/12.3.1/../../../../../H-x86_64-mingw32/nios2-elf/lib/mhw-mulx\libc.a(libc_a-fwalk.o)
                0x0008c0e4                _fwalk_sglue
 .text          0x0008c18c        0x0 c:/intelfpga_lite/23.1std/nios2eds/bin/gnu/h-x86_64-mingw32/bin/../lib/gcc/nios2-elf/12.3.1/../../../../../H-x86_64-mingw32/nios2-elf/lib/mhw-mulx\libc.a(libc_a-stdio.o)
 .text.__sread  0x0008c18c       0x54 c:/intelfpga_lite/23.1std/nios2eds/bin/gnu/h-x86_64-mingw32/bin/../lib/gcc/nios2-elf/12.3.1/../../../../../H-x86_64-mingw32/nios2-elf/lib/mhw-mulx\libc.a(libc_a-stdio.o)
                0x0008c18c                __sread
 .text.__seofread
                0x0008c1e0        0x8 c:/intelfpga_lite/23.1std/nios2eds/bin/gnu/h-x86_64-mingw32/bin/../lib/gcc/nios2-elf/12.3.1/../../../../../H-x86_64-mingw32/nios2-elf/lib/mhw-mulx\libc.a(libc_a-stdio.o)
                0x0008c1e0                __seofread
 .text.__swrite
                0x0008c1e8       0x80 c:/intelfpga_lite/23.1std/nios2eds/bin/gnu/h-x86_64-mingw32/bin/../lib/gcc/nios2-elf/12.3.1/../../../../../H-x86_64-mingw32/nios2-elf/lib/mhw-mulx\libc.a(libc_a-stdio.o)
                0x0008c1e8                __swrite
 .text.__sseek  0x0008c268       0x5c c:/intelfpga_lite/23.1std/nios2eds/bin/gnu/h-x86_64-mingw32/bin/../lib/gcc/nios2-elf/12.3.1/../../../../../H-x86_64-mingw32/nios2-elf/lib/mhw-mulx\libc.a(libc_a-stdio.o)
                0x0008c268                __sseek
 .text.__sclose
                0x0008c2c4        0x8 c:/intelfpga_lite/23.1std/nios2eds/bin/gnu/h-x86_64-mingw32/bin/../lib/gcc/nios2-elf/12.3.1/../../../../../H-x86_64-mingw32/nios2-elf/lib/mhw-mulx\libc.a(libc_a-stdio.o)
                0x0008c2c4                __sclose
 .text          0x0008c2cc        0x0 c:/intelfpga_lite/23.1std/nios2eds/bin/gnu/h-x86_64-mingw32/bin/../lib/gcc/nios2-elf/12.3.1/../../../../../H-x86_64-mingw32/nios2-elf/lib/mhw-mulx\libc.a(libc_a-wsetup.o)
 .text.__swsetup_r
                0x0008c2cc      0x144 c:/intelfpga_lite/23.1std/nios2eds/bin/gnu/h-x86_64-mingw32/bin/../lib/gcc/nios2-elf/12.3.1/../../../../../H-x86_64-mingw32/nios2-elf/lib/mhw-mulx\libc.a(libc_a-wsetup.o)
                0x0008c2cc                __swsetup_r
 .text          0x0008c410        0x0 c:/intelfpga_lite/23.1std/nios2eds/bin/gnu/h-x86_64-mingw32/bin/../lib/gcc/nios2-elf/12.3.1/../../../../../H-x86_64-mingw32/nios2-elf/lib/mhw-mulx\libc.a(libc_a-fputwc.o)
 .text.__fputwc
                0x0008c410      0x164 c:/intelfpga_lite/23.1std/nios2eds/bin/gnu/h-x86_64-mingw32/bin/../lib/gcc/nios2-elf/12.3.1/../../../../../H-x86_64-mingw32/nios2-elf/lib/mhw-mulx\libc.a(libc_a-fputwc.o)
                0x0008c410                __fputwc
 .text._fputwc_r
                0x0008c574       0x24 c:/intelfpga_lite/23.1std/nios2eds/bin/gnu/h-x86_64-mingw32/bin/../lib/gcc/nios2-elf/12.3.1/../../../../../H-x86_64-mingw32/nios2-elf/lib/mhw-mulx\libc.a(libc_a-fputwc.o)
                0x0008c574                _fputwc_r
 .text.fputwc   0x0008c598       0x78 c:/intelfpga_lite/23.1std/nios2eds/bin/gnu/h-x86_64-mingw32/bin/../lib/gcc/nios2-elf/12.3.1/../../../../../H-x86_64-mingw32/nios2-elf/lib/mhw-mulx\libc.a(libc_a-fputwc.o)
                0x0008c598                fputwc
 .text          0x0008c610        0x0 c:/intelfpga_lite/23.1std/nios2eds/bin/gnu/h-x86_64-mingw32/bin/../lib/gcc/nios2-elf/12.3.1/../../../../../H-x86_64-mingw32/nios2-elf/lib/mhw-mulx\libc.a(libc_a-memchr.o)
 .text.memchr   0x0008c610       0xd0 c:/intelfpga_lite/23.1std/nios2eds/bin/gnu/h-x86_64-mingw32/bin/../lib/gcc/nios2-elf/12.3.1/../../../../../H-x86_64-mingw32/nios2-elf/lib/mhw-mulx\libc.a(libc_a-memchr.o)
                0x0008c610                memchr
 .text          0x0008c6e0        0x0 c:/intelfpga_lite/23.1std/nios2eds/bin/gnu/h-x86_64-mingw32/bin/../lib/gcc/nios2-elf/12.3.1/../../../../../H-x86_64-mingw32/nios2-elf/lib/mhw-mulx\libc.a(libc_a-memcpy.o)
 .text.memcpy   0x0008c6e0      0x100 c:/intelfpga_lite/23.1std/nios2eds/bin/gnu/h-x86_64-mingw32/bin/../lib/gcc/nios2-elf/12.3.1/../../../../../H-x86_64-mingw32/nios2-elf/lib/mhw-mulx\libc.a(libc_a-memcpy.o)
                0x0008c6e0                memcpy
 .text          0x0008c7e0        0x0 c:/intelfpga_lite/23.1std/nios2eds/bin/gnu/h-x86_64-mingw32/bin/../lib/gcc/nios2-elf/12.3.1/../../../../../H-x86_64-mingw32/nios2-elf/lib/mhw-mulx\libc.a(libc_a-memmove.o)
 .text.memmove  0x0008c7e0      0x128 c:/intelfpga_lite/23.1std/nios2eds/bin/gnu/h-x86_64-mingw32/bin/../lib/gcc/nios2-elf/12.3.1/../../../../../H-x86_64-mingw32/nios2-elf/lib/mhw-mulx\libc.a(libc_a-memmove.o)
                0x0008c7e0                memmove
 .text          0x0008c908        0x0 c:/intelfpga_lite/23.1std/nios2eds/bin/gnu/h-x86_64-mingw32/bin/../lib/gcc/nios2-elf/12.3.1/../../../../../H-x86_64-mingw32/nios2-elf/lib/mhw-mulx\libc.a(libc_a-memset.o)
 .text.memset   0x0008c908       0xf8 c:/intelfpga_lite/23.1std/nios2eds/bin/gnu/h-x86_64-mingw32/bin/../lib/gcc/nios2-elf/12.3.1/../../../../../H-x86_64-mingw32/nios2-elf/lib/mhw-mulx\libc.a(libc_a-memset.o)
                0x0008c908                memset
 .text          0x0008ca00        0x0 c:/intelfpga_lite/23.1std/nios2eds/bin/gnu/h-x86_64-mingw32/bin/../lib/gcc/nios2-elf/12.3.1/../../../../../H-x86_64-mingw32/nios2-elf/lib/mhw-mulx\libc.a(libc_a-strlen.o)
 .text.strlen   0x0008ca00       0x98 c:/intelfpga_lite/23.1std/nios2eds/bin/gnu/h-x86_64-mingw32/bin/../lib/gcc/nios2-elf/12.3.1/../../../../../H-x86_64-mingw32/nios2-elf/lib/mhw-mulx\libc.a(libc_a-strlen.o)
                0x0008ca00                strlen
 .text          0x0008ca98        0x0 c:/intelfpga_lite/23.1std/nios2eds/bin/gnu/h-x86_64-mingw32/bin/../lib/gcc/nios2-elf/12.3.1/../../../../../H-x86_64-mingw32/nios2-elf/lib/mhw-mulx\libc.a(libc_a-locale.o)
 .text._setlocale_r
                0x0008ca98       0x7c c:/intelfpga_lite/23.1std/nios2eds/bin/gnu/h-x86_64-mingw32/bin/../lib/gcc/nios2-elf/12.3.1/../../../../../H-x86_64-mingw32/nios2-elf/lib/mhw-mulx\libc.a(libc_a-locale.o)
                0x0008ca98                _setlocale_r
 .text.__locale_mb_cur_max
                0x0008cb14        0xc c:/intelfpga_lite/23.1std/nios2eds/bin/gnu/h-x86_64-mingw32/bin/../lib/gcc/nios2-elf/12.3.1/../../../../../H-x86_64-mingw32/nios2-elf/lib/mhw-mulx\libc.a(libc_a-locale.o)
                0x0008cb14                __locale_mb_cur_max
 .text.setlocale
                0x0008cb20       0x7c c:/intelfpga_lite/23.1std/nios2eds/bin/gnu/h-x86_64-mingw32/bin/../lib/gcc/nios2-elf/12.3.1/../../../../../H-x86_64-mingw32/nios2-elf/lib/mhw-mulx\libc.a(libc_a-locale.o)
                0x0008cb20                setlocale
 .text          0x0008cb9c        0x0 c:/intelfpga_lite/23.1std/nios2eds/bin/gnu/h-x86_64-mingw32/bin/../lib/gcc/nios2-elf/12.3.1/../../../../../H-x86_64-mingw32/nios2-elf/lib/mhw-mulx\libc.a(libc_a-localeconv.o)
 .text.__localeconv_l
                0x0008cb9c        0x8 c:/intelfpga_lite/23.1std/nios2eds/bin/gnu/h-x86_64-mingw32/bin/../lib/gcc/nios2-elf/12.3.1/../../../../../H-x86_64-mingw32/nios2-elf/lib/mhw-mulx\libc.a(libc_a-localeconv.o)
                0x0008cb9c                __localeconv_l
 .text._localeconv_r
                0x0008cba4        0xc c:/intelfpga_lite/23.1std/nios2eds/bin/gnu/h-x86_64-mingw32/bin/../lib/gcc/nios2-elf/12.3.1/../../../../../H-x86_64-mingw32/nios2-elf/lib/mhw-mulx\libc.a(libc_a-localeconv.o)
                0x0008cba4                _localeconv_r
 .text.localeconv
                0x0008cbb0        0xc c:/intelfpga_lite/23.1std/nios2eds/bin/gnu/h-x86_64-mingw32/bin/../lib/gcc/nios2-elf/12.3.1/../../../../../H-x86_64-mingw32/nios2-elf/lib/mhw-mulx\libc.a(libc_a-localeconv.o)
                0x0008cbb0                localeconv
 .text          0x0008cbbc        0x0 c:/intelfpga_lite/23.1std/nios2eds/bin/gnu/h-x86_64-mingw32/bin/../lib/gcc/nios2-elf/12.3.1/../../../../../H-x86_64-mingw32/nios2-elf/lib/mhw-mulx\libc.a(libc_a-closer.o)
 .text._close_r
                0x0008cbbc       0x58 c:/intelfpga_lite/23.1std/nios2eds/bin/gnu/h-x86_64-mingw32/bin/../lib/gcc/nios2-elf/12.3.1/../../../../../H-x86_64-mingw32/nios2-elf/lib/mhw-mulx\libc.a(libc_a-closer.o)
                0x0008cbbc                _close_r
 .text          0x0008cc14        0x0 c:/intelfpga_lite/23.1std/nios2eds/bin/gnu/h-x86_64-mingw32/bin/../lib/gcc/nios2-elf/12.3.1/../../../../../H-x86_64-mingw32/nios2-elf/lib/mhw-mulx\libc.a(libc_a-reent.o)
 .text._reclaim_reent
                0x0008cc14       0xc8 c:/intelfpga_lite/23.1std/nios2eds/bin/gnu/h-x86_64-mingw32/bin/../lib/gcc/nios2-elf/12.3.1/../../../../../H-x86_64-mingw32/nios2-elf/lib/mhw-mulx\libc.a(libc_a-reent.o)
                0x0008cc14                _reclaim_reent
 .text          0x0008ccdc        0x0 c:/intelfpga_lite/23.1std/nios2eds/bin/gnu/h-x86_64-mingw32/bin/../lib/gcc/nios2-elf/12.3.1/../../../../../H-x86_64-mingw32/nios2-elf/lib/mhw-mulx\libc.a(libc_a-lseekr.o)
 .text._lseek_r
                0x0008ccdc       0x64 c:/intelfpga_lite/23.1std/nios2eds/bin/gnu/h-x86_64-mingw32/bin/../lib/gcc/nios2-elf/12.3.1/../../../../../H-x86_64-mingw32/nios2-elf/lib/mhw-mulx\libc.a(libc_a-lseekr.o)
                0x0008ccdc                _lseek_r
 .text          0x0008cd40        0x0 c:/intelfpga_lite/23.1std/nios2eds/bin/gnu/h-x86_64-mingw32/bin/../lib/gcc/nios2-elf/12.3.1/../../../../../H-x86_64-mingw32/nios2-elf/lib/mhw-mulx\libc.a(libc_a-readr.o)
 .text._read_r  0x0008cd40       0x64 c:/intelfpga_lite/23.1std/nios2eds/bin/gnu/h-x86_64-mingw32/bin/../lib/gcc/nios2-elf/12.3.1/../../../../../H-x86_64-mingw32/nios2-elf/lib/mhw-mulx\libc.a(libc_a-readr.o)
                0x0008cd40                _read_r
 .text          0x0008cda4        0x0 c:/intelfpga_lite/23.1std/nios2eds/bin/gnu/h-x86_64-mingw32/bin/../lib/gcc/nios2-elf/12.3.1/../../../../../H-x86_64-mingw32/nios2-elf/lib/mhw-mulx\libc.a(libc_a-writer.o)
 .text._write_r
                0x0008cda4       0x64 c:/intelfpga_lite/23.1std/nios2eds/bin/gnu/h-x86_64-mingw32/bin/../lib/gcc/nios2-elf/12.3.1/../../../../../H-x86_64-mingw32/nios2-elf/lib/mhw-mulx\libc.a(libc_a-writer.o)
                0x0008cda4                _write_r
 .text          0x0008ce08        0x0 c:/intelfpga_lite/23.1std/nios2eds/bin/gnu/h-x86_64-mingw32/bin/../lib/gcc/nios2-elf/12.3.1/../../../../../H-x86_64-mingw32/nios2-elf/lib/mhw-mulx\libc.a(libc_a-dtoa.o)
 .text.quorem   0x0008ce08      0x1fc c:/intelfpga_lite/23.1std/nios2eds/bin/gnu/h-x86_64-mingw32/bin/../lib/gcc/nios2-elf/12.3.1/../../../../../H-x86_64-mingw32/nios2-elf/lib/mhw-mulx\libc.a(libc_a-dtoa.o)
 .text._dtoa_r  0x0008d004     0x17e8 c:/intelfpga_lite/23.1std/nios2eds/bin/gnu/h-x86_64-mingw32/bin/../lib/gcc/nios2-elf/12.3.1/../../../../../H-x86_64-mingw32/nios2-elf/lib/mhw-mulx\libc.a(libc_a-dtoa.o)
                0x0008d004                _dtoa_r
 .text          0x0008e7ec        0x0 c:/intelfpga_lite/23.1std/nios2eds/bin/gnu/h-x86_64-mingw32/bin/../lib/gcc/nios2-elf/12.3.1/../../../../../H-x86_64-mingw32/nios2-elf/lib/mhw-mulx\libc.a(libc_a-exit.o)
 .text.exit     0x0008e7ec       0x30 c:/intelfpga_lite/23.1std/nios2eds/bin/gnu/h-x86_64-mingw32/bin/../lib/gcc/nios2-elf/12.3.1/../../../../../H-x86_64-mingw32/nios2-elf/lib/mhw-mulx\libc.a(libc_a-exit.o)
                0x0008e7ec                exit
 .text          0x0008e81c        0x0 c:/intelfpga_lite/23.1std/nios2eds/bin/gnu/h-x86_64-mingw32/bin/../lib/gcc/nios2-elf/12.3.1/../../../../../H-x86_64-mingw32/nios2-elf/lib/mhw-mulx\libc.a(libc_a-freer.o)
 .text._malloc_trim_r
                0x0008e81c      0x124 c:/intelfpga_lite/23.1std/nios2eds/bin/gnu/h-x86_64-mingw32/bin/../lib/gcc/nios2-elf/12.3.1/../../../../../H-x86_64-mingw32/nios2-elf/lib/mhw-mulx\libc.a(libc_a-freer.o)
                0x0008e81c                _malloc_trim_r
 .text._free_r  0x0008e940      0x308 c:/intelfpga_lite/23.1std/nios2eds/bin/gnu/h-x86_64-mingw32/bin/../lib/gcc/nios2-elf/12.3.1/../../../../../H-x86_64-mingw32/nios2-elf/lib/mhw-mulx\libc.a(libc_a-freer.o)
                0x0008e940                _free_r
 .text          0x0008ec48        0x0 c:/intelfpga_lite/23.1std/nios2eds/bin/gnu/h-x86_64-mingw32/bin/../lib/gcc/nios2-elf/12.3.1/../../../../../H-x86_64-mingw32/nios2-elf/lib/mhw-mulx\libc.a(libc_a-mallocr.o)
 .text._malloc_r
                0x0008ec48      0x7c8 c:/intelfpga_lite/23.1std/nios2eds/bin/gnu/h-x86_64-mingw32/bin/../lib/gcc/nios2-elf/12.3.1/../../../../../H-x86_64-mingw32/nios2-elf/lib/mhw-mulx\libc.a(libc_a-mallocr.o)
                0x0008ec48                _malloc_r
 .text          0x0008f410        0x0 c:/intelfpga_lite/23.1std/nios2eds/bin/gnu/h-x86_64-mingw32/bin/../lib/gcc/nios2-elf/12.3.1/../../../../../H-x86_64-mingw32/nios2-elf/lib/mhw-mulx\libc.a(libc_a-mbtowc_r.o)
 .text._mbtowc_r
                0x0008f410        0xc c:/intelfpga_lite/23.1std/nios2eds/bin/gnu/h-x86_64-mingw32/bin/../lib/gcc/nios2-elf/12.3.1/../../../../../H-x86_64-mingw32/nios2-elf/lib/mhw-mulx\libc.a(libc_a-mbtowc_r.o)
                0x0008f410                _mbtowc_r
 .text.__ascii_mbtowc
                0x0008f41c       0x44 c:/intelfpga_lite/23.1std/nios2eds/bin/gnu/h-x86_64-mingw32/bin/../lib/gcc/nios2-elf/12.3.1/../../../../../H-x86_64-mingw32/nios2-elf/lib/mhw-mulx\libc.a(libc_a-mbtowc_r.o)
                0x0008f41c                __ascii_mbtowc
 .text          0x0008f460        0x0 c:/intelfpga_lite/23.1std/nios2eds/bin/gnu/h-x86_64-mingw32/bin/../lib/gcc/nios2-elf/12.3.1/../../../../../H-x86_64-mingw32/nios2-elf/lib/mhw-mulx\libc.a(libc_a-mprec.o)
 .text._Balloc  0x0008f460       0xa4 c:/intelfpga_lite/23.1std/nios2eds/bin/gnu/h-x86_64-mingw32/bin/../lib/gcc/nios2-elf/12.3.1/../../../../../H-x86_64-mingw32/nios2-elf/lib/mhw-mulx\libc.a(libc_a-mprec.o)
                0x0008f460                _Balloc
 .text._Bfree   0x0008f504       0x24 c:/intelfpga_lite/23.1std/nios2eds/bin/gnu/h-x86_64-mingw32/bin/../lib/gcc/nios2-elf/12.3.1/../../../../../H-x86_64-mingw32/nios2-elf/lib/mhw-mulx\libc.a(libc_a-mprec.o)
                0x0008f504                _Bfree
 .text.__multadd
                0x0008f528      0x130 c:/intelfpga_lite/23.1std/nios2eds/bin/gnu/h-x86_64-mingw32/bin/../lib/gcc/nios2-elf/12.3.1/../../../../../H-x86_64-mingw32/nios2-elf/lib/mhw-mulx\libc.a(libc_a-mprec.o)
                0x0008f528                __multadd
 .text.__s2b    0x0008f658      0x138 c:/intelfpga_lite/23.1std/nios2eds/bin/gnu/h-x86_64-mingw32/bin/../lib/gcc/nios2-elf/12.3.1/../../../../../H-x86_64-mingw32/nios2-elf/lib/mhw-mulx\libc.a(libc_a-mprec.o)
                0x0008f658                __s2b
 .text.__hi0bits
                0x0008f790       0x74 c:/intelfpga_lite/23.1std/nios2eds/bin/gnu/h-x86_64-mingw32/bin/../lib/gcc/nios2-elf/12.3.1/../../../../../H-x86_64-mingw32/nios2-elf/lib/mhw-mulx\libc.a(libc_a-mprec.o)
                0x0008f790                __hi0bits
 .text.__lo0bits
                0x0008f804       0xb0 c:/intelfpga_lite/23.1std/nios2eds/bin/gnu/h-x86_64-mingw32/bin/../lib/gcc/nios2-elf/12.3.1/../../../../../H-x86_64-mingw32/nios2-elf/lib/mhw-mulx\libc.a(libc_a-mprec.o)
                0x0008f804                __lo0bits
 .text.__i2b    0x0008f8b4       0xb0 c:/intelfpga_lite/23.1std/nios2eds/bin/gnu/h-x86_64-mingw32/bin/../lib/gcc/nios2-elf/12.3.1/../../../../../H-x86_64-mingw32/nios2-elf/lib/mhw-mulx\libc.a(libc_a-mprec.o)
                0x0008f8b4                __i2b
 .text.__multiply
                0x0008f964      0x22c c:/intelfpga_lite/23.1std/nios2eds/bin/gnu/h-x86_64-mingw32/bin/../lib/gcc/nios2-elf/12.3.1/../../../../../H-x86_64-mingw32/nios2-elf/lib/mhw-mulx\libc.a(libc_a-mprec.o)
                0x0008f964                __multiply
 .text.__pow5mult
                0x0008fb90      0x140 c:/intelfpga_lite/23.1std/nios2eds/bin/gnu/h-x86_64-mingw32/bin/../lib/gcc/nios2-elf/12.3.1/../../../../../H-x86_64-mingw32/nios2-elf/lib/mhw-mulx\libc.a(libc_a-mprec.o)
                0x0008fb90                __pow5mult
 .text.__lshift
                0x0008fcd0      0x188 c:/intelfpga_lite/23.1std/nios2eds/bin/gnu/h-x86_64-mingw32/bin/../lib/gcc/nios2-elf/12.3.1/../../../../../H-x86_64-mingw32/nios2-elf/lib/mhw-mulx\libc.a(libc_a-mprec.o)
                0x0008fcd0                __lshift
 .text.__mcmp   0x0008fe58       0x58 c:/intelfpga_lite/23.1std/nios2eds/bin/gnu/h-x86_64-mingw32/bin/../lib/gcc/nios2-elf/12.3.1/../../../../../H-x86_64-mingw32/nios2-elf/lib/mhw-mulx\libc.a(libc_a-mprec.o)
                0x0008fe58                __mcmp
 .text.__mdiff  0x0008feb0      0x230 c:/intelfpga_lite/23.1std/nios2eds/bin/gnu/h-x86_64-mingw32/bin/../lib/gcc/nios2-elf/12.3.1/../../../../../H-x86_64-mingw32/nios2-elf/lib/mhw-mulx\libc.a(libc_a-mprec.o)
                0x0008feb0                __mdiff
 .text.__ulp    0x000900e0       0x60 c:/intelfpga_lite/23.1std/nios2eds/bin/gnu/h-x86_64-mingw32/bin/../lib/gcc/nios2-elf/12.3.1/../../../../../H-x86_64-mingw32/nios2-elf/lib/mhw-mulx\libc.a(libc_a-mprec.o)
                0x000900e0                __ulp
 .text.__b2d    0x00090140      0x100 c:/intelfpga_lite/23.1std/nios2eds/bin/gnu/h-x86_64-mingw32/bin/../lib/gcc/nios2-elf/12.3.1/../../../../../H-x86_64-mingw32/nios2-elf/lib/mhw-mulx\libc.a(libc_a-mprec.o)
                0x00090140                __b2d
 .text.__d2b    0x00090240      0x158 c:/intelfpga_lite/23.1std/nios2eds/bin/gnu/h-x86_64-mingw32/bin/../lib/gcc/nios2-elf/12.3.1/../../../../../H-x86_64-mingw32/nios2-elf/lib/mhw-mulx\libc.a(libc_a-mprec.o)
                0x00090240                __d2b
 .text.__ratio  0x00090398       0xa8 c:/intelfpga_lite/23.1std/nios2eds/bin/gnu/h-x86_64-mingw32/bin/../lib/gcc/nios2-elf/12.3.1/../../../../../H-x86_64-mingw32/nios2-elf/lib/mhw-mulx\libc.a(libc_a-mprec.o)
                0x00090398                __ratio
 .text._mprec_log10
                0x00090440       0x70 c:/intelfpga_lite/23.1std/nios2eds/bin/gnu/h-x86_64-mingw32/bin/../lib/gcc/nios2-elf/12.3.1/../../../../../H-x86_64-mingw32/nios2-elf/lib/mhw-mulx\libc.a(libc_a-mprec.o)
                0x00090440                _mprec_log10
 .text.__copybits
                0x000904b0       0x6c c:/intelfpga_lite/23.1std/nios2eds/bin/gnu/h-x86_64-mingw32/bin/../lib/gcc/nios2-elf/12.3.1/../../../../../H-x86_64-mingw32/nios2-elf/lib/mhw-mulx\libc.a(libc_a-mprec.o)
                0x000904b0                __copybits
 .text.__any_on
                0x0009051c       0x60 c:/intelfpga_lite/23.1std/nios2eds/bin/gnu/h-x86_64-mingw32/bin/../lib/gcc/nios2-elf/12.3.1/../../../../../H-x86_64-mingw32/nios2-elf/lib/mhw-mulx\libc.a(libc_a-mprec.o)
                0x0009051c                __any_on
 .text          0x0009057c        0x0 c:/intelfpga_lite/23.1std/nios2eds/bin/gnu/h-x86_64-mingw32/bin/../lib/gcc/nios2-elf/12.3.1/../../../../../H-x86_64-mingw32/nios2-elf/lib/mhw-mulx\libc.a(libc_a-reallocr.o)
 .text._realloc_r
                0x0009057c      0x5ec c:/intelfpga_lite/23.1std/nios2eds/bin/gnu/h-x86_64-mingw32/bin/../lib/gcc/nios2-elf/12.3.1/../../../../../H-x86_64-mingw32/nios2-elf/lib/mhw-mulx\libc.a(libc_a-reallocr.o)
                0x0009057c                _realloc_r
 .text          0x00090b68        0x0 c:/intelfpga_lite/23.1std/nios2eds/bin/gnu/h-x86_64-mingw32/bin/../lib/gcc/nios2-elf/12.3.1/../../../../../H-x86_64-mingw32/nios2-elf/lib/mhw-mulx\libc.a(libc_a-wctomb_r.o)
 .text._wctomb_r
                0x00090b68        0xc c:/intelfpga_lite/23.1std/nios2eds/bin/gnu/h-x86_64-mingw32/bin/../lib/gcc/nios2-elf/12.3.1/../../../../../H-x86_64-mingw32/nios2-elf/lib/mhw-mulx\libc.a(libc_a-wctomb_r.o)
                0x00090b68                _wctomb_r
 .text.__ascii_wctomb
                0x00090b74       0x30 c:/intelfpga_lite/23.1std/nios2eds/bin/gnu/h-x86_64-mingw32/bin/../lib/gcc/nios2-elf/12.3.1/../../../../../H-x86_64-mingw32/nios2-elf/lib/mhw-mulx\libc.a(libc_a-wctomb_r.o)
                0x00090b74                __ascii_wctomb
 .text          0x00090ba4        0x0 c:/intelfpga_lite/23.1std/nios2eds/bin/gnu/h-x86_64-mingw32/bin/../lib/gcc/nios2-elf/12.3.1/../../../../../H-x86_64-mingw32/nios2-elf/lib/mhw-mulx\libc.a(libc_a-wcrtomb.o)
 .text._wcrtomb_r
                0x00090ba4       0x6c c:/intelfpga_lite/23.1std/nios2eds/bin/gnu/h-x86_64-mingw32/bin/../lib/gcc/nios2-elf/12.3.1/../../../../../H-x86_64-mingw32/nios2-elf/lib/mhw-mulx\libc.a(libc_a-wcrtomb.o)
                0x00090ba4                _wcrtomb_r
 .text.wcrtomb  0x00090c10       0x88 c:/intelfpga_lite/23.1std/nios2eds/bin/gnu/h-x86_64-mingw32/bin/../lib/gcc/nios2-elf/12.3.1/../../../../../H-x86_64-mingw32/nios2-elf/lib/mhw-mulx\libc.a(libc_a-wcrtomb.o)
                0x00090c10                wcrtomb
 .text          0x00090c98        0x0 c:/intelfpga_lite/23.1std/nios2eds/bin/gnu/h-x86_64-mingw32/bin/../lib/gcc/nios2-elf/12.3.1/../../../../../H-x86_64-mingw32/nios2-elf/lib/mhw-mulx\libc.a(libc_a-ctype_.o)
 .text          0x00090c98        0x0 c:/intelfpga_lite/23.1std/nios2eds/bin/gnu/h-x86_64-mingw32/bin/../lib/gcc/nios2-elf/12.3.1/../../../../../H-x86_64-mingw32/nios2-elf/lib/mhw-mulx\libc.a(libc_a-fclose.o)
 .text._fclose_r
                0x00090c98       0xf0 c:/intelfpga_lite/23.1std/nios2eds/bin/gnu/h-x86_64-mingw32/bin/../lib/gcc/nios2-elf/12.3.1/../../../../../H-x86_64-mingw32/nios2-elf/lib/mhw-mulx\libc.a(libc_a-fclose.o)
                0x00090c98                _fclose_r
 .text.fclose   0x00090d88       0x10 c:/intelfpga_lite/23.1std/nios2eds/bin/gnu/h-x86_64-mingw32/bin/../lib/gcc/nios2-elf/12.3.1/../../../../../H-x86_64-mingw32/nios2-elf/lib/mhw-mulx\libc.a(libc_a-fclose.o)
                0x00090d88                fclose
 .text          0x00090d98        0x0 c:/intelfpga_lite/23.1std/nios2eds/bin/gnu/h-x86_64-mingw32/bin/../lib/gcc/nios2-elf/12.3.1/../../../../../H-x86_64-mingw32/nios2-elf/lib/mhw-mulx\libc.a(libc_a-makebuf.o)
 .text.__smakebuf_r
                0x00090d98      0x1a8 c:/intelfpga_lite/23.1std/nios2eds/bin/gnu/h-x86_64-mingw32/bin/../lib/gcc/nios2-elf/12.3.1/../../../../../H-x86_64-mingw32/nios2-elf/lib/mhw-mulx\libc.a(libc_a-makebuf.o)
                0x00090d98                __smakebuf_r
 .text.__swhatbuf_r
                0x00090f40       0x8c c:/intelfpga_lite/23.1std/nios2eds/bin/gnu/h-x86_64-mingw32/bin/../lib/gcc/nios2-elf/12.3.1/../../../../../H-x86_64-mingw32/nios2-elf/lib/mhw-mulx\libc.a(libc_a-makebuf.o)
                0x00090f40                __swhatbuf_r
 .text          0x00090fcc        0x0 c:/intelfpga_lite/23.1std/nios2eds/bin/gnu/h-x86_64-mingw32/bin/../lib/gcc/nios2-elf/12.3.1/../../../../../H-x86_64-mingw32/nios2-elf/lib/mhw-mulx\libc.a(libc_a-wbuf.o)
 .text.__swbuf_r
                0x00090fcc      0x148 c:/intelfpga_lite/23.1std/nios2eds/bin/gnu/h-x86_64-mingw32/bin/../lib/gcc/nios2-elf/12.3.1/../../../../../H-x86_64-mingw32/nios2-elf/lib/mhw-mulx\libc.a(libc_a-wbuf.o)
                0x00090fcc                __swbuf_r
 .text.__swbuf  0x00091114       0x18 c:/intelfpga_lite/23.1std/nios2eds/bin/gnu/h-x86_64-mingw32/bin/../lib/gcc/nios2-elf/12.3.1/../../../../../H-x86_64-mingw32/nios2-elf/lib/mhw-mulx\libc.a(libc_a-wbuf.o)
                0x00091114                __swbuf
 .text          0x0009112c        0x0 c:/intelfpga_lite/23.1std/nios2eds/bin/gnu/h-x86_64-mingw32/bin/../lib/gcc/nios2-elf/12.3.1/../../../../../H-x86_64-mingw32/nios2-elf/lib/mhw-mulx\libc.a(libc_a-strcmp.o)
 .text.strcmp   0x0009112c       0xb8 c:/intelfpga_lite/23.1std/nios2eds/bin/gnu/h-x86_64-mingw32/bin/../lib/gcc/nios2-elf/12.3.1/../../../../../H-x86_64-mingw32/nios2-elf/lib/mhw-mulx\libc.a(libc_a-strcmp.o)
                0x0009112c                strcmp
 .text          0x000911e4        0x0 c:/intelfpga_lite/23.1std/nios2eds/bin/gnu/h-x86_64-mingw32/bin/../lib/gcc/nios2-elf/12.3.1/../../../../../H-x86_64-mingw32/nios2-elf/lib/mhw-mulx\libc.a(libc_a-fstatr.o)
 .text._fstat_r
                0x000911e4       0x60 c:/intelfpga_lite/23.1std/nios2eds/bin/gnu/h-x86_64-mingw32/bin/../lib/gcc/nios2-elf/12.3.1/../../../../../H-x86_64-mingw32/nios2-elf/lib/mhw-mulx\libc.a(libc_a-fstatr.o)
                0x000911e4                _fstat_r
 .text          0x00091244        0x0 c:/intelfpga_lite/23.1std/nios2eds/bin/gnu/h-x86_64-mingw32/bin/../lib/gcc/nios2-elf/12.3.1/../../../../../H-x86_64-mingw32/nios2-elf/lib/mhw-mulx\libc.a(libc_a-isattyr.o)
 .text._isatty_r
                0x00091244       0x58 c:/intelfpga_lite/23.1std/nios2eds/bin/gnu/h-x86_64-mingw32/bin/../lib/gcc/nios2-elf/12.3.1/../../../../../H-x86_64-mingw32/nios2-elf/lib/mhw-mulx\libc.a(libc_a-isattyr.o)
                0x00091244                _isatty_r
 .text          0x0009129c        0x0 c:/intelfpga_lite/23.1std/nios2eds/bin/gnu/h-x86_64-mingw32/bin/../lib/gcc/nios2-elf/12.3.1/../../../../../H-x86_64-mingw32/nios2-elf/lib/mhw-mulx\libc.a(libc_a-sbrkr.o)
 .text._sbrk_r  0x0009129c       0x58 c:/intelfpga_lite/23.1std/nios2eds/bin/gnu/h-x86_64-mingw32/bin/../lib/gcc/nios2-elf/12.3.1/../../../../../H-x86_64-mingw32/nios2-elf/lib/mhw-mulx\libc.a(libc_a-sbrkr.o)
                0x0009129c                _sbrk_r
 .text          0x000912f4        0x0 c:/intelfpga_lite/23.1std/nios2eds/bin/gnu/h-x86_64-mingw32/bin/../lib/gcc/nios2-elf/12.3.1/../../../../../H-x86_64-mingw32/nios2-elf/lib/mhw-mulx\libc.a(libc_a-__call_atexit.o)
 .text.__call_exitprocs
                0x000912f4      0x118 c:/intelfpga_lite/23.1std/nios2eds/bin/gnu/h-x86_64-mingw32/bin/../lib/gcc/nios2-elf/12.3.1/../../../../../H-x86_64-mingw32/nios2-elf/lib/mhw-mulx\libc.a(libc_a-__call_atexit.o)
                0x000912f4                __call_exitprocs
 .text          0x0009140c        0x0 c:/intelfpga_lite/23.1std/nios2eds/bin/gnu/h-x86_64-mingw32/bin/../lib/gcc/nios2-elf/12.3.1/../../../../../H-x86_64-mingw32/nios2-elf/lib/mhw-mulx\libc.a(libc_a-assert.o)
 .text.__assert_func
                0x0009140c       0x64 c:/intelfpga_lite/23.1std/nios2eds/bin/gnu/h-x86_64-mingw32/bin/../lib/gcc/nios2-elf/12.3.1/../../../../../H-x86_64-mingw32/nios2-elf/lib/mhw-mulx\libc.a(libc_a-assert.o)
                0x0009140c                __assert_func
 .text.__assert
                0x00091470       0x14 c:/intelfpga_lite/23.1std/nios2eds/bin/gnu/h-x86_64-mingw32/bin/../lib/gcc/nios2-elf/12.3.1/../../../../../H-x86_64-mingw32/nios2-elf/lib/mhw-mulx\libc.a(libc_a-assert.o)
                0x00091470                __assert
 .text          0x00091484        0x0 c:/intelfpga_lite/23.1std/nios2eds/bin/gnu/h-x86_64-mingw32/bin/../lib/gcc/nios2-elf/12.3.1/../../../../../H-x86_64-mingw32/nios2-elf/lib/mhw-mulx\libc.a(libc_a-callocr.o)
 .text._calloc_r
                0x00091484       0xcc c:/intelfpga_lite/23.1std/nios2eds/bin/gnu/h-x86_64-mingw32/bin/../lib/gcc/nios2-elf/12.3.1/../../../../../H-x86_64-mingw32/nios2-elf/lib/mhw-mulx\libc.a(libc_a-callocr.o)
                0x00091484                _calloc_r
 .text          0x00091550        0x0 c:/intelfpga_lite/23.1std/nios2eds/bin/gnu/h-x86_64-mingw32/bin/../lib/gcc/nios2-elf/12.3.1/../../../../../H-x86_64-mingw32/nios2-elf/lib/mhw-mulx\libc.a(libc_a-fiprintf.o)
 .text._fiprintf_r
                0x00091550       0x20 c:/intelfpga_lite/23.1std/nios2eds/bin/gnu/h-x86_64-mingw32/bin/../lib/gcc/nios2-elf/12.3.1/../../../../../H-x86_64-mingw32/nios2-elf/lib/mhw-mulx\libc.a(libc_a-fiprintf.o)
                0x00091550                _fiprintf_r
 .text.fiprintf
                0x00091570       0x38 c:/intelfpga_lite/23.1std/nios2eds/bin/gnu/h-x86_64-mingw32/bin/../lib/gcc/nios2-elf/12.3.1/../../../../../H-x86_64-mingw32/nios2-elf/lib/mhw-mulx\libc.a(libc_a-fiprintf.o)
                0x00091570                fiprintf
 .text          0x000915a8        0x0 c:/intelfpga_lite/23.1std/nios2eds/bin/gnu/h-x86_64-mingw32/bin/../lib/gcc/nios2-elf/12.3.1/../../../../../H-x86_64-mingw32/nios2-elf/lib/mhw-mulx\libc.a(libc_a-vfiprintfr_1.o)
 .text._vfiprintf_r
                0x000915a8        0x4 c:/intelfpga_lite/23.1std/nios2eds/bin/gnu/h-x86_64-mingw32/bin/../lib/gcc/nios2-elf/12.3.1/../../../../../H-x86_64-mingw32/nios2-elf/lib/mhw-mulx\libc.a(libc_a-vfiprintfr_1.o)
                0x000915a8                _vfiprintf_r
 .text          0x000915ac        0x0 c:/intelfpga_lite/23.1std/nios2eds/bin/gnu/h-x86_64-mingw32/bin/../lib/gcc/nios2-elf/12.3.1/../../../../../H-x86_64-mingw32/nios2-elf/lib/mhw-mulx\libc.a(libc_a-abort.o)
 .text.abort    0x000915ac       0x18 c:/intelfpga_lite/23.1std/nios2eds/bin/gnu/h-x86_64-mingw32/bin/../lib/gcc/nios2-elf/12.3.1/../../../../../H-x86_64-mingw32/nios2-elf/lib/mhw-mulx\libc.a(libc_a-abort.o)
                0x000915ac                abort
 .text          0x000915c4        0x0 c:/intelfpga_lite/23.1std/nios2eds/bin/gnu/h-x86_64-mingw32/bin/../lib/gcc/nios2-elf/12.3.1/../../../../../H-x86_64-mingw32/nios2-elf/lib/mhw-mulx\libc.a(libc_a-signal.o)
 .text._init_signal_r
                0x000915c4       0x5c c:/intelfpga_lite/23.1std/nios2eds/bin/gnu/h-x86_64-mingw32/bin/../lib/gcc/nios2-elf/12.3.1/../../../../../H-x86_64-mingw32/nios2-elf/lib/mhw-mulx\libc.a(libc_a-signal.o)
                0x000915c4                _init_signal_r
 .text._signal_r
                0x00091620       0x8c c:/intelfpga_lite/23.1std/nios2eds/bin/gnu/h-x86_64-mingw32/bin/../lib/gcc/nios2-elf/12.3.1/../../../../../H-x86_64-mingw32/nios2-elf/lib/mhw-mulx\libc.a(libc_a-signal.o)
                0x00091620                _signal_r
 .text._raise_r
                0x000916ac       0xb0 c:/intelfpga_lite/23.1std/nios2eds/bin/gnu/h-x86_64-mingw32/bin/../lib/gcc/nios2-elf/12.3.1/../../../../../H-x86_64-mingw32/nios2-elf/lib/mhw-mulx\libc.a(libc_a-signal.o)
                0x000916ac                _raise_r
 .text.__sigtramp_r
                0x0009175c       0xbc c:/intelfpga_lite/23.1std/nios2eds/bin/gnu/h-x86_64-mingw32/bin/../lib/gcc/nios2-elf/12.3.1/../../../../../H-x86_64-mingw32/nios2-elf/lib/mhw-mulx\libc.a(libc_a-signal.o)
                0x0009175c                __sigtramp_r
 .text.raise    0x00091818       0xb4 c:/intelfpga_lite/23.1std/nios2eds/bin/gnu/h-x86_64-mingw32/bin/../lib/gcc/nios2-elf/12.3.1/../../../../../H-x86_64-mingw32/nios2-elf/lib/mhw-mulx\libc.a(libc_a-signal.o)
                0x00091818                raise
 .text.signal   0x000918cc       0x98 c:/intelfpga_lite/23.1std/nios2eds/bin/gnu/h-x86_64-mingw32/bin/../lib/gcc/nios2-elf/12.3.1/../../../../../H-x86_64-mingw32/nios2-elf/lib/mhw-mulx\libc.a(libc_a-signal.o)
                0x000918cc                signal
 .text._init_signal
                0x00091964       0x60 c:/intelfpga_lite/23.1std/nios2eds/bin/gnu/h-x86_64-mingw32/bin/../lib/gcc/nios2-elf/12.3.1/../../../../../H-x86_64-mingw32/nios2-elf/lib/mhw-mulx\libc.a(libc_a-signal.o)
                0x00091964                _init_signal
 .text.__sigtramp
                0x000919c4       0xbc c:/intelfpga_lite/23.1std/nios2eds/bin/gnu/h-x86_64-mingw32/bin/../lib/gcc/nios2-elf/12.3.1/../../../../../H-x86_64-mingw32/nios2-elf/lib/mhw-mulx\libc.a(libc_a-signal.o)
                0x000919c4                __sigtramp
 .text          0x00091a80        0x0 c:/intelfpga_lite/23.1std/nios2eds/bin/gnu/h-x86_64-mingw32/bin/../lib/gcc/nios2-elf/12.3.1/../../../../../H-x86_64-mingw32/nios2-elf/lib/mhw-mulx\libc.a(libc_a-signalr.o)
 .text._kill_r  0x00091a80       0x60 c:/intelfpga_lite/23.1std/nios2eds/bin/gnu/h-x86_64-mingw32/bin/../lib/gcc/nios2-elf/12.3.1/../../../../../H-x86_64-mingw32/nios2-elf/lib/mhw-mulx\libc.a(libc_a-signalr.o)
                0x00091a80                _kill_r
 .text._getpid_r
                0x00091ae0        0x4 c:/intelfpga_lite/23.1std/nios2eds/bin/gnu/h-x86_64-mingw32/bin/../lib/gcc/nios2-elf/12.3.1/../../../../../H-x86_64-mingw32/nios2-elf/lib/mhw-mulx\libc.a(libc_a-signalr.o)
                0x00091ae0                _getpid_r
 .text          0x00091ae4      0x550 c:/intelfpga_lite/23.1std/nios2eds/bin/gnu/h-x86_64-mingw32/bin/../lib/gcc/nios2-elf/12.3.1/mhw-mulx\libgcc.a(_udivdi3.o)
                0x00091ae4                __udivdi3
 .text          0x00092034      0x510 c:/intelfpga_lite/23.1std/nios2eds/bin/gnu/h-x86_64-mingw32/bin/../lib/gcc/nios2-elf/12.3.1/mhw-mulx\libgcc.a(_umoddi3.o)
                0x00092034                __umoddi3
 .text          0x00092544      0x848 c:/intelfpga_lite/23.1std/nios2eds/bin/gnu/h-x86_64-mingw32/bin/../lib/gcc/nios2-elf/12.3.1/mhw-mulx\libgcc.a(divdf3.o)
                0x00092544                __divdf3
 .text          0x00092d8c       0xf8 c:/intelfpga_lite/23.1std/nios2eds/bin/gnu/h-x86_64-mingw32/bin/../lib/gcc/nios2-elf/12.3.1/mhw-mulx\libgcc.a(ledf2.o)
                0x00092d8c                __ledf2
                0x00092d8c                __ltdf2
 .text          0x00092e84       0x54 c:/intelfpga_lite/23.1std/nios2eds/bin/gnu/h-x86_64-mingw32/bin/../lib/gcc/nios2-elf/12.3.1/mhw-mulx\libgcc.a(unorddf2.o)
                0x00092e84                __unorddf2
 .text          0x00092ed8       0x90 c:/intelfpga_lite/23.1std/nios2eds/bin/gnu/h-x86_64-mingw32/bin/../lib/gcc/nios2-elf/12.3.1/mhw-mulx\libgcc.a(floatunsidf.o)
                0x00092ed8                __floatunsidf
 .text          0x00092f68      0x10c c:/DSD/DSD_git/DSD/software/hello_world_custom_instr_bsp/\libhal_bsp.a(alt_close.o)
                0x00092fa4                close
 .text          0x00093074       0x2c c:/DSD/DSD_git/DSD/software/hello_world_custom_instr_bsp/\libhal_bsp.a(alt_dev.o)
 .text          0x000930a0        0x0 c:/DSD/DSD_git/DSD/software/hello_world_custom_instr_bsp/\libhal_bsp.a(alt_errno.o)
 .text          0x000930a0       0x3c c:/DSD/DSD_git/DSD/software/hello_world_custom_instr_bsp/\libhal_bsp.a(alt_exit.o)
                0x000930a0                _exit
 .text          0x000930dc       0xec c:/DSD/DSD_git/DSD/software/hello_world_custom_instr_bsp/\libhal_bsp.a(alt_fstat.o)
                0x00093118                fstat
 .text          0x000931c8       0x20 c:/DSD/DSD_git/DSD/software/hello_world_custom_instr_bsp/\libhal_bsp.a(alt_getpid.o)
                0x000931c8                getpid
 .text          0x000931e8       0xe0 c:/DSD/DSD_git/DSD/software/hello_world_custom_instr_bsp/\libhal_bsp.a(alt_isatty.o)
                0x00093224                isatty
 .text          0x000932c8      0x12c c:/DSD/DSD_git/DSD/software/hello_world_custom_instr_bsp/\libhal_bsp.a(alt_kill.o)
                0x00093304                kill
 .text          0x000933f4       0xec c:/DSD/DSD_git/DSD/software/hello_world_custom_instr_bsp/\libhal_bsp.a(alt_load.o)
                0x0009345c                alt_load
 .text          0x000934e0      0x110 c:/DSD/DSD_git/DSD/software/hello_world_custom_instr_bsp/\libhal_bsp.a(alt_lseek.o)
                0x0009351c                lseek
 .text          0x000935f0       0x7c c:/DSD/DSD_git/DSD/software/hello_world_custom_instr_bsp/\libhal_bsp.a(alt_main.o)
                0x000935f0                alt_main
 .text          0x0009366c       0x48 c:/DSD/DSD_git/DSD/software/hello_world_custom_instr_bsp/\libhal_bsp.a(alt_malloc_lock.o)
                0x0009366c                __malloc_lock
                0x00093690                __malloc_unlock
 .text          0x000936b4      0x138 c:/DSD/DSD_git/DSD/software/hello_world_custom_instr_bsp/\libhal_bsp.a(alt_read.o)
                0x000936f0                read
 .text          0x000937ec       0x58 c:/DSD/DSD_git/DSD/software/hello_world_custom_instr_bsp/\libhal_bsp.a(alt_release_fd.o)
                0x000937ec                alt_release_fd
 .text          0x00093844       0xb8 c:/DSD/DSD_git/DSD/software/hello_world_custom_instr_bsp/\libhal_bsp.a(alt_sbrk.o)
                0x00093844                sbrk
 .text          0x000938fc       0xb8 c:/DSD/DSD_git/DSD/software/hello_world_custom_instr_bsp/\libhal_bsp.a(alt_times.o)
                0x00093938                times
 .text          0x000939b4      0x134 c:/DSD/DSD_git/DSD/software/hello_world_custom_instr_bsp/\libhal_bsp.a(alt_write.o)
                0x000939f0                write
 .text          0x00093ae8       0xd4 c:/DSD/DSD_git/DSD/software/hello_world_custom_instr_bsp/\libhal_bsp.a(alt_sys_init.o)
                0x00093b1c                alt_irq_init
                0x00093b58                alt_sys_init
 .text          0x00093bbc      0x164 c:/DSD/DSD_git/DSD/software/hello_world_custom_instr_bsp/\libhal_bsp.a(altera_avalon_jtag_uart_fd.o)
                0x00093bbc                altera_avalon_jtag_uart_read_fd
                0x00093c1c                altera_avalon_jtag_uart_write_fd
                0x00093c7c                altera_avalon_jtag_uart_close_fd
                0x00093ccc                altera_avalon_jtag_uart_ioctl_fd
 .text          0x00093d20      0x3e4 c:/DSD/DSD_git/DSD/software/hello_world_custom_instr_bsp/\libhal_bsp.a(altera_avalon_jtag_uart_init.o)
                0x00093d20                altera_avalon_jtag_uart_init
                0x0009409c                altera_avalon_jtag_uart_close
 .text          0x00094104       0xf4 c:/DSD/DSD_git/DSD/software/hello_world_custom_instr_bsp/\libhal_bsp.a(altera_avalon_jtag_uart_ioctl.o)
                0x00094104                altera_avalon_jtag_uart_ioctl
 .text          0x000941f8      0x220 c:/DSD/DSD_git/DSD/software/hello_world_custom_instr_bsp/\libhal_bsp.a(altera_avalon_jtag_uart_read.o)
                0x000941f8                altera_avalon_jtag_uart_read
 .text          0x00094418      0x228 c:/DSD/DSD_git/DSD/software/hello_world_custom_instr_bsp/\libhal_bsp.a(altera_avalon_jtag_uart_write.o)
                0x00094418                altera_avalon_jtag_uart_write
 .text          0x00094640      0x100 c:/DSD/DSD_git/DSD/software/hello_world_custom_instr_bsp/\libhal_bsp.a(altera_avalon_timer_sc.o)
                0x000946bc                alt_avalon_timer_sc_init
 .text          0x00094740      0x160 c:/DSD/DSD_git/DSD/software/hello_world_custom_instr_bsp/\libhal_bsp.a(alt_alarm_start.o)
                0x00094740                alt_alarm_start
 .text          0x000948a0       0x4c c:/DSD/DSD_git/DSD/software/hello_world_custom_instr_bsp/\libhal_bsp.a(alt_dcache_flush_all.o)
                0x000948a0                alt_dcache_flush_all
 .text          0x000948ec       0xe4 c:/DSD/DSD_git/DSD/software/hello_world_custom_instr_bsp/\libhal_bsp.a(alt_dev_llist_insert.o)
                0x00094928                alt_dev_llist_insert
 .text          0x000949d0       0x64 c:/DSD/DSD_git/DSD/software/hello_world_custom_instr_bsp/\libhal_bsp.a(alt_do_ctors.o)
                0x000949d0                _do_ctors
 .text          0x00094a34       0x64 c:/DSD/DSD_git/DSD/software/hello_world_custom_instr_bsp/\libhal_bsp.a(alt_do_dtors.o)
                0x00094a34                _do_dtors
 .text          0x00094a98       0x34 c:/DSD/DSD_git/DSD/software/hello_world_custom_instr_bsp/\libhal_bsp.a(alt_icache_flush_all.o)
                0x00094a98                alt_icache_flush_all
 .text          0x00094acc      0x1b0 c:/DSD/DSD_git/DSD/software/hello_world_custom_instr_bsp/\libhal_bsp.a(alt_iic.o)
                0x00094acc                alt_ic_isr_register
                0x00094b1c                alt_ic_irq_enable
                0x00094ba4                alt_ic_irq_disable
                0x00094c30                alt_ic_irq_enabled
 .text          0x00094c7c       0xe8 c:/DSD/DSD_git/DSD/software/hello_world_custom_instr_bsp/\libhal_bsp.a(alt_iic_isr_register.o)
                0x00094c7c                alt_iic_isr_register
 .text          0x00094d64      0x12c c:/DSD/DSD_git/DSD/software/hello_world_custom_instr_bsp/\libhal_bsp.a(alt_io_redirect.o)
                0x00094e14                alt_io_redirect
 .text          0x00094e90        0x0 c:/DSD/DSD_git/DSD/software/hello_world_custom_instr_bsp/\libhal_bsp.a(alt_irq_entry.o)
 .text          0x00094e90        0x0 c:/DSD/DSD_git/DSD/software/hello_world_custom_instr_bsp/\libhal_bsp.a(alt_irq_handler.o)
 .text          0x00094e90        0x0 c:/DSD/DSD_git/DSD/software/hello_world_custom_instr_bsp/\libhal_bsp.a(alt_irq_vars.o)
 .text          0x00094e90      0x248 c:/DSD/DSD_git/DSD/software/hello_world_custom_instr_bsp/\libhal_bsp.a(alt_open.o)
                0x00094f84                open
 .text          0x000950d8      0x1d0 c:/DSD/DSD_git/DSD/software/hello_world_custom_instr_bsp/\libhal_bsp.a(alt_tick.o)
                0x000950d8                alt_alarm_stop
                0x0009517c                alt_tick
 .text          0x000952a8       0x24 c:/DSD/DSD_git/DSD/software/hello_world_custom_instr_bsp/\libhal_bsp.a(altera_nios2_gen2_irq.o)
                0x000952a8                altera_nios2_gen2_irq_init
 .text          0x000952cc        0x0 c:/DSD/DSD_git/DSD/software/hello_world_custom_instr_bsp/\libhal_bsp.a(alt_exception_entry.o)
 .text          0x000952cc       0x90 c:/DSD/DSD_git/DSD/software/hello_world_custom_instr_bsp/\libhal_bsp.a(alt_find_dev.o)
                0x000952cc                alt_find_dev
 .text          0x0009535c      0x108 c:/DSD/DSD_git/DSD/software/hello_world_custom_instr_bsp/\libhal_bsp.a(alt_find_file.o)
                0x0009535c                alt_find_file
 .text          0x00095464       0xa0 c:/DSD/DSD_git/DSD/software/hello_world_custom_instr_bsp/\libhal_bsp.a(alt_get_fd.o)
                0x00095464                alt_get_fd
 .text          0x00095504       0x90 c:/DSD/DSD_git/DSD/software/hello_world_custom_instr_bsp/\libhal_bsp.a(alt_icache_flush.o)
                0x00095504                alt_icache_flush
 .text          0x00095594       0x74 c:/DSD/DSD_git/DSD/software/hello_world_custom_instr_bsp/\libhal_bsp.a(alt_instruction_exception_entry.o)
                0x00095594                alt_exception_cause_generated_bad_addr
 .text          0x00095608        0x0 c:/intelfpga_lite/23.1std/nios2eds/bin/gnu/h-x86_64-mingw32/bin/../lib/gcc/nios2-elf/12.3.1/../../../../../H-x86_64-mingw32/nios2-elf/lib/mhw-mulx\libc.a(libc_a-atexit.o)
 .text.atexit   0x00095608       0x14 c:/intelfpga_lite/23.1std/nios2eds/bin/gnu/h-x86_64-mingw32/bin/../lib/gcc/nios2-elf/12.3.1/../../../../../H-x86_64-mingw32/nios2-elf/lib/mhw-mulx\libc.a(libc_a-atexit.o)
                0x00095608                atexit
 .text          0x0009561c        0x0 c:/intelfpga_lite/23.1std/nios2eds/bin/gnu/h-x86_64-mingw32/bin/../lib/gcc/nios2-elf/12.3.1/../../../../../H-x86_64-mingw32/nios2-elf/lib/mhw-mulx\libc.a(libc_a-memcmp.o)
 .text.memcmp   0x0009561c       0x78 c:/intelfpga_lite/23.1std/nios2eds/bin/gnu/h-x86_64-mingw32/bin/../lib/gcc/nios2-elf/12.3.1/../../../../../H-x86_64-mingw32/nios2-elf/lib/mhw-mulx\libc.a(libc_a-memcmp.o)
                0x0009561c                memcmp
 .text          0x00095694        0x0 c:/intelfpga_lite/23.1std/nios2eds/bin/gnu/h-x86_64-mingw32/bin/../lib/gcc/nios2-elf/12.3.1/../../../../../H-x86_64-mingw32/nios2-elf/lib/mhw-mulx\libc.a(libc_a-__atexit.o)
 .text.__register_exitproc
                0x00095694       0x94 c:/intelfpga_lite/23.1std/nios2eds/bin/gnu/h-x86_64-mingw32/bin/../lib/gcc/nios2-elf/12.3.1/../../../../../H-x86_64-mingw32/nios2-elf/lib/mhw-mulx\libc.a(libc_a-__atexit.o)
                0x00095694                __register_exitproc
 *(.gnu.warning.*)
 *(.fini)
                [!provide]                        PROVIDE (__etext = ABSOLUTE (.))
                [!provide]                        PROVIDE (_etext = ABSOLUTE (.))
                [!provide]                        PROVIDE (etext = ABSOLUTE (.))
 *(.eh_frame_hdr)
                0x00095728                        . = ALIGN (0x4)
                [!provide]                        PROVIDE (__preinit_array_start = ABSOLUTE (.))
 *(.preinit_array)
                [!provide]                        PROVIDE (__preinit_array_end = ABSOLUTE (.))
                [!provide]                        PROVIDE (__init_array_start = ABSOLUTE (.))
 *(SORT_BY_INIT_PRIORITY(.init_array.*))
 *(.init_array)
                [!provide]                        PROVIDE (__init_array_end = ABSOLUTE (.))
                [!provide]                        PROVIDE (__fini_array_start = ABSOLUTE (.))
 *(.fini_array)
                [!provide]                        PROVIDE (__fini_array_end = ABSOLUTE (.))
 *(.eh_frame)
 *(.gcc_except_table .gcc_except_table.*)
 *(.dynamic)
                0x00095728                        PROVIDE (__CTOR_LIST__ = ABSOLUTE (.))
 *(.ctors)
 *(SORT_BY_NAME(.ctors.*))
                0x00095728                        PROVIDE (__CTOR_END__ = ABSOLUTE (.))
                0x00095728                        PROVIDE (__DTOR_LIST__ = ABSOLUTE (.))
 *(.dtors)
 *(SORT_BY_NAME(.dtors.*))
                0x00095728                        PROVIDE (__DTOR_END__ = ABSOLUTE (.))
 *(.jcr)
                0x00095728                        . = ALIGN (0x4)

.rodata         0x00095728      0xda4
                0x00095728                        PROVIDE (__ram_rodata_start = ABSOLUTE (.))
                0x00095728                        . = ALIGN (0x4)
 *(.rodata .rodata.* .gnu.linkonce.r.*)
 .rodata        0x00095728      0x1be obj/default/hello_world.o
 *fill*         0x000958e6        0x2 
 .rodata.npio2_hw
                0x000958e8       0x80 c:/intelfpga_lite/23.1std/nios2eds/bin/gnu/h-x86_64-mingw32/bin/../lib/gcc/nios2-elf/12.3.1/../../../../../H-x86_64-mingw32/nios2-elf/lib/mhw-mulx\libm.a(libm_a-e_rem_pio2.o)
 .rodata.two_over_pi
                0x00095968      0x108 c:/intelfpga_lite/23.1std/nios2eds/bin/gnu/h-x86_64-mingw32/bin/../lib/gcc/nios2-elf/12.3.1/../../../../../H-x86_64-mingw32/nios2-elf/lib/mhw-mulx\libm.a(libm_a-e_rem_pio2.o)
 .rodata.npio2_hw
                0x00095a70       0x80 c:/intelfpga_lite/23.1std/nios2eds/bin/gnu/h-x86_64-mingw32/bin/../lib/gcc/nios2-elf/12.3.1/../../../../../H-x86_64-mingw32/nios2-elf/lib/mhw-mulx\libm.a(libm_a-ef_rem_pio2.o)
 .rodata.two_over_pi
                0x00095af0      0x318 c:/intelfpga_lite/23.1std/nios2eds/bin/gnu/h-x86_64-mingw32/bin/../lib/gcc/nios2-elf/12.3.1/../../../../../H-x86_64-mingw32/nios2-elf/lib/mhw-mulx\libm.a(libm_a-ef_rem_pio2.o)
 .rodata.PIo2   0x00095e08       0x40 c:/intelfpga_lite/23.1std/nios2eds/bin/gnu/h-x86_64-mingw32/bin/../lib/gcc/nios2-elf/12.3.1/../../../../../H-x86_64-mingw32/nios2-elf/lib/mhw-mulx\libm.a(libm_a-k_rem_pio2.o)
 .rodata.init_jk
                0x00095e48       0x10 c:/intelfpga_lite/23.1std/nios2eds/bin/gnu/h-x86_64-mingw32/bin/../lib/gcc/nios2-elf/12.3.1/../../../../../H-x86_64-mingw32/nios2-elf/lib/mhw-mulx\libm.a(libm_a-k_rem_pio2.o)
 .rodata.PIo2   0x00095e58       0x2c c:/intelfpga_lite/23.1std/nios2eds/bin/gnu/h-x86_64-mingw32/bin/../lib/gcc/nios2-elf/12.3.1/../../../../../H-x86_64-mingw32/nios2-elf/lib/mhw-mulx\libm.a(libm_a-kf_rem_pio2.o)
 .rodata.init_jk
                0x00095e84        0xc c:/intelfpga_lite/23.1std/nios2eds/bin/gnu/h-x86_64-mingw32/bin/../lib/gcc/nios2-elf/12.3.1/../../../../../H-x86_64-mingw32/nios2-elf/lib/mhw-mulx\libm.a(libm_a-kf_rem_pio2.o)
 .rodata        0x00095e90      0x100 c:/intelfpga_lite/23.1std/nios2eds/bin/gnu/h-x86_64-mingw32/bin/../lib/gcc/nios2-elf/12.3.1/mhw-mulx\libgcc.a(_clz.o)
                0x00095e90                __clz_tab
 .rodata.___vfprintf_internal_r.str1.4
                0x00095f90       0x42 c:/intelfpga_lite/23.1std/nios2eds/bin/gnu/h-x86_64-mingw32/bin/../lib/gcc/nios2-elf/12.3.1/../../../../../H-x86_64-mingw32/nios2-elf/lib/mhw-mulx\libc.a(libc_a-vfprintf.o)
 *fill*         0x00095fd2        0x2 
 .rodata.zeroes.0
                0x00095fd4       0x10 c:/intelfpga_lite/23.1std/nios2eds/bin/gnu/h-x86_64-mingw32/bin/../lib/gcc/nios2-elf/12.3.1/../../../../../H-x86_64-mingw32/nios2-elf/lib/mhw-mulx\libc.a(libc_a-vfprintf.o)
 .rodata.blanks.1
                0x00095fe4       0x10 c:/intelfpga_lite/23.1std/nios2eds/bin/gnu/h-x86_64-mingw32/bin/../lib/gcc/nios2-elf/12.3.1/../../../../../H-x86_64-mingw32/nios2-elf/lib/mhw-mulx\libc.a(libc_a-vfprintf.o)
 .rodata.___vfiprintf_internal_r.str1.4
                0x00095ff4       0x2f c:/intelfpga_lite/23.1std/nios2eds/bin/gnu/h-x86_64-mingw32/bin/../lib/gcc/nios2-elf/12.3.1/../../../../../H-x86_64-mingw32/nios2-elf/lib/mhw-mulx\libc.a(libc_a-vfiprintf.o)
 .rodata.zeroes.0
                0x00095ff4       0x10 c:/intelfpga_lite/23.1std/nios2eds/bin/gnu/h-x86_64-mingw32/bin/../lib/gcc/nios2-elf/12.3.1/../../../../../H-x86_64-mingw32/nios2-elf/lib/mhw-mulx\libc.a(libc_a-vfiprintf.o)
 .rodata.blanks.1
                0x00096004       0x10 c:/intelfpga_lite/23.1std/nios2eds/bin/gnu/h-x86_64-mingw32/bin/../lib/gcc/nios2-elf/12.3.1/../../../../../H-x86_64-mingw32/nios2-elf/lib/mhw-mulx\libc.a(libc_a-vfiprintf.o)
 .rodata._setlocale_r.str1.4
                0x00096014        0xa c:/intelfpga_lite/23.1std/nios2eds/bin/gnu/h-x86_64-mingw32/bin/../lib/gcc/nios2-elf/12.3.1/../../../../../H-x86_64-mingw32/nios2-elf/lib/mhw-mulx\libc.a(libc_a-locale.o)
                                  0xd (size before relaxing)
 *fill*         0x0009601e        0x2 
 .rodata.str1.4
                0x00096020        0x2 c:/intelfpga_lite/23.1std/nios2eds/bin/gnu/h-x86_64-mingw32/bin/../lib/gcc/nios2-elf/12.3.1/../../../../../H-x86_64-mingw32/nios2-elf/lib/mhw-mulx\libc.a(libc_a-locale.o)
 *fill*         0x00096022        0x2 
 .rodata._dtoa_r.str1.4
                0x00096024       0x5b c:/intelfpga_lite/23.1std/nios2eds/bin/gnu/h-x86_64-mingw32/bin/../lib/gcc/nios2-elf/12.3.1/../../../../../H-x86_64-mingw32/nios2-elf/lib/mhw-mulx\libc.a(libc_a-dtoa.o)
                                 0x5f (size before relaxing)
 *fill*         0x0009607f        0x1 
 .rodata.__multadd.str1.4
                0x00096080       0x38 c:/intelfpga_lite/23.1std/nios2eds/bin/gnu/h-x86_64-mingw32/bin/../lib/gcc/nios2-elf/12.3.1/../../../../../H-x86_64-mingw32/nios2-elf/lib/mhw-mulx\libc.a(libc_a-mprec.o)
                                 0x4c (size before relaxing)
 .rodata.p05.0  0x000960b8        0xc c:/intelfpga_lite/23.1std/nios2eds/bin/gnu/h-x86_64-mingw32/bin/../lib/gcc/nios2-elf/12.3.1/../../../../../H-x86_64-mingw32/nios2-elf/lib/mhw-mulx\libc.a(libc_a-mprec.o)
 .rodata.__mprec_tinytens
                0x000960c4       0x28 c:/intelfpga_lite/23.1std/nios2eds/bin/gnu/h-x86_64-mingw32/bin/../lib/gcc/nios2-elf/12.3.1/../../../../../H-x86_64-mingw32/nios2-elf/lib/mhw-mulx\libc.a(libc_a-mprec.o)
                0x000960c4                __mprec_tinytens
 .rodata.__mprec_bigtens
                0x000960ec       0x28 c:/intelfpga_lite/23.1std/nios2eds/bin/gnu/h-x86_64-mingw32/bin/../lib/gcc/nios2-elf/12.3.1/../../../../../H-x86_64-mingw32/nios2-elf/lib/mhw-mulx\libc.a(libc_a-mprec.o)
                0x000960ec                __mprec_bigtens
 .rodata.__mprec_tens
                0x00096114       0xc8 c:/intelfpga_lite/23.1std/nios2eds/bin/gnu/h-x86_64-mingw32/bin/../lib/gcc/nios2-elf/12.3.1/../../../../../H-x86_64-mingw32/nios2-elf/lib/mhw-mulx\libc.a(libc_a-mprec.o)
                0x00096114                __mprec_tens
 .rodata._ctype_
                0x000961dc      0x101 c:/intelfpga_lite/23.1std/nios2eds/bin/gnu/h-x86_64-mingw32/bin/../lib/gcc/nios2-elf/12.3.1/../../../../../H-x86_64-mingw32/nios2-elf/lib/mhw-mulx\libc.a(libc_a-ctype_.o)
                0x000961dc                _ctype_
 *fill*         0x000962dd        0x3 
 .rodata._ctype_b
                0x000962e0      0x180 c:/intelfpga_lite/23.1std/nios2eds/bin/gnu/h-x86_64-mingw32/bin/../lib/gcc/nios2-elf/12.3.1/../../../../../H-x86_64-mingw32/nios2-elf/lib/mhw-mulx\libc.a(libc_a-ctype_.o)
                0x000962e0                _ctype_b
 .rodata.__assert_func.str1.4
                0x00096460       0x3f c:/intelfpga_lite/23.1std/nios2eds/bin/gnu/h-x86_64-mingw32/bin/../lib/gcc/nios2-elf/12.3.1/../../../../../H-x86_64-mingw32/nios2-elf/lib/mhw-mulx\libc.a(libc_a-assert.o)
                                 0x43 (size before relaxing)
 *fill*         0x0009649f        0x1 
 .rodata        0x000964a0        0xa c:/DSD/DSD_git/DSD/software/hello_world_custom_instr_bsp/\libhal_bsp.a(alt_dev.o)
 *fill*         0x000964aa        0x2 
 .rodata        0x000964ac        0xf c:/DSD/DSD_git/DSD/software/hello_world_custom_instr_bsp/\libhal_bsp.a(alt_main.o)
 *fill*         0x000964bb        0x1 
 .rodata        0x000964bc        0xf c:/DSD/DSD_git/DSD/software/hello_world_custom_instr_bsp/\libhal_bsp.a(alt_sys_init.o)
 *(.rodata1)
                0x000964cc                        . = ALIGN (0x4)
 *fill*         0x000964cb        0x1 
                0x000964cc                        PROVIDE (__ram_rodata_end = ABSOLUTE (.))
                0x00095728                        PROVIDE (__flash_rodata_start = LOADADDR (.rodata))

.rwdata         0x000964cc     0x18e0 load address 0x00097dac
                0x000964cc                        PROVIDE (__ram_rwdata_start = ABSOLUTE (.))
                0x000964cc                        . = ALIGN (0x4)
 *(.got.plt)
 *(.got)
 *(.data1)
 *(.data .data.* .gnu.linkonce.d.*)
 .data          0x000964cc        0x0 c:/DSD/DSD_git/DSD/software/hello_world_custom_instr_bsp//obj/HAL/src/crt0.o
 .data          0x000964cc        0x0 obj/default/hello_world.o
 .data          0x000964cc        0x0 c:/intelfpga_lite/23.1std/nios2eds/bin/gnu/h-x86_64-mingw32/bin/../lib/gcc/nios2-elf/12.3.1/../../../../../H-x86_64-mingw32/nios2-elf/lib/mhw-mulx\libm.a(libm_a-s_cos.o)
 .data          0x000964cc        0x0 c:/intelfpga_lite/23.1std/nios2eds/bin/gnu/h-x86_64-mingw32/bin/../lib/gcc/nios2-elf/12.3.1/../../../../../H-x86_64-mingw32/nios2-elf/lib/mhw-mulx\libm.a(libm_a-wf_fmod.o)
 .data          0x000964cc        0x0 c:/intelfpga_lite/23.1std/nios2eds/bin/gnu/h-x86_64-mingw32/bin/../lib/gcc/nios2-elf/12.3.1/../../../../../H-x86_64-mingw32/nios2-elf/lib/mhw-mulx\libm.a(libm_a-sf_cos.o)
 .data          0x000964cc        0x0 c:/intelfpga_lite/23.1std/nios2eds/bin/gnu/h-x86_64-mingw32/bin/../lib/gcc/nios2-elf/12.3.1/../../../../../H-x86_64-mingw32/nios2-elf/lib/mhw-mulx\libm.a(libm_a-k_cos.o)
 .data          0x000964cc        0x0 c:/intelfpga_lite/23.1std/nios2eds/bin/gnu/h-x86_64-mingw32/bin/../lib/gcc/nios2-elf/12.3.1/../../../../../H-x86_64-mingw32/nios2-elf/lib/mhw-mulx\libm.a(libm_a-k_sin.o)
 .data          0x000964cc        0x0 c:/intelfpga_lite/23.1std/nios2eds/bin/gnu/h-x86_64-mingw32/bin/../lib/gcc/nios2-elf/12.3.1/../../../../../H-x86_64-mingw32/nios2-elf/lib/mhw-mulx\libm.a(libm_a-e_rem_pio2.o)
 .data          0x000964cc        0x0 c:/intelfpga_lite/23.1std/nios2eds/bin/gnu/h-x86_64-mingw32/bin/../lib/gcc/nios2-elf/12.3.1/../../../../../H-x86_64-mingw32/nios2-elf/lib/mhw-mulx\libm.a(libm_a-s_fabs.o)
 .data          0x000964cc        0x0 c:/intelfpga_lite/23.1std/nios2eds/bin/gnu/h-x86_64-mingw32/bin/../lib/gcc/nios2-elf/12.3.1/../../../../../H-x86_64-mingw32/nios2-elf/lib/mhw-mulx\libm.a(libm_a-kf_cos.o)
 .data          0x000964cc        0x0 c:/intelfpga_lite/23.1std/nios2eds/bin/gnu/h-x86_64-mingw32/bin/../lib/gcc/nios2-elf/12.3.1/../../../../../H-x86_64-mingw32/nios2-elf/lib/mhw-mulx\libm.a(libm_a-kf_sin.o)
 .data          0x000964cc        0x0 c:/intelfpga_lite/23.1std/nios2eds/bin/gnu/h-x86_64-mingw32/bin/../lib/gcc/nios2-elf/12.3.1/../../../../../H-x86_64-mingw32/nios2-elf/lib/mhw-mulx\libm.a(libm_a-ef_fmod.o)
 .data          0x000964cc        0x0 c:/intelfpga_lite/23.1std/nios2eds/bin/gnu/h-x86_64-mingw32/bin/../lib/gcc/nios2-elf/12.3.1/../../../../../H-x86_64-mingw32/nios2-elf/lib/mhw-mulx\libm.a(libm_a-ef_rem_pio2.o)
 .data          0x000964cc        0x0 c:/intelfpga_lite/23.1std/nios2eds/bin/gnu/h-x86_64-mingw32/bin/../lib/gcc/nios2-elf/12.3.1/../../../../../H-x86_64-mingw32/nios2-elf/lib/mhw-mulx\libm.a(libm_a-sf_fabs.o)
 .data          0x000964cc        0x0 c:/intelfpga_lite/23.1std/nios2eds/bin/gnu/h-x86_64-mingw32/bin/../lib/gcc/nios2-elf/12.3.1/../../../../../H-x86_64-mingw32/nios2-elf/lib/mhw-mulx\libm.a(libm_a-k_rem_pio2.o)
 .data          0x000964cc        0x0 c:/intelfpga_lite/23.1std/nios2eds/bin/gnu/h-x86_64-mingw32/bin/../lib/gcc/nios2-elf/12.3.1/../../../../../H-x86_64-mingw32/nios2-elf/lib/mhw-mulx\libm.a(libm_a-s_floor.o)
 .data          0x000964cc        0x0 c:/intelfpga_lite/23.1std/nios2eds/bin/gnu/h-x86_64-mingw32/bin/../lib/gcc/nios2-elf/12.3.1/../../../../../H-x86_64-mingw32/nios2-elf/lib/mhw-mulx\libm.a(libm_a-kf_rem_pio2.o)
 .data          0x000964cc        0x0 c:/intelfpga_lite/23.1std/nios2eds/bin/gnu/h-x86_64-mingw32/bin/../lib/gcc/nios2-elf/12.3.1/../../../../../H-x86_64-mingw32/nios2-elf/lib/mhw-mulx\libm.a(libm_a-sf_floor.o)
 .data          0x000964cc        0x0 c:/intelfpga_lite/23.1std/nios2eds/bin/gnu/h-x86_64-mingw32/bin/../lib/gcc/nios2-elf/12.3.1/../../../../../H-x86_64-mingw32/nios2-elf/lib/mhw-mulx\libm.a(libm_a-s_scalbn.o)
 .data          0x000964cc        0x0 c:/intelfpga_lite/23.1std/nios2eds/bin/gnu/h-x86_64-mingw32/bin/../lib/gcc/nios2-elf/12.3.1/../../../../../H-x86_64-mingw32/nios2-elf/lib/mhw-mulx\libm.a(libm_a-sf_scalbn.o)
 .data          0x000964cc        0x0 c:/intelfpga_lite/23.1std/nios2eds/bin/gnu/h-x86_64-mingw32/bin/../lib/gcc/nios2-elf/12.3.1/mhw-mulx\libgcc.a(lib2-divmod.o)
 .data          0x000964cc        0x0 c:/intelfpga_lite/23.1std/nios2eds/bin/gnu/h-x86_64-mingw32/bin/../lib/gcc/nios2-elf/12.3.1/mhw-mulx\libgcc.a(addsf3.o)
 .data          0x000964cc        0x0 c:/intelfpga_lite/23.1std/nios2eds/bin/gnu/h-x86_64-mingw32/bin/../lib/gcc/nios2-elf/12.3.1/mhw-mulx\libgcc.a(divsf3.o)
 .data          0x000964cc        0x0 c:/intelfpga_lite/23.1std/nios2eds/bin/gnu/h-x86_64-mingw32/bin/../lib/gcc/nios2-elf/12.3.1/mhw-mulx\libgcc.a(eqsf2.o)
 .data          0x000964cc        0x0 c:/intelfpga_lite/23.1std/nios2eds/bin/gnu/h-x86_64-mingw32/bin/../lib/gcc/nios2-elf/12.3.1/mhw-mulx\libgcc.a(gesf2.o)
 .data          0x000964cc        0x0 c:/intelfpga_lite/23.1std/nios2eds/bin/gnu/h-x86_64-mingw32/bin/../lib/gcc/nios2-elf/12.3.1/mhw-mulx\libgcc.a(lesf2.o)
 .data          0x000964cc        0x0 c:/intelfpga_lite/23.1std/nios2eds/bin/gnu/h-x86_64-mingw32/bin/../lib/gcc/nios2-elf/12.3.1/mhw-mulx\libgcc.a(mulsf3.o)
 .data          0x000964cc        0x0 c:/intelfpga_lite/23.1std/nios2eds/bin/gnu/h-x86_64-mingw32/bin/../lib/gcc/nios2-elf/12.3.1/mhw-mulx\libgcc.a(subsf3.o)
 .data          0x000964cc        0x0 c:/intelfpga_lite/23.1std/nios2eds/bin/gnu/h-x86_64-mingw32/bin/../lib/gcc/nios2-elf/12.3.1/mhw-mulx\libgcc.a(unordsf2.o)
 .data          0x000964cc        0x0 c:/intelfpga_lite/23.1std/nios2eds/bin/gnu/h-x86_64-mingw32/bin/../lib/gcc/nios2-elf/12.3.1/mhw-mulx\libgcc.a(fixsfsi.o)
 .data          0x000964cc        0x0 c:/intelfpga_lite/23.1std/nios2eds/bin/gnu/h-x86_64-mingw32/bin/../lib/gcc/nios2-elf/12.3.1/mhw-mulx\libgcc.a(floatsisf.o)
 .data          0x000964cc        0x0 c:/intelfpga_lite/23.1std/nios2eds/bin/gnu/h-x86_64-mingw32/bin/../lib/gcc/nios2-elf/12.3.1/mhw-mulx\libgcc.a(floatunsisf.o)
 .data          0x000964cc        0x0 c:/intelfpga_lite/23.1std/nios2eds/bin/gnu/h-x86_64-mingw32/bin/../lib/gcc/nios2-elf/12.3.1/mhw-mulx\libgcc.a(adddf3.o)
 .data          0x000964cc        0x0 c:/intelfpga_lite/23.1std/nios2eds/bin/gnu/h-x86_64-mingw32/bin/../lib/gcc/nios2-elf/12.3.1/mhw-mulx\libgcc.a(eqdf2.o)
 .data          0x000964cc        0x0 c:/intelfpga_lite/23.1std/nios2eds/bin/gnu/h-x86_64-mingw32/bin/../lib/gcc/nios2-elf/12.3.1/mhw-mulx\libgcc.a(gedf2.o)
 .data          0x000964cc        0x0 c:/intelfpga_lite/23.1std/nios2eds/bin/gnu/h-x86_64-mingw32/bin/../lib/gcc/nios2-elf/12.3.1/mhw-mulx\libgcc.a(muldf3.o)
 .data          0x000964cc        0x0 c:/intelfpga_lite/23.1std/nios2eds/bin/gnu/h-x86_64-mingw32/bin/../lib/gcc/nios2-elf/12.3.1/mhw-mulx\libgcc.a(subdf3.o)
 .data          0x000964cc        0x0 c:/intelfpga_lite/23.1std/nios2eds/bin/gnu/h-x86_64-mingw32/bin/../lib/gcc/nios2-elf/12.3.1/mhw-mulx\libgcc.a(fixdfsi.o)
 .data          0x000964cc        0x0 c:/intelfpga_lite/23.1std/nios2eds/bin/gnu/h-x86_64-mingw32/bin/../lib/gcc/nios2-elf/12.3.1/mhw-mulx\libgcc.a(floatsidf.o)
 .data          0x000964cc        0x0 c:/intelfpga_lite/23.1std/nios2eds/bin/gnu/h-x86_64-mingw32/bin/../lib/gcc/nios2-elf/12.3.1/mhw-mulx\libgcc.a(extendsfdf2.o)
 .data          0x000964cc        0x0 c:/intelfpga_lite/23.1std/nios2eds/bin/gnu/h-x86_64-mingw32/bin/../lib/gcc/nios2-elf/12.3.1/mhw-mulx\libgcc.a(truncdfsf2.o)
 .data          0x000964cc        0x0 c:/intelfpga_lite/23.1std/nios2eds/bin/gnu/h-x86_64-mingw32/bin/../lib/gcc/nios2-elf/12.3.1/mhw-mulx\libgcc.a(_clzsi2.o)
 .data          0x000964cc        0x0 c:/intelfpga_lite/23.1std/nios2eds/bin/gnu/h-x86_64-mingw32/bin/../lib/gcc/nios2-elf/12.3.1/mhw-mulx\libgcc.a(_clz.o)
 .data          0x000964cc        0x0 c:/intelfpga_lite/23.1std/nios2eds/bin/gnu/h-x86_64-mingw32/bin/../lib/gcc/nios2-elf/12.3.1/../../../../../H-x86_64-mingw32/nios2-elf/lib/mhw-mulx\libc.a(libc_a-printf.o)
 .data          0x000964cc        0x0 c:/intelfpga_lite/23.1std/nios2eds/bin/gnu/h-x86_64-mingw32/bin/../lib/gcc/nios2-elf/12.3.1/../../../../../H-x86_64-mingw32/nios2-elf/lib/mhw-mulx\libc.a(libc_a-impure.o)
 .data._impure_data
                0x000964cc      0x11c c:/intelfpga_lite/23.1std/nios2eds/bin/gnu/h-x86_64-mingw32/bin/../lib/gcc/nios2-elf/12.3.1/../../../../../H-x86_64-mingw32/nios2-elf/lib/mhw-mulx\libc.a(libc_a-impure.o)
                0x000964cc                _impure_data
 .data          0x000965e8        0x0 c:/intelfpga_lite/23.1std/nios2eds/bin/gnu/h-x86_64-mingw32/bin/../lib/gcc/nios2-elf/12.3.1/../../../../../H-x86_64-mingw32/nios2-elf/lib/mhw-mulx\libc.a(libc_a-errno.o)
 .data          0x000965e8        0x0 c:/intelfpga_lite/23.1std/nios2eds/bin/gnu/h-x86_64-mingw32/bin/../lib/gcc/nios2-elf/12.3.1/../../../../../H-x86_64-mingw32/nios2-elf/lib/mhw-mulx\libc.a(libc_a-vfprintf.o)
 .data          0x000965e8        0x0 c:/intelfpga_lite/23.1std/nios2eds/bin/gnu/h-x86_64-mingw32/bin/../lib/gcc/nios2-elf/12.3.1/../../../../../H-x86_64-mingw32/nios2-elf/lib/mhw-mulx\libc.a(libc_a-vfiprintf.o)
 .data          0x000965e8        0x0 c:/intelfpga_lite/23.1std/nios2eds/bin/gnu/h-x86_64-mingw32/bin/../lib/gcc/nios2-elf/12.3.1/../../../../../H-x86_64-mingw32/nios2-elf/lib/mhw-mulx\libc.a(libc_a-fflush.o)
 .data          0x000965e8        0x0 c:/intelfpga_lite/23.1std/nios2eds/bin/gnu/h-x86_64-mingw32/bin/../lib/gcc/nios2-elf/12.3.1/../../../../../H-x86_64-mingw32/nios2-elf/lib/mhw-mulx\libc.a(libc_a-findfp.o)
 .data.__sglue  0x000965e8        0xc c:/intelfpga_lite/23.1std/nios2eds/bin/gnu/h-x86_64-mingw32/bin/../lib/gcc/nios2-elf/12.3.1/../../../../../H-x86_64-mingw32/nios2-elf/lib/mhw-mulx\libc.a(libc_a-findfp.o)
                0x000965e8                __sglue
 .data          0x000965f4        0x0 c:/intelfpga_lite/23.1std/nios2eds/bin/gnu/h-x86_64-mingw32/bin/../lib/gcc/nios2-elf/12.3.1/../../../../../H-x86_64-mingw32/nios2-elf/lib/mhw-mulx\libc.a(libc_a-fvwrite.o)
 .data          0x000965f4        0x0 c:/intelfpga_lite/23.1std/nios2eds/bin/gnu/h-x86_64-mingw32/bin/../lib/gcc/nios2-elf/12.3.1/../../../../../H-x86_64-mingw32/nios2-elf/lib/mhw-mulx\libc.a(libc_a-fwalk.o)
 .data          0x000965f4        0x0 c:/intelfpga_lite/23.1std/nios2eds/bin/gnu/h-x86_64-mingw32/bin/../lib/gcc/nios2-elf/12.3.1/../../../../../H-x86_64-mingw32/nios2-elf/lib/mhw-mulx\libc.a(libc_a-stdio.o)
 .data          0x000965f4        0x0 c:/intelfpga_lite/23.1std/nios2eds/bin/gnu/h-x86_64-mingw32/bin/../lib/gcc/nios2-elf/12.3.1/../../../../../H-x86_64-mingw32/nios2-elf/lib/mhw-mulx\libc.a(libc_a-wsetup.o)
 .data          0x000965f4        0x0 c:/intelfpga_lite/23.1std/nios2eds/bin/gnu/h-x86_64-mingw32/bin/../lib/gcc/nios2-elf/12.3.1/../../../../../H-x86_64-mingw32/nios2-elf/lib/mhw-mulx\libc.a(libc_a-fputwc.o)
 .data          0x000965f4        0x0 c:/intelfpga_lite/23.1std/nios2eds/bin/gnu/h-x86_64-mingw32/bin/../lib/gcc/nios2-elf/12.3.1/../../../../../H-x86_64-mingw32/nios2-elf/lib/mhw-mulx\libc.a(libc_a-memchr.o)
 .data          0x000965f4        0x0 c:/intelfpga_lite/23.1std/nios2eds/bin/gnu/h-x86_64-mingw32/bin/../lib/gcc/nios2-elf/12.3.1/../../../../../H-x86_64-mingw32/nios2-elf/lib/mhw-mulx\libc.a(libc_a-memcpy.o)
 .data          0x000965f4        0x0 c:/intelfpga_lite/23.1std/nios2eds/bin/gnu/h-x86_64-mingw32/bin/../lib/gcc/nios2-elf/12.3.1/../../../../../H-x86_64-mingw32/nios2-elf/lib/mhw-mulx\libc.a(libc_a-memmove.o)
 .data          0x000965f4        0x0 c:/intelfpga_lite/23.1std/nios2eds/bin/gnu/h-x86_64-mingw32/bin/../lib/gcc/nios2-elf/12.3.1/../../../../../H-x86_64-mingw32/nios2-elf/lib/mhw-mulx\libc.a(libc_a-memset.o)
 .data          0x000965f4        0x0 c:/intelfpga_lite/23.1std/nios2eds/bin/gnu/h-x86_64-mingw32/bin/../lib/gcc/nios2-elf/12.3.1/../../../../../H-x86_64-mingw32/nios2-elf/lib/mhw-mulx\libc.a(libc_a-strlen.o)
 .data          0x000965f4        0x0 c:/intelfpga_lite/23.1std/nios2eds/bin/gnu/h-x86_64-mingw32/bin/../lib/gcc/nios2-elf/12.3.1/../../../../../H-x86_64-mingw32/nios2-elf/lib/mhw-mulx\libc.a(libc_a-locale.o)
 .data.__global_locale