Archive member included to satisfy reference by file (symbol)

c:/intelfpga_lite/23.1std/nios2eds/bin/gnu/h-x86_64-mingw32/bin/../lib/gcc/nios2-elf/12.3.1/../../../../../H-x86_64-mingw32/nios2-elf/lib/mhw-mulx\libm.a(libm_a-s_cos.o)
                              obj/default/hello_world.o (cos)
c:/intelfpga_lite/23.1std/nios2eds/bin/gnu/h-x86_64-mingw32/bin/../lib/gcc/nios2-elf/12.3.1/../../../../../H-x86_64-mingw32/nios2-elf/lib/mhw-mulx\libm.a(libm_a-wf_fmod.o)
                              obj/default/hello_world.o (fmodf)
c:/intelfpga_lite/23.1std/nios2eds/bin/gnu/h-x86_64-mingw32/bin/../lib/gcc/nios2-elf/12.3.1/../../../../../H-x86_64-mingw32/nios2-elf/lib/mhw-mulx\libm.a(libm_a-sf_cos.o)
                              obj/default/hello_world.o (cosf)
c:/intelfpga_lite/23.1std/nios2eds/bin/gnu/h-x86_64-mingw32/bin/../lib/gcc/nios2-elf/12.3.1/../../../../../H-x86_64-mingw32/nios2-elf/lib/mhw-mulx\libm.a(libm_a-k_cos.o)
                              c:/intelfpga_lite/23.1std/nios2eds/bin/gnu/h-x86_64-mingw32/bin/../lib/gcc/nios2-elf/12.3.1/../../../../../H-x86_64-mingw32/nios2-elf/lib/mhw-mulx\libm.a(libm_a-s_cos.o) (__kernel_cos)
c:/intelfpga_lite/23.1std/nios2eds/bin/gnu/h-x86_64-mingw32/bin/../lib/gcc/nios2-elf/12.3.1/../../../../../H-x86_64-mingw32/nios2-elf/lib/mhw-mulx\libm.a(libm_a-k_sin.o)
                              c:/intelfpga_lite/23.1std/nios2eds/bin/gnu/h-x86_64-mingw32/bin/../lib/gcc/nios2-elf/12.3.1/../../../../../H-x86_64-mingw32/nios2-elf/lib/mhw-mulx\libm.a(libm_a-s_cos.o) (__kernel_sin)
c:/intelfpga_lite/23.1std/nios2eds/bin/gnu/h-x86_64-mingw32/bin/../lib/gcc/nios2-elf/12.3.1/../../../../../H-x86_64-mingw32/nios2-elf/lib/mhw-mulx\libm.a(libm_a-e_rem_pio2.o)
                              c:/intelfpga_lite/23.1std/nios2eds/bin/gnu/h-x86_64-mingw32/bin/../lib/gcc/nios2-elf/12.3.1/../../../../../H-x86_64-mingw32/nios2-elf/lib/mhw-mulx\libm.a(libm_a-s_cos.o) (__ieee754_rem_pio2)
c:/intelfpga_lite/23.1std/nios2eds/bin/gnu/h-x86_64-mingw32/bin/../lib/gcc/nios2-elf/12.3.1/../../../../../H-x86_64-mingw32/nios2-elf/lib/mhw-mulx\libm.a(libm_a-s_fabs.o)
                              c:/intelfpga_lite/23.1std/nios2eds/bin/gnu/h-x86_64-mingw32/bin/../lib/gcc/nios2-elf/12.3.1/../../../../../H-x86_64-mingw32/nios2-elf/lib/mhw-mulx\libm.a(libm_a-e_rem_pio2.o) (fabs)
c:/intelfpga_lite/23.1std/nios2eds/bin/gnu/h-x86_64-mingw32/bin/../lib/gcc/nios2-elf/12.3.1/../../../../../H-x86_64-mingw32/nios2-elf/lib/mhw-mulx\libm.a(libm_a-kf_cos.o)
                              c:/intelfpga_lite/23.1std/nios2eds/bin/gnu/h-x86_64-mingw32/bin/../lib/gcc/nios2-elf/12.3.1/../../../../../H-x86_64-mingw32/nios2-elf/lib/mhw-mulx\libm.a(libm_a-sf_cos.o) (__kernel_cosf)
c:/intelfpga_lite/23.1std/nios2eds/bin/gnu/h-x86_64-mingw32/bin/../lib/gcc/nios2-elf/12.3.1/../../../../../H-x86_64-mingw32/nios2-elf/lib/mhw-mulx\libm.a(libm_a-kf_sin.o)
                              c:/intelfpga_lite/23.1std/nios2eds/bin/gnu/h-x86_64-mingw32/bin/../lib/gcc/nios2-elf/12.3.1/../../../../../H-x86_64-mingw32/nios2-elf/lib/mhw-mulx\libm.a(libm_a-sf_cos.o) (__kernel_sinf)
c:/intelfpga_lite/23.1std/nios2eds/bin/gnu/h-x86_64-mingw32/bin/../lib/gcc/nios2-elf/12.3.1/../../../../../H-x86_64-mingw32/nios2-elf/lib/mhw-mulx\libm.a(libm_a-ef_fmod.o)
                              c:/intelfpga_lite/23.1std/nios2eds/bin/gnu/h-x86_64-mingw32/bin/../lib/gcc/nios2-elf/12.3.1/../../../../../H-x86_64-mingw32/nios2-elf/lib/mhw-mulx\libm.a(libm_a-wf_fmod.o) (__ieee754_fmodf)
c:/intelfpga_lite/23.1std/nios2eds/bin/gnu/h-x86_64-mingw32/bin/../lib/gcc/nios2-elf/12.3.1/../../../../../H-x86_64-mingw32/nios2-elf/lib/mhw-mulx\libm.a(libm_a-ef_rem_pio2.o)
                              c:/intelfpga_lite/23.1std/nios2eds/bin/gnu/h-x86_64-mingw32/bin/../lib/gcc/nios2-elf/12.3.1/../../../../../H-x86_64-mingw32/nios2-elf/lib/mhw-mulx\libm.a(libm_a-sf_cos.o) (__ieee754_rem_pio2f)
c:/intelfpga_lite/23.1std/nios2eds/bin/gnu/h-x86_64-mingw32/bin/../lib/gcc/nios2-elf/12.3.1/../../../../../H-x86_64-mingw32/nios2-elf/lib/mhw-mulx\libm.a(libm_a-sf_fabs.o)
                              c:/intelfpga_lite/23.1std/nios2eds/bin/gnu/h-x86_64-mingw32/bin/../lib/gcc/nios2-elf/12.3.1/../../../../../H-x86_64-mingw32/nios2-elf/lib/mhw-mulx\libm.a(libm_a-ef_rem_pio2.o) (fabsf)
c:/intelfpga_lite/23.1std/nios2eds/bin/gnu/h-x86_64-mingw32/bin/../lib/gcc/nios2-elf/12.3.1/../../../../../H-x86_64-mingw32/nios2-elf/lib/mhw-mulx\libm.a(libm_a-k_rem_pio2.o)
                              c:/intelfpga_lite/23.1std/nios2eds/bin/gnu/h-x86_64-mingw32/bin/../lib/gcc/nios2-elf/12.3.1/../../../../../H-x86_64-mingw32/nios2-elf/lib/mhw-mulx\libm.a(libm_a-e_rem_pio2.o) (__kernel_rem_pio2)
c:/intelfpga_lite/23.1std/nios2eds/bin/gnu/h-x86_64-mingw32/bin/../lib/gcc/nios2-elf/12.3.1/../../../../../H-x86_64-mingw32/nios2-elf/lib/mhw-mulx\libm.a(libm_a-s_floor.o)
[...]
Memory Configuration

Name             Origin             Length             Attributes
reset            0x00080000         0x00000020
onchip_mem       0x00080020         0x0005efe0
*default*        0x00000000         0xffffffff

Linker script and memory map

LOAD c:/DSD/DSD_git/DSD/software/hello_world_custom_instr_bsp//obj/HAL/src/crt0.o
LOAD obj/default/hello_world.o
LOAD c:/intelfpga_lite/23.1std/nios2eds/bin/gnu/h-x86_64-mingw32/bin/../lib/gcc/nios2-elf/12.3.1/../../../../../H-x86_64-mingw32/nios2-elf/lib/mhw-mulx\libstdc++.a
LOAD c:/intelfpga_lite/23.1std/nios2eds/bin/gnu/h-x86_64-mingw32/bin/../lib/gcc/nios2-elf/12.3.1/../../../../../H-x86_64-mingw32/nios2-elf/lib/mhw-mulx\libm.a
LOAD c:/intelfpga_lite/23.1std/nios2eds/bin/gnu/h-x86_64-mingw32/bin/../lib/gcc/nios2-elf/12.3.1/mhw-mulx\libgcc.a
START GROUP
LOAD c:/intelfpga_lite/23.1std/nios2eds/bin/gnu/h-x86_64-mingw32/bin/../lib/gcc/nios2-elf/12.3.1/../../../../../H-x86_64-mingw32/nios2-elf/lib/mhw-mulx\libc.a
LOAD c:/intelfpga_lite/23.1std/nios2eds/bin/gnu/h-x86_64-mingw32/bin/../lib/gcc/nios2-elf/12.3.1/mhw-mulx\libgcc.a
LOAD c:/DSD/DSD_git/DSD/software/hello_world_custom_instr_bsp/\libhal_bsp.a
LOAD c:/intelfpga_lite/23.1std/nios2eds/bin/gnu/h-x86_64-mingw32/bin/../lib/gcc/nios2-elf/12.3.1/../../../../../H-x86_64-mingw32/nios2-elf/lib/mhw-mulx\libm.a
END GROUP
LOAD c:/intelfpga_lite/23.1std/nios2eds/bin/gnu/h-x86_64-mingw32/bin/../lib/gcc/nios2-elf/12.3.1/mhw-mulx\libgcc.a
                0x00080000                        __alt_mem_onchip_mem = 0x80000

.entry          0x00080000       0x20
 *(.entry)
 .entry         0x00080000       0x20 c:/DSD/DSD_git/DSD/software/hello_world_custom_instr_bsp//obj/HAL/src/crt0.o
                0x00080000                __reset

.exceptions     0x00080020      0x218
                0x00080020                        PROVIDE (__ram_exceptions_start = ABSOLUTE (.))
                0x00080020                        . = ALIGN (0x20)
 *(.irq)
 *(.exceptions.entry.label)
 .exceptions.entry.label
                0x00080020        0x0 c:/DSD/DSD_git/DSD/software/hello_world_custom_instr_bsp/\libhal_bsp.a(alt_irq_entry.o)
                0x00080020                alt_irq_entry
 .exceptions.entry.label
                0x00080020        0x0 c:/DSD/DSD_git/DSD/software/hello_world_custom_instr_bsp/\libhal_bsp.a(alt_exception_entry.o)
                0x00080020                alt_exception
 *(.exceptions.entry.user)
 *(.exceptions.entry.ecc_fatal)
 *(.exceptions.entry)
 .exceptions.entry
                0x00080020       0x54 c:/DSD/DSD_git/DSD/software/hello_world_custom_instr_bsp/\libhal_bsp.a(alt_exception_entry.o)
 *(.exceptions.irqtest.user)
 *(.exceptions.irqtest)
 .exceptions.irqtest
                0x00080074       0x10 c:/DSD/DSD_git/DSD/software/hello_world_custom_instr_bsp/\libhal_bsp.a(alt_irq_entry.o)
 *(.exceptions.irqhandler.user)
 *(.exceptions.irqhandler)
 .exceptions.irqhandler
                0x00080084        0x4 c:/DSD/DSD_git/DSD/software/hello_world_custom_instr_bsp/\libhal_bsp.a(alt_irq_entry.o)
 *(.exceptions.irqreturn.user)
 *(.exceptions.irqreturn)
 .exceptions.irqreturn
                0x00080088        0x4 c:/DSD/DSD_git/DSD/software/hello_world_custom_instr_bsp/\libhal_bsp.a(alt_irq_entry.o)
 *(.exceptions.notirq.label)
 .exceptions.notirq.label
                0x0008008c        0x0 c:/DSD/DSD_git/DSD/software/hello_world_custom_instr_bsp/\libhal_bsp.a(alt_irq_entry.o)
 *(.exceptions.notirq.user)
 *(.exceptions.notirq)
 .exceptions.notirq
                0x0008008c        0x8 c:/DSD/DSD_git/DSD/software/hello_world_custom_instr_bsp/\libhal_bsp.a(alt_exception_entry.o)
 *(.exceptions.soft.user)
 *(.exceptions.soft)
 *(.exceptions.unknown.user)
 *(.exceptions.unknown)
 .exceptions.unknown
                0x00080094       0x14 c:/DSD/DSD_git/DSD/software/hello_world_custom_instr_bsp/\libhal_bsp.a(alt_exception_entry.o)
 *(.exceptions.exit.label)
 .exceptions.exit.label
                0x000800a8        0x0 c:/DSD/DSD_git/DSD/software/hello_world_custom_instr_bsp/\libhal_bsp.a(alt_irq_entry.o)
 .exceptions.exit.label
                0x000800a8        0x0 c:/DSD/DSD_git/DSD/software/hello_world_custom_instr_bsp/\libhal_bsp.a(alt_exception_entry.o)
 *(.exceptions.exit.user)
 *(.exceptions.exit)
 .exceptions.exit
                0x000800a8       0x54 c:/DSD/DSD_git/DSD/software/hello_world_custom_instr_bsp/\libhal_bsp.a(alt_exception_entry.o)
 *(.exceptions)
 .exceptions    0x000800fc       0xc8 c:/DSD/DSD_git/DSD/software/hello_world_custom_instr_bsp/\libhal_bsp.a(alt_irq_handler.o)
                0x000800fc                alt_irq_handler
 .exceptions    0x000801c4       0x74 c:/DSD/DSD_git/DSD/software/hello_world_custom_instr_bsp/\libhal_bsp.a(alt_instruction_exception_entry.o)
                0x000801c4                alt_instruction_exception_entry
                0x00080238                        PROVIDE (__ram_exceptions_end = ABSOLUTE (.))
                0x00080020                        PROVIDE (__flash_exceptions_start = LOADADDR (.exceptions))

.text           0x00080238    0x17b4c
                [!provide]                        PROVIDE (stext = ABSOLUTE (.))
 *(.interp)
 *(.hash)
 *(.dynsym)
 *(.dynstr)
 *(.gnu.version)
 *(.gnu.version_d)
 *(.gnu.version_r)
 *(.rel.init)
 *(.rela.init)
 *(.rel.text .rel.text.* .rel.gnu.linkonce.t.*)
 *(.rela.text .rela.text.* .rela.gnu.linkonce.t.*)
 *(.rel.fini)
 *(.rela.fini)
 *(.rel.rodata .rel.rodata.* .rel.gnu.linkonce.r.*)
 *(.rela.rodata .rela.rodata.* .rela.gnu.linkonce.r.*)
 *(.rel.data .rel.data.* .rel.gnu.linkonce.d.*)
 *(.rela.data .rela.data.* .rela.gnu.linkonce.d.*)
 *(.rel.tdata .rel.tdata.* .rel.gnu.linkonce.td.*)
 *(.rela.tdata .rela.tdata.* .rela.gnu.linkonce.td.*)
 *(.rel.tbss .rel.tbss.* .rel.gnu.linkonce.tb.*)
 *(.rela.tbss .rela.tbss.* .rela.gnu.linkonce.tb.*)
 *(.rel.ctors)
 *(.rela.ctors)
 *(.rel.dtors)
 *(.rela.dtors)
 *(.rel.got)
 *(.rela.got)
 *(.rel.sdata .rel.sdata.* .rel.gnu.linkonce.s.*)
 *(.rela.sdata .rela.sdata.* .rela.gnu.linkonce.s.*)
 *(.rel.sbss .rel.sbss.* .rel.gnu.linkonce.sb.*)
 *(.rela.sbss .rela.sbss.* .rela.gnu.linkonce.sb.*)
 *(.rel.sdata2 .rel.sdata2.* .rel.gnu.linkonce.s2.*)
 *(.rela.sdata2 .rela.sdata2.* .rela.gnu.linkonce.s2.*)
 *(.rel.sbss2 .rel.sbss2.* .rel.gnu.linkonce.sb2.*)
 *(.rela.sbss2 .rela.sbss2.* .rela.gnu.linkonce.sb2.*)
 *(.rel.bss .rel.bss.* .rel.gnu.linkonce.b.*)
 *(.rela.bss .rela.bss.* .rela.gnu.linkonce.b.*)
 *(.rel.plt)
 *(.rela.plt)
 *(.rel.dyn)
 *(.init)
 *(.plt)
 *(.text .stub .text.* .gnu.linkonce.t.*)
 .text          0x00080238       0x4c c:/DSD/DSD_git/DSD/software/hello_world_custom_instr_bsp//obj/HAL/src/crt0.o
                0x00080238                _start
 .text          0x00080284     0x1060 obj/default/hello_world.o
                0x000803b0                init_cos_lut
                0x00080454                lookup_cos
                0x00080674                generateVector
                0x00080724                calculateSoftwareFunctionTask6
                0x0008090c                calculateFunctionTask6
                0x00080ae4                calculateFunctionTask6Cosf
                0x00080c90                calculateFunctionTask7Cordic
                0x00080e2c                calculateFunctionTask7Full
                0x00080ebc                calculateFunctionTask8SGDMA
                0x00080fe8                main
 .text          0x000812e4        0x0 c:/intelfpga_lite/23.1std/nios2eds/bin/gnu/h-x86_64-mingw32/bin/../lib/gcc/nios2-elf/12.3.1/../../../../../H-x86_64-mingw32/nios2-elf/lib/mhw-mulx\libm.a(libm_a-s_cos.o)
 .text.cos      0x000812e4       0xdc c:/intelfpga_lite/23.1std/nios2eds/bin/gnu/h-x86_64-mingw32/bin/../lib/gcc/nios2-elf/12.3.1/../../../../../H-x86_64-mingw32/nios2-elf/lib/mhw-mulx\libm.a(libm_a-s_cos.o)
                0x000812e4                cos
 .text          0x000813c0        0x0 c:/intelfpga_lite/23.1std/nios2eds/bin/gnu/h-x86_64-mingw32/bin/../lib/gcc/nios2-elf/12.3.1/../../../../../H-x86_64-mingw32/nios2-elf/lib/mhw-mulx\libm.a(libm_a-wf_fmod.o)
 .text.fmodf    0x000813c0       0x7c c:/intelfpga_lite/23.1std/nios2eds/bin/gnu/h-x86_64-mingw32/bin/../lib/gcc/nios2-elf/12.3.1/../../../../../H-x86_64-mingw32/nios2-elf/lib/mhw-mulx\libm.a(libm_a-wf_fmod.o)
                0x000813c0                fmodf
 .text          0x0008143c        0x0 c:/intelfpga_lite/23.1std/nios2eds/bin/gnu/h-x86_64-mingw32/bin/../lib/gcc/nios2-elf/12.3.1/../../../../../H-x86_64-mingw32/nios2-elf/lib/mhw-mulx\libm.a(libm_a-sf_cos.o)
 .text.cosf     0x0008143c       0xb0 c:/intelfpga_lite/23.1std/nios2eds/bin/gnu/h-x86_64-mingw32/bin/../lib/gcc/nios2-elf/12.3.1/../../../../../H-x86_64-mingw32/nios2-elf/lib/mhw-mulx\libm.a(libm_a-sf_cos.o)
                0x0008143c                cosf
 .text          0x000814ec        0x0 c:/intelfpga_lite/23.1std/nios2eds/bin/gnu/h-x86_64-mingw32/bin/../lib/gcc/nios2-elf/12.3.1/../../../../../H-x86_64-mingw32/nios2-elf/lib/mhw-mulx\libm.a(libm_a-k_cos.o)
 .text.__kernel_cos
                0x000814ec      0x2c8 c:/intelfpga_lite/23.1std/nios2eds/bin/gnu/h-x86_64-mingw32/bin/../lib/gcc/nios2-elf/12.3.1/../../../../../H-x86_64-mingw32/nios2-elf/lib/mhw-mulx\libm.a(libm_a-k_cos.o)
                0x000814ec                __kernel_cos
 .text          0x000817b4        0x0 c:/intelfpga_lite/23.1std/nios2eds/bin/gnu/h-x86_64-mingw32/bin/../lib/gcc/nios2-elf/12.3.1/../../../../../H-x86_64-mingw32/nios2-elf/lib/mhw-mulx\libm.a(libm_a-k_sin.o)
 .text.__kernel_sin
                0x000817b4      0x2c4 c:/intelfpga_lite/23.1std/nios2eds/bin/gnu/h-x86_64-mingw32/bin/../lib/gcc/nios2-elf/12.3.1/../../../../../H-x86_64-mingw32/nios2-elf/lib/mhw-mulx\libm.a(libm_a-k_sin.o)
                0x000817b4                __kernel_sin
 .text          0x00081a78        0x0 c:/intelfpga_lite/23.1std/nios2eds/bin/gnu/h-x86_64-mingw32/bin/../lib/gcc/nios2-elf/12.3.1/../../../../../H-x86_64-mingw32/nios2-elf/lib/mhw-mulx\libm.a(libm_a-e_rem_pio2.o)
 .text.__ieee754_rem_pio2
                0x00081a78      0x6dc c:/intelfpga_lite/23.1std/nios2eds/bin/gnu/h-x86_64-mingw32/bin/../lib/gcc/nios2-elf/12.3.1/../../../../../H-x86_64-mingw32/nios2-elf/lib/mhw-mulx\libm.a(libm_a-e_rem_pio2.o)
                0x00081a78                __ieee754_rem_pio2
 .text          0x00082154        0x0 c:/intelfpga_lite/23.1std/nios2eds/bin/gnu/h-x86_64-mingw32/bin/../lib/gcc/nios2-elf/12.3.1/../../../../../H-x86_64-mingw32/nios2-elf/lib/mhw-mulx\libm.a(libm_a-s_fabs.o)
 .text.fabs     0x00082154       0x14 c:/intelfpga_lite/23.1std/nios2eds/bin/gnu/h-x86_64-mingw32/bin/../lib/gcc/nios2-elf/12.3.1/../../../../../H-x86_64-mingw32/nios2-elf/lib/mhw-mulx\libm.a(libm_a-s_fabs.o)
                0x00082154                fabs
 .text          0x00082168        0x0 c:/intelfpga_lite/23.1std/nios2eds/bin/gnu/h-x86_64-mingw32/bin/../lib/gcc/nios2-elf/12.3.1/../../../../../H-x86_64-mingw32/nios2-elf/lib/mhw-mulx\libm.a(libm_a-kf_cos.o)
 .text.__kernel_cosf
                0x00082168      0x1c0 c:/intelfpga_lite/23.1std/nios2eds/bin/gnu/h-x86_64-mingw32/bin/../lib/gcc/nios2-elf/12.3.1/../../../../../H-x86_64-mingw32/nios2-elf/lib/mhw-mulx\libm.a(libm_a-kf_cos.o)
                0x00082168                __kernel_cosf
 .text          0x00082328        0x0 c:/intelfpga_lite/23.1std/nios2eds/bin/gnu/h-x86_64-mingw32/bin/../lib/gcc/nios2-elf/12.3.1/../../../../../H-x86_64-mingw32/nios2-elf/lib/mhw-mulx\libm.a(libm_a-kf_sin.o)
 .text.__kernel_sinf
                0x00082328      0x1b4 c:/intelfpga_lite/23.1std/nios2eds/bin/gnu/h-x86_64-mingw32/bin/../lib/gcc/nios2-elf/12.3.1/../../../../../H-x86_64-mingw32/nios2-elf/lib/mhw-mulx\libm.a(libm_a-kf_sin.o)
                0x00082328                __kernel_sinf
 .text          0x000824dc        0x0 c:/intelfpga_lite/23.1std/nios2eds/bin/gnu/h-x86_64-mingw32/bin/../lib/gcc/nios2-elf/12.3.1/../../../../../H-x86_64-mingw32/nios2-elf/lib/mhw-mulx\libm.a(libm_a-ef_fmod.o)
 .text.__ieee754_fmodf
                0x000824dc      0x190 c:/intelfpga_lite/23.1std/nios2eds/bin/gnu/h-x86_64-mingw32/bin/../lib/gcc/nios2-elf/12.3.1/../../../../../H-x86_64-mingw32/nios2-elf/lib/mhw-mulx\libm.a(libm_a-ef_fmod.o)
                0x000824dc                __ieee754_fmodf
 .text          0x0008266c        0x0 c:/intelfpga_lite/23.1std/nios2eds/bin/gnu/h-x86_64-mingw32/bin/../lib/gcc/nios2-elf/12.3.1/../../../../../H-x86_64-mingw32/nios2-elf/lib/mhw-mulx\libm.a(libm_a-ef_rem_pio2.o)
 .text.__ieee754_rem_pio2f
                0x0008266c      0x4f0 c:/intelfpga_lite/23.1std/nios2eds/bin/gnu/h-x86_64-mingw32/bin/../lib/gcc/nios2-elf/12.3.1/../../../../../H-x86_64-mingw32/nios2-elf/lib/mhw-mulx\libm.a(libm_a-ef_rem_pio2.o)
                0x0008266c                __ieee754_rem_pio2f
 .text          0x00082b5c        0x0 c:/intelfpga_lite/23.1std/nios2eds/bin/gnu/h-x86_64-mingw32/bin/../lib/gcc/nios2-elf/12.3.1/../../../../../H-x86_64-mingw32/nios2-elf/lib/mhw-mulx\libm.a(libm_a-sf_fabs.o)
 .text.fabsf    0x00082b5c       0x10 c:/intelfpga_lite/23.1std/nios2eds/bin/gnu/h-x86_64-mingw32/bin/../lib/gcc/nios2-elf/12.3.1/../../../../../H-x86_64-mingw32/nios2-elf/lib/mhw-mulx\libm.a(libm_a-sf_fabs.o)
                0x00082b5c                fabsf
 .text          0x00082b6c        0x0 c:/intelfpga_lite/23.1std/nios2eds/bin/gnu/h-x86_64-mingw32/bin/../lib/gcc/nios2-elf/12.3.1/../../../../../H-x86_64-mingw32/nios2-elf/lib/mhw-mulx\libm.a(libm_a-k_rem_pio2.o)
 .text.__kernel_rem_pio2
                0x00082b6c      0xb2c c:/intelfpga_lite/23.1std/nios2eds/bin/gnu/h-x86_64-mingw32/bin/../lib/gcc/nios2-elf/12.3.1/../../../../../H-x86_64-mingw32/nios2-elf/lib/mhw-mulx\libm.a(libm_a-k_rem_pio2.o)
                0x00082b6c                __kernel_rem_pio2
 .text          0x00083698        0x0 c:/intelfpga_lite/23.1std/nios2eds/bin/gnu/h-x86_64-mingw32/bin/../lib/gcc/nios2-elf/12.3.1/../../../../../H-x86_64-mingw32/nios2-elf/lib/mhw-mulx\libm.a(libm_a-s_floor.o)
 .text.floor    0x00083698      0x1d0 c:/intelfpga_lite/23.1std/nios2eds/bin/gnu/h-x86_64-mingw32/bin/../lib/gcc/nios2-elf/12.3.1/../../../../../H-x86_64-mingw32/nios2-elf/lib/mhw-mulx\libm.a(libm_a-s_floor.o)
                0x00083698                floor
 .text          0x00083868        0x0 c:/intelfpga_lite/23.1std/nios2eds/bin/gnu/h-x86_64-mingw32/bin/../lib/gcc/nios2-elf/12.3.1/../../../../../H-x86_64-mingw32/nios2-elf/lib/mhw-mulx\libm.a(libm_a-kf_rem_pio2.o)
 .text.__kernel_rem_pio2f
                0x00083868      0x928 c:/intelfpga_lite/23.1std/nios2eds/bin/gnu/h-x86_64-mingw32/bin/../lib/gcc/nios2-elf/12.3.1/../../../../../H-x86_64-mingw32/nios2-elf/lib/mhw-mulx\libm.a(libm_a-kf_rem_pio2.o)
                0x00083868                __kernel_rem_pio2f
 .text          0x00084190        0x0 c:/intelfpga_lite/23.1std/nios2eds/bin/gnu/h-x86_64-mingw32/bin/../lib/gcc/nios2-elf/12.3.1/../../../../../H-x86_64-mingw32/nios2-elf/lib/mhw-mulx\libm.a(libm_a-sf_floor.o)
 .text.floorf   0x00084190       0xf0 c:/intelfpga_lite/23.1std/nios2eds/bin/gnu/h-x86_64-mingw32/bin/../lib/gcc/nios2-elf/12.3.1/../../../../../H-x86_64-mingw32/nios2-elf/lib/mhw-mulx\libm.a(libm_a-sf_floor.o)
                0x00084190                floorf
 .text          0x00084280        0x0 c:/intelfpga_lite/23.1std/nios2eds/bin/gnu/h-x86_64-mingw32/bin/../lib/gcc/nios2-elf/12.3.1/../../../../../H-x86_64-mingw32/nios2-elf/lib/mhw-mulx\libm.a(libm_a-s_scalbn.o)
 .text.scalbn   0x00084280      0x164 c:/intelfpga_lite/23.1std/nios2eds/bin/gnu/h-x86_64-mingw32/bin/../lib/gcc/nios2-elf/12.3.1/../../../../../H-x86_64-mingw32/nios2-elf/lib/mhw-mulx\libm.a(libm_a-s_scalbn.o)
                0x00084280                scalbn
 .text          0x000843e4        0x0 c:/intelfpga_lite/23.1std/nios2eds/bin/gnu/h-x86_64-mingw32/bin/../lib/gcc/nios2-elf/12.3.1/../../../../../H-x86_64-mingw32/nios2-elf/lib/mhw-mulx\libm.a(libm_a-sf_scalbn.o)
 .text.scalbnf  0x000843e4      0x120 c:/intelfpga_lite/23.1std/nios2eds/bin/gnu/h-x86_64-mingw32/bin/../lib/gcc/nios2-elf/12.3.1/../../../../../H-x86_64-mingw32/nios2-elf/lib/mhw-mulx\libm.a(libm_a-sf_scalbn.o)
                0x000843e4                scalbnf
 .text          0x00084504      0x1b4 c:/intelfpga_lite/23.1std/nios2eds/bin/gnu/h-x86_64-mingw32/bin/../lib/gcc/nios2-elf/12.3.1/mhw-mulx\libgcc.a(lib2-divmod.o)
                0x00084504                __divsi3
                0x00084584                __modsi3
                0x000845f8                __udivsi3
                0x0008465c                __umodsi3
 .text          0x000846b8      0x494 c:/intelfpga_lite/23.1std/nios2eds/bin/gnu/h-x86_64-mingw32/bin/../lib/gcc/nios2-elf/12.3.1/mhw-mulx\libgcc.a(addsf3.o)
                0x000846b8                __addsf3
 .text          0x00084b4c      0x418 c:/intelfpga_lite/23.1std/nios2eds/bin/gnu/h-x86_64-mingw32/bin/../lib/gcc/nios2-elf/12.3.1/mhw-mulx\libgcc.a(divsf3.o)
                0x00084b4c                __divsf3
 .text          0x00084f64       0x78 c:/intelfpga_lite/23.1std/nios2eds/bin/gnu/h-x86_64-mingw32/bin/../lib/gcc/nios2-elf/12.3.1/mhw-mulx\libgcc.a(eqsf2.o)
                0x00084f64                __eqsf2
                0x00084f64                __nesf2
 .text          0x00084fdc       0xd4 c:/intelfpga_lite/23.1std/nios2eds/bin/gnu/h-x86_64-mingw32/bin/../lib/gcc/nios2-elf/12.3.1/mhw-mulx\libgcc.a(gesf2.o)
                0x00084fdc                __gesf2
                0x00084fdc                __gtsf2
 .text          0x000850b0       0xd0 c:/intelfpga_lite/23.1std/nios2eds/bin/gnu/h-x86_64-mingw32/bin/../lib/gcc/nios2-elf/12.3.1/mhw-mulx\libgcc.a(lesf2.o)
                0x000850b0                __ltsf2
                0x000850b0                __lesf2
 .text          0x00085180      0x3e8 c:/intelfpga_lite/23.1std/nios2eds/bin/gnu/h-x86_64-mingw32/bin/../lib/gcc/nios2-elf/12.3.1/mhw-mulx\libgcc.a(mulsf3.o)
                0x00085180                __mulsf3
 .text          0x00085568      0x524 c:/intelfpga_lite/23.1std/nios2eds/bin/gnu/h-x86_64-mingw32/bin/../lib/gcc/nios2-elf/12.3.1/mhw-mulx\libgcc.a(subsf3.o)
                0x00085568                __subsf3
 .text          0x00085a8c       0x4c c:/intelfpga_lite/23.1std/nios2eds/bin/gnu/h-x86_64-mingw32/bin/../lib/gcc/nios2-elf/12.3.1/mhw-mulx\libgcc.a(unordsf2.o)
                0x00085a8c                __unordsf2
 .text          0x00085ad8       0x70 c:/intelfpga_lite/23.1std/nios2eds/bin/gnu/h-x86_64-mingw32/bin/../lib/gcc/nios2-elf/12.3.1/mhw-mulx\libgcc.a(fixsfsi.o)
                0x00085ad8                __fixsfsi
 .text          0x00085b48      0x128 c:/intelfpga_lite/23.1std/nios2eds/bin/gnu/h-x86_64-mingw32/bin/../lib/gcc/nios2-elf/12.3.1/mhw-mulx\libgcc.a(floatsisf.o)
                0x00085b48                __floatsisf
 .text          0x00085c70      0x10c c:/intelfpga_lite/23.1std/nios2eds/bin/gnu/h-x86_64-mingw32/bin/../lib/gcc/nios2-elf/12.3.1/mhw-mulx\libgcc.a(floatunsisf.o)
                0x00085c70                __floatunsisf
 .text          0x00085d7c      0x904 c:/intelfpga_lite/23.1std/nios2eds/bin/gnu/h-x86_64-mingw32/bin/../lib/gcc/nios2-elf/12.3.1/mhw-mulx\libgcc.a(adddf3.o)
                0x00085d7c                __adddf3
 .text          0x00086680       0x94 c:/intelfpga_lite/23.1std/nios2eds/bin/gnu/h-x86_64-mingw32/bin/../lib/gcc/nios2-elf/12.3.1/mhw-mulx\libgcc.a(eqdf2.o)
                0x00086680                __nedf2
                0x00086680                __eqdf2
 .text          0x00086714       0xfc c:/intelfpga_lite/23.1std/nios2eds/bin/gnu/h-x86_64-mingw32/bin/../lib/gcc/nios2-elf/12.3.1/mhw-mulx\libgcc.a(gedf2.o)
                0x00086714                __gedf2
                0x00086714                __gtdf2
 .text          0x00086810      0x6d8 c:/intelfpga_lite/23.1std/nios2eds/bin/gnu/h-x86_64-mingw32/bin/../lib/gcc/nios2-elf/12.3.1/mhw-mulx\libgcc.a(muldf3.o)
                0x00086810                __muldf3
 .text          0x00086ee8      0x99c c:/intelfpga_lite/23.1std/nios2eds/bin/gnu/h-x86_64-mingw32/bin/../lib/gcc/nios2-elf/12.3.1/mhw-mulx\libgcc.a(subdf3.o)
                0x00086ee8                __subdf3
 .text          0x00087884       0x80 c:/intelfpga_lite/23.1std/nios2eds/bin/gnu/h-x86_64-mingw32/bin/../lib/gcc/nios2-elf/12.3.1/mhw-mulx\libgcc.a(fixdfsi.o)
                0x00087884                __fixdfsi
 .text          0x00087904       0xb8 c:/intelfpga_lite/23.1std/nios2eds/bin/gnu/h-x86_64-mingw32/bin/../lib/gcc/nios2-elf/12.3.1/mhw-mulx\libgcc.a(floatsidf.o)
                0x00087904                __floatsidf
 .text          0x000879bc       0xfc c:/intelfpga_lite/23.1std/nios2eds/bin/gnu/h-x86_64-mingw32/bin/../lib/gcc/nios2-elf/12.3.1/mhw-mulx\libgcc.a(extendsfdf2.o)
                0x000879bc                __extendsfdf2
 .text          0x00087ab8      0x194 c:/intelfpga_lite/23.1std/nios2eds/bin/gnu/h-x86_64-mingw32/bin/../lib/gcc/nios2-elf/12.3.1/mhw-mulx\libgcc.a(truncdfsf2.o)
                0x00087ab8                __truncdfsf2
 .text          0x00087c4c       0x50 c:/intelfpga_lite/23.1std/nios2eds/bin/gnu/h-x86_64-mingw32/bin/../lib/gcc/nios2-elf/12.3.1/mhw-mulx\libgcc.a(_clzsi2.o)
                0x00087c4c                __clzsi2
 .text          0x00087c9c        0x0 c:/intelfpga_lite/23.1std/nios2eds/bin/gnu/h-x86_64-mingw32/bin/../lib/gcc/nios2-elf/12.3.1/mhw-mulx\libgcc.a(_clz.o)
 .text          0x00087c9c        0x0 c:/intelfpga_lite/23.1std/nios2eds/bin/gnu/h-x86_64-mingw32/bin/../lib/gcc/nios2-elf/12.3.1/../../../../../H-x86_64-mingw32/nios2-elf/lib/mhw-mulx\libc.a(libc_a-printf.o)
 .text._printf_r
                0x00087c9c       0x30 c:/intelfpga_lite/23.1std/nios2eds/bin/gnu/h-x86_64-mingw32/bin/../lib/gcc/nios2-elf/12.3.1/../../../../../H-x86_64-mingw32/nios2-elf/lib/mhw-mulx\libc.a(libc_a-printf.o)
                0x00087c9c                _printf_r
 .text.printf   0x00087ccc       0x38 c:/intelfpga_lite/23.1std/nios2eds/bin/gnu/h-x86_64-mingw32/bin/../lib/gcc/nios2-elf/12.3.1/../../../../../H-x86_64-mingw32/nios2-elf/lib/mhw-mulx\libc.a(libc_a-printf.o)
                0x00087ccc                printf
 .text          0x00087d04        0x0 c:/intelfpga_lite/23.1std/nios2eds/bin/gnu/h-x86_64-mingw32/bin/../lib/gcc/nios2-elf/12.3.1/../../../../../H-x86_64-mingw32/nios2-elf/lib/mhw-mulx\libc.a(libc_a-puts.o)
 .text._puts_r  0x00087d04       0xd0 c:/intelfpga_lite/23.1std/nios2eds/bin/gnu/h-x86_64-mingw32/bin/../lib/gcc/nios2-elf/12.3.1/../../../../../H-x86_64-mingw32/nios2-elf/lib/mhw-mulx\libc.a(libc_a-puts.o)
                0x00087d04                _puts_r
 .text.puts     0x00087dd4       0x10 c:/intelfpga_lite/23.1std/nios2eds/bin/gnu/h-x86_64-mingw32/bin/../lib/gcc/nios2-elf/12.3.1/../../../../../H-x86_64-mingw32/nios2-elf/lib/mhw-mulx\libc.a(libc_a-puts.o)
                0x00087dd4                puts
 .text          0x00087de4        0x0 c:/intelfpga_lite/23.1std/nios2eds/bin/gnu/h-x86_64-mingw32/bin/../lib/gcc/nios2-elf/12.3.1/../../../../../H-x86_64-mingw32/nios2-elf/lib/mhw-mulx\libc.a(libc_a-strlen.o)
 .text.strlen   0x00087de4       0x98 c:/intelfpga_lite/23.1std/nios2eds/bin/gnu/h-x86_64-mingw32/bin/../lib/gcc/nios2-elf/12.3.1/../../../../../H-x86_64-mingw32/nios2-elf/lib/mhw-mulx\libc.a(libc_a-strlen.o)
                0x00087de4                strlen
 .text          0x00087e7c        0x0 c:/intelfpga_lite/23.1std/nios2eds/bin/gnu/h-x86_64-mingw32/bin/../lib/gcc/nios2-elf/12.3.1/../../../../../H-x86_64-mingw32/nios2-elf/lib/mhw-mulx\libc.a(libc_a-impure.o)
 .text          0x00087e7c        0x0 c:/intelfpga_lite/23.1std/nios2eds/bin/gnu/h-x86_64-mingw32/bin/../lib/gcc/nios2-elf/12.3.1/../../../../../H-x86_64-mingw32/nios2-elf/lib/mhw-mulx\libc.a(libc_a-errno.o)
 .text.__errno  0x00087e7c        0xc c:/intelfpga_lite/23.1std/nios2eds/bin/gnu/h-x86_64-mingw32/bin/../lib/gcc/nios2-elf/12.3.1/../../../../../H-x86_64-mingw32/nios2-elf/lib/mhw-mulx\libc.a(libc_a-errno.o)
                0x00087e7c                __errno
 .text          0x00087e88        0x0 c:/intelfpga_lite/23.1std/nios2eds/bin/gnu/h-x86_64-mingw32/bin/../lib/gcc/nios2-elf/12.3.1/../../../../../H-x86_64-mingw32/nios2-elf/lib/mhw-mulx\libc.a(libc_a-vfprintf.o)
 .text.___vfprintf_internal_r
                0x00087e88     0x2300 c:/intelfpga_lite/23.1std/nios2eds/bin/gnu/h-x86_64-mingw32/bin/../lib/gcc/nios2-elf/12.3.1/../../../../../H-x86_64-mingw32/nios2-elf/lib/mhw-mulx\libc.a(libc_a-vfprintf.o)
                0x00087e88                ___vfprintf_internal_r
 .text.__vfprintf_internal
                0x0008a188       0x1c c:/intelfpga_lite/23.1std/nios2eds/bin/gnu/h-x86_64-mingw32/bin/../lib/gcc/nios2-elf/12.3.1/../../../../../H-x86_64-mingw32/nios2-elf/lib/mhw-mulx\libc.a(libc_a-vfprintf.o)
                0x0008a188                __vfprintf_internal
 .text.__sbprintf
                0x0008a1a4       0xc4 c:/intelfpga_lite/23.1std/nios2eds/bin/gnu/h-x86_64-mingw32/bin/../lib/gcc/nios2-elf/12.3.1/../../../../../H-x86_64-mingw32/nios2-elf/lib/mhw-mulx\libc.a(libc_a-vfprintf.o)
 .text          0x0008a268        0x0 c:/intelfpga_lite/23.1std/nios2eds/bin/gnu/h-x86_64-mingw32/bin/../lib/gcc/nios2-elf/12.3.1/../../../../../H-x86_64-mingw32/nios2-elf/lib/mhw-mulx\libc.a(libc_a-vfiprintf.o)
 .text.__sprint_r.part.0
                0x0008a268       0xf4 c:/intelfpga_lite/23.1std/nios2eds/bin/gnu/h-x86_64-mingw32/bin/../lib/gcc/nios2-elf/12.3.1/../../../../../H-x86_64-mingw32/nios2-elf/lib/mhw-mulx\libc.a(libc_a-vfiprintf.o)
 .text.__sprint_r
                0x0008a35c       0x18 c:/intelfpga_lite/23.1std/nios2eds/bin/gnu/h-x86_64-mingw32/bin/../lib/gcc/nios2-elf/12.3.1/../../../../../H-x86_64-mingw32/nios2-elf/lib/mhw-mulx\libc.a(libc_a-vfiprintf.o)
                0x0008a35c                __sprint_r
 .text.___vfiprintf_internal_r
                0x0008a374     0x128c c:/intelfpga_lite/23.1std/nios2eds/bin/gnu/h-x86_64-mingw32/bin/../lib/gcc/nios2-elf/12.3.1/../../../../../H-x86_64-mingw32/nios2-elf/lib/mhw-mulx\libc.a(libc_a-vfiprintf.o)
                0x0008a374                ___vfiprintf_internal_r
 .text.__vfiprintf_internal
                0x0008b600       0x1c c:/intelfpga_lite/23.1std/nios2eds/bin/gnu/h-x86_64-mingw32/bin/../lib/gcc/nios2-elf/12.3.1/../../../../../H-x86_64-mingw32/nios2-elf/lib/mhw-mulx\libc.a(libc_a-vfiprintf.o)
                0x0008b600                __vfiprintf_internal
 .text.__sbprintf
                0x0008b61c       0xc4 c:/intelfpga_lite/23.1std/nios2eds/bin/gnu/h-x86_64-mingw32/bin/../lib/gcc/nios2-elf/12.3.1/../../../../../H-x86_64-mingw32/nios2-elf/lib/mhw-mulx\libc.a(libc_a-vfiprintf.o)
 .text          0x0008b6e0        0x0 c:/intelfpga_lite/23.1std/nios2eds/bin/gnu/h-x86_64-mingw32/bin/../lib/gcc/nios2-elf/12.3.1/../../../../../H-x86_64-mingw32/nios2-elf/lib/mhw-mulx\libc.a(libc_a-fflush.o)
 .text.__sflush_r
                0x0008b6e0      0x208 c:/intelfpga_lite/23.1std/nios2eds/bin/gnu/h-x86_64-mingw32/bin/../lib/gcc/nios2-elf/12.3.1/../../../../../H-x86_64-mingw32/nios2-elf/lib/mhw-mulx\libc.a(libc_a-fflush.o)
                0x0008b6e0                __sflush_r
 .text._fflush_r
                0x0008b8e8       0x5c c:/intelfpga_lite/23.1std/nios2eds/bin/gnu/h-x86_64-mingw32/bin/../lib/gcc/nios2-elf/12.3.1/../../../../../H-x86_64-mingw32/nios2-elf/lib/mhw-mulx\libc.a(libc_a-fflush.o)
                0x0008b8e8                _fflush_r
 .text.fflush   0x0008b944       0x8c c:/intelfpga_lite/23.1std/nios2eds/bin/gnu/h-x86_64-mingw32/bin/../lib/gcc/nios2-elf/12.3.1/../../../../../H-x86_64-mingw32/nios2-elf/lib/mhw-mulx\libc.a(libc_a-fflush.o)
                0x0008b944                fflush
 .text          0x0008b9d0        0x0 c:/intelfpga_lite/23.1std/nios2eds/bin/gnu/h-x86_64-mingw32/bin/../lib/gcc/nios2-elf/12.3.1/../../../../../H-x86_64-mingw32/nios2-elf/lib/mhw-mulx\libc.a(libc_a-findfp.o)
 .text.__fp_lock
                0x0008b9d0        0x8 c:/intelfpga_lite/23.1std/nios2eds/bin/gnu/h-x86_64-mingw32/bin/../lib/gcc/nios2-elf/12.3.1/../../../../../H-x86_64-mingw32/nios2-elf/lib/mhw-mulx\libc.a(libc_a-findfp.o)
 .text.stdio_exit_handler
                0x0008b9d8       0x1c c:/intelfpga_lite/23.1std/nios2eds/bin/gnu/h-x86_64-mingw32/bin/../lib/gcc/nios2-elf/12.3.1/../../../../../H-x86_64-mingw32/nios2-elf/lib/mhw-mulx\libc.a(libc_a-findfp.o)
 .text.cleanup_stdio
                0x0008b9f4       0x70 c:/intelfpga_lite/23.1std/nios2eds/bin/gnu/h-x86_64-mingw32/bin/../lib/gcc/nios2-elf/12.3.1/../../../../../H-x86_64-mingw32/nios2-elf/lib/mhw-mulx\libc.a(libc_a-findfp.o)
 .text.__fp_unlock
                0x0008ba64        0x8 c:/intelfpga_lite/23.1std/nios2eds/bin/gnu/h-x86_64-mingw32/bin/../lib/gcc/nios2-elf/12.3.1/../../../../../H-x86_64-mingw32/nios2-elf/lib/mhw-mulx\libc.a(libc_a-findfp.o)
 .text.global_stdio_init.part.0
                0x0008ba6c      0x174 c:/intelfpga_lite/23.1std/nios2eds/bin/gnu/h-x86_64-mingw32/bin/../lib/gcc/nios2-elf/12.3.1/../../../../../H-x86_64-mingw32/nios2-elf/lib/mhw-mulx\libc.a(libc_a-findfp.o)
 .text.__sfp    0x0008bbe0      0x120 c:/intelfpga_lite/23.1std/nios2eds/bin/gnu/h-x86_64-mingw32/bin/../lib/gcc/nios2-elf/12.3.1/../../../../../H-x86_64-mingw32/nios2-elf/lib/mhw-mulx\libc.a(libc_a-findfp.o)
                0x0008bbe0                __sfp
 .text.__sinit  0x0008bd00       0x28 c:/intelfpga_lite/23.1std/nios2eds/bin/gnu/h-x86_64-mingw32/bin/../lib/gcc/nios2-elf/12.3.1/../../../../../H-x86_64-mingw32/nios2-elf/lib/mhw-mulx\libc.a(libc_a-findfp.o)
                0x0008bd00                __sinit
 .text.__sfp_lock_acquire
                0x0008bd28        0x4 c:/intelfpga_lite/23.1std/nios2eds/bin/gnu/h-x86_64-mingw32/bin/../lib/gcc/nios2-elf/12.3.1/../../../../../H-x86_64-mingw32/nios2-elf/lib/mhw-mulx\libc.a(libc_a-findfp.o)
                0x0008bd28                __sfp_lock_acquire
 .text.__sfp_lock_release
                0x0008bd2c        0x4 c:/intelfpga_lite/23.1std/nios2eds/bin/gnu/h-x86_64-mingw32/bin/../lib/gcc/nios2-elf/12.3.1/../../../../../H-x86_64-mingw32/nios2-elf/lib/mhw-mulx\libc.a(libc_a-findfp.o)
                0x0008bd2c                __sfp_lock_release
 .text.__fp_lock_all
                0x0008bd30       0x18 c:/intelfpga_lite/23.1std/nios2eds/bin/gnu/h-x86_64-mingw32/bin/../lib/gcc/nios2-elf/12.3.1/../../../../../H-x86_64-mingw32/nios2-elf/lib/mhw-mulx\libc.a(libc_a-findfp.o)
                0x0008bd30                __fp_lock_all
 .text.__fp_unlock_all
                0x0008bd48       0x18 c:/intelfpga_lite/23.1std/nios2eds/bin/gnu/h-x86_64-mingw32/bin/../lib/gcc/nios2-elf/12.3.1/../../../../../H-x86_64-mingw32/nios2-elf/lib/mhw-mulx\libc.a(libc_a-findfp.o)
                0x0008bd48                __fp_unlock_all
 .text          0x0008bd60        0x0 c:/intelfpga_lite/23.1std/nios2eds/bin/gnu/h-x86_64-mingw32/bin/../lib/gcc/nios2-elf/12.3.1/../../../../../H-x86_64-mingw32/nios2-elf/lib/mhw-mulx\libc.a(libc_a-fvwrite.o)
 .text.__sfvwrite_r
                0x0008bd60      0x49c c:/intelfpga_lite/23.1std/nios2eds/bin/gnu/h-x86_64-mingw32/bin/../lib/gcc/nios2-elf/12.3.1/../../../../../H-x86_64-mingw32/nios2-elf/lib/mhw-mulx\libc.a(libc_a-fvwrite.o)
                0x0008bd60                __sfvwrite_r
 .text          0x0008c1fc        0x0 c:/intelfpga_lite/23.1std/nios2eds/bin/gnu/h-x86_64-mingw32/bin/../lib/gcc/nios2-elf/12.3.1/../../../../../H-x86_64-mingw32/nios2-elf/lib/mhw-mulx\libc.a(libc_a-fwalk.o)
 .text._fwalk_sglue
                0x0008c1fc       0xa8 c:/intelfpga_lite/23.1std/nios2eds/bin/gnu/h-x86_64-mingw32/bin/../lib/gcc/nios2-elf/12.3.1/../../../../../H-x86_64-mingw32/nios2-elf/lib/mhw-mulx\libc.a(libc_a-fwalk.o)
                0x0008c1fc                _fwalk_sglue
 .text          0x0008c2a4        0x0 c:/intelfpga_lite/23.1std/nios2eds/bin/gnu/h-x86_64-mingw32/bin/../lib/gcc/nios2-elf/12.3.1/../../../../../H-x86_64-mingw32/nios2-elf/lib/mhw-mulx\libc.a(libc_a-stdio.o)
 .text.__sread  0x0008c2a4       0x54 c:/intelfpga_lite/23.1std/nios2eds/bin/gnu/h-x86_64-mingw32/bin/../lib/gcc/nios2-elf/12.3.1/../../../../../H-x86_64-mingw32/nios2-elf/lib/mhw-mulx\libc.a(libc_a-stdio.o)
                0x0008c2a4                __sread
 .text.__seofread
                0x0008c2f8        0x8 c:/intelfpga_lite/23.1std/nios2eds/bin/gnu/h-x86_64-mingw32/bin/../lib/gcc/nios2-elf/12.3.1/../../../../../H-x86_64-mingw32/nios2-elf/lib/mhw-mulx\libc.a(libc_a-stdio.o)
                0x0008c2f8                __seofread
 .text.__swrite
                0x0008c300       0x80 c:/intelfpga_lite/23.1std/nios2eds/bin/gnu/h-x86_64-mingw32/bin/../lib/gcc/nios2-elf/12.3.1/../../../../../H-x86_64-mingw32/nios2-elf/lib/mhw-mulx\libc.a(libc_a-stdio.o)
                0x0008c300                __swrite
 .text.__sseek  0x0008c380       0x5c c:/intelfpga_lite/23.1std/nios2eds/bin/gnu/h-x86_64-mingw32/bin/../lib/gcc/nios2-elf/12.3.1/../../../../../H-x86_64-mingw32/nios2-elf/lib/mhw-mulx\libc.a(libc_a-stdio.o)
                0x0008c380                __sseek
 .text.__sclose
                0x0008c3dc        0x8 c:/intelfpga_lite/23.1std/nios2eds/bin/gnu/h-x86_64-mingw32/bin/../lib/gcc/nios2-elf/12.3.1/../../../../../H-x86_64-mingw32/nios2-elf/lib/mhw-mulx\libc.a(libc_a-stdio.o)
                0x0008c3dc                __sclose
 .text          0x0008c3e4        0x0 c:/intelfpga_lite/23.1std/nios2eds/bin/gnu/h-x86_64-mingw32/bin/../lib/gcc/nios2-elf/12.3.1/../../../../../H-x86_64-mingw32/nios2-elf/lib/mhw-mulx\libc.a(libc_a-wsetup.o)
 .text.__swsetup_r
                0x0008c3e4      0x144 c:/intelfpga_lite/23.1std/nios2eds/bin/gnu/h-x86_64-mingw32/bin/../lib/gcc/nios2-elf/12.3.1/../../../../../H-x86_64-mingw32/nios2-elf/lib/mhw-mulx\libc.a(libc_a-wsetup.o)
                0x0008c3e4                __swsetup_r
 .text          0x0008c528        0x0 c:/intelfpga_lite/23.1std/nios2eds/bin/gnu/h-x86_64-mingw32/bin/../lib/gcc/nios2-elf/12.3.1/../../../../../H-x86_64-mingw32/nios2-elf/lib/mhw-mulx\libc.a(libc_a-fputwc.o)
 .text.__fputwc
                0x0008c528      0x164 c:/intelfpga_lite/23.1std/nios2eds/bin/gnu/h-x86_64-mingw32/bin/../lib/gcc/nios2-elf/12.3.1/../../../../../H-x86_64-mingw32/nios2-elf/lib/mhw-mulx\libc.a(libc_a-fputwc.o)
                0x0008c528                __fputwc
 .text._fputwc_r
                0x0008c68c       0x24 c:/intelfpga_lite/23.1std/nios2eds/bin/gnu/h-x86_64-mingw32/bin/../lib/gcc/nios2-elf/12.3.1/../../../../../H-x86_64-mingw32/nios2-elf/lib/mhw-mulx\libc.a(libc_a-fputwc.o)
                0x0008c68c                _fputwc_r
 .text.fputwc   0x0008c6b0       0x78 c:/intelfpga_lite/23.1std/nios2eds/bin/gnu/h-x86_64-mingw32/bin/../lib/gcc/nios2-elf/12.3.1/../../../../../H-x86_64-mingw32/nios2-elf/lib/mhw-mulx\libc.a(libc_a-fputwc.o)
                0x0008c6b0                fputwc
 .text          0x0008c728        0x0 c:/intelfpga_lite/23.1std/nios2eds/bin/gnu/h-x86_64-mingw32/bin/../lib/gcc/nios2-elf/12.3.1/../../../../../H-x86_64-mingw32/nios2-elf/lib/mhw-mulx\libc.a(libc_a-memchr.o)
 .text.memchr   0x0008c728       0xd0 c:/intelfpga_lite/23.1std/nios2eds/bin/gnu/h-x86_64-mingw32/bin/../lib/gcc/nios2-elf/12.3.1/../../../../../H-x86_64-mingw32/nios2-elf/lib/mhw-mulx\libc.a(libc_a-memchr.o)
                0x0008c728                memchr
 .text          0x0008c7f8        0x0 c:/intelfpga_lite/23.1std/nios2eds/bin/gnu/h-x86_64-mingw32/bin/../lib/gcc/nios2-elf/12.3.1/../../../../../H-x86_64-mingw32/nios2-elf/lib/mhw-mulx\libc.a(libc_a-memcpy.o)
 .text.memcpy   0x0008c7f8      0x100 c:/intelfpga_lite/23.1std/nios2eds/bin/gnu/h-x86_64-mingw32/bin/../lib/gcc/nios2-elf/12.3.1/../../../../../H-x86_64-mingw32/nios2-elf/lib/mhw-mulx\libc.a(libc_a-memcpy.o)
                0x0008c7f8                memcpy
 .text          0x0008c8f8        0x0 c:/intelfpga_lite/23.1std/nios2eds/bin/gnu/h-x86_64-mingw32/bin/../lib/gcc/nios2-elf/12.3.1/../../../../../H-x86_64-mingw32/nios2-elf/lib/mhw-mulx\libc.a(libc_a-memmove.o)
 .text.memmove  0x0008c8f8      0x128 c:/intelfpga_lite/23.1std/nios2eds/bin/gnu/h-x86_64-mingw32/bin/../lib/gcc/nios2-elf/12.3.1/../../../../../H-x86_64-mingw32/nios2-elf/lib/mhw-mulx\libc.a(libc_a-memmove.o)
                0x0008c8f8                memmove
 .text          0x0008ca20        0x0 c:/intelfpga_lite/23.1std/nios2eds/bin/gnu/h-x86_64-mingw32/bin/../lib/gcc/nios2-elf/12.3.1/../../../../../H-x86_64-mingw32/nios2-elf/lib/mhw-mulx\libc.a(libc_a-memset.o)
 .text.memset   0x0008ca20       0xf8 c:/intelfpga_lite/23.1std/nios2eds/bin/gnu/h-x86_64-mingw32/bin/../lib/gcc/nios2-elf/12.3.1/../../../../../H-x86_64-mingw32/nios2-elf/lib/mhw-mulx\libc.a(libc_a-memset.o)
                0x0008ca20                memset
 .text          0x0008cb18        0x0 c:/intelfpga_lite/23.1std/nios2eds/bin/gnu/h-x86_64-mingw32/bin/../lib/gcc/nios2-elf/12.3.1/../../../../../H-x86_64-mingw32/nios2-elf/lib/mhw-mulx\libc.a(libc_a-locale.o)
 .text._setlocale_r
                0x0008cb18       0x7c c:/intelfpga_lite/23.1std/nios2eds/bin/gnu/h-x86_64-mingw32/bin/../lib/gcc/nios2-elf/12.3.1/../../../../../H-x86_64-mingw32/nios2-elf/lib/mhw-mulx\libc.a(libc_a-locale.o)
                0x0008cb18                _setlocale_r
 .text.__locale_mb_cur_max
                0x0008cb94        0xc c:/intelfpga_lite/23.1std/nios2eds/bin/gnu/h-x86_64-mingw32/bin/../lib/gcc/nios2-elf/12.3.1/../../../../../H-x86_64-mingw32/nios2-elf/lib/mhw-mulx\libc.a(libc_a-locale.o)
                0x0008cb94                __locale_mb_cur_max
 .text.setlocale
                0x0008cba0       0x7c c:/intelfpga_lite/23.1std/nios2eds/bin/gnu/h-x86_64-mingw32/bin/../lib/gcc/nios2-elf/12.3.1/../../../../../H-x86_64-mingw32/nios2-elf/lib/mhw-mulx\libc.a(libc_a-locale.o)
                0x0008cba0                setlocale
 .text          0x0008cc1c        0x0 c:/intelfpga_lite/23.1std/nios2eds/bin/gnu/h-x86_64-mingw32/bin/../lib/gcc/nios2-elf/12.3.1/../../../../../H-x86_64-mingw32/nios2-elf/lib/mhw-mulx\libc.a(libc_a-localeconv.o)
 .text.__localeconv_l
                0x0008cc1c        0x8 c:/intelfpga_lite/23.1std/nios2eds/bin/gnu/h-x86_64-mingw32/bin/../lib/gcc/nios2-elf/12.3.1/../../../../../H-x86_64-mingw32/nios2-elf/lib/mhw-mulx\libc.a(libc_a-localeconv.o)
                0x0008cc1c                __localeconv_l
 .text._localeconv_r
                0x0008cc24        0xc c:/intelfpga_lite/23.1std/nios2eds/bin/gnu/h-x86_64-mingw32/bin/../lib/gcc/nios2-elf/12.3.1/../../../../../H-x86_64-mingw32/nios2-elf/lib/mhw-mulx\libc.a(libc_a-localeconv.o)
                0x0008cc24                _localeconv_r
 .text.localeconv
                0x0008cc30        0xc c:/intelfpga_lite/23.1std/nios2eds/bin/gnu/h-x86_64-mingw32/bin/../lib/gcc/nios2-elf/12.3.1/../../../../../H-x86_64-mingw32/nios2-elf/lib/mhw-mulx\libc.a(libc_a-localeconv.o)
                0x0008cc30                localeconv
 .text          0x0008cc3c        0x0 c:/intelfpga_lite/23.1std/nios2eds/bin/gnu/h-x86_64-mingw32/bin/../lib/gcc/nios2-elf/12.3.1/../../../../../H-x86_64-mingw32/nios2-elf/lib/mhw-mulx\libc.a(libc_a-closer.o)
 .text._close_r
                0x0008cc3c       0x58 c:/intelfpga_lite/23.1std/nios2eds/bin/gnu/h-x86_64-mingw32/bin/../lib/gcc/nios2-elf/12.3.1/../../../../../H-x86_64-mingw32/nios2-elf/lib/mhw-mulx\libc.a(libc_a-closer.o)
                0x0008cc3c                _close_r
 .text          0x0008cc94        0x0 c:/intelfpga_lite/23.1std/nios2eds/bin/gnu/h-x86_64-mingw32/bin/../lib/gcc/nios2-elf/12.3.1/../../../../../H-x86_64-mingw32/nios2-elf/lib/mhw-mulx\libc.a(libc_a-reent.o)
 .text._reclaim_reent
                0x0008cc94       0xc8 c:/intelfpga_lite/23.1std/nios2eds/bin/gnu/h-x86_64-mingw32/bin/../lib/gcc/nios2-elf/12.3.1/../../../../../H-x86_64-mingw32/nios2-elf/lib/mhw-mulx\libc.a(libc_a-reent.o)
                0x0008cc94                _reclaim_reent
 .text          0x0008cd5c        0x0 c:/intelfpga_lite/23.1std/nios2eds/bin/gnu/h-x86_64-mingw32/bin/../lib/gcc/nios2-elf/12.3.1/../../../../../H-x86_64-mingw32/nios2-elf/lib/mhw-mulx\libc.a(libc_a-lseekr.o)
 .text._lseek_r
                0x0008cd5c       0x64 c:/intelfpga_lite/23.1std/nios2eds/bin/gnu/h-x86_64-mingw32/bin/../lib/gcc/nios2-elf/12.3.1/../../../../../H-x86_64-mingw32/nios2-elf/lib/mhw-mulx\libc.a(libc_a-lseekr.o)
                0x0008cd5c                _lseek_r
 .text          0x0008cdc0        0x0 c:/intelfpga_lite/23.1std/nios2eds/bin/gnu/h-x86_64-mingw32/bin/../lib/gcc/nios2-elf/12.3.1/../../../../../H-x86_64-mingw32/nios2-elf/lib/mhw-mulx\libc.a(libc_a-readr.o)
 .text._read_r  0x0008cdc0       0x64 c:/intelfpga_lite/23.1std/nios2eds/bin/gnu/h-x86_64-mingw32/bin/../lib/gcc/nios2-elf/12.3.1/../../../../../H-x86_64-mingw32/nios2-elf/lib/mhw-mulx\libc.a(libc_a-readr.o)
                0x0008cdc0                _read_r
 .text          0x0008ce24        0x0 c:/intelfpga_lite/23.1std/nios2eds/bin/gnu/h-x86_64-mingw32/bin/../lib/gcc/nios2-elf/12.3.1/../../../../../H-x86_64-mingw32/nios2-elf/lib/mhw-mulx\libc.a(libc_a-writer.o)
 .text._write_r
                0x0008ce24       0x64 c:/intelfpga_lite/23.1std/nios2eds/bin/gnu/h-x86_64-mingw32/bin/../lib/gcc/nios2-elf/12.3.1/../../../../../H-x86_64-mingw32/nios2-elf/lib/mhw-mulx\libc.a(libc_a-writer.o)
                0x0008ce24                _write_r
 .text          0x0008ce88        0x0 c:/intelfpga_lite/23.1std/nios2eds/bin/gnu/h-x86_64-mingw32/bin/../lib/gcc/nios2-elf/12.3.1/../../../../../H-x86_64-mingw32/nios2-elf/lib/mhw-mulx\libc.a(libc_a-dtoa.o)
 .text.quorem   0x0008ce88      0x1fc c:/intelfpga_lite/23.1std/nios2eds/bin/gnu/h-x86_64-mingw32/bin/../lib/gcc/nios2-elf/12.3.1/../../../../../H-x86_64-mingw32/nios2-elf/lib/mhw-mulx\libc.a(libc_a-dtoa.o)
 .text._dtoa_r  0x0008d084     0x17e8 c:/intelfpga_lite/23.1std/nios2eds/bin/gnu/h-x86_64-mingw32/bin/../lib/gcc/nios2-elf/12.3.1/../../../../../H-x86_64-mingw32/nios2-elf/lib/mhw-mulx\libc.a(libc_a-dtoa.o)
                0x0008d084                _dtoa_r
 .text          0x0008e86c        0x0 c:/intelfpga_lite/23.1std/nios2eds/bin/gnu/h-x86_64-mingw32/bin/../lib/gcc/nios2-elf/12.3.1/../../../../../H-x86_64-mingw32/nios2-elf/lib/mhw-mulx\libc.a(libc_a-exit.o)
 .text.exit     0x0008e86c       0x30 c:/intelfpga_lite/23.1std/nios2eds/bin/gnu/h-x86_64-mingw32/bin/../lib/gcc/nios2-elf/12.3.1/../../../../../H-x86_64-mingw32/nios2-elf/lib/mhw-mulx\libc.a(libc_a-exit.o)
                0x0008e86c                exit
 .text          0x0008e89c        0x0 c:/intelfpga_lite/23.1std/nios2eds/bin/gnu/h-x86_64-mingw32/bin/../lib/gcc/nios2-elf/12.3.1/../../../../../H-x86_64-mingw32/nios2-elf/lib/mhw-mulx\libc.a(libc_a-freer.o)
 .text._malloc_trim_r
                0x0008e89c      0x124 c:/intelfpga_lite/23.1std/nios2eds/bin/gnu/h-x86_64-mingw32/bin/../lib/gcc/nios2-elf/12.3.1/../../../../../H-x86_64-mingw32/nios2-elf/lib/mhw-mulx\libc.a(libc_a-freer.o)
                0x0008e89c                _malloc_trim_r
 .text._free_r  0x0008e9c0      0x308 c:/intelfpga_lite/23.1std/nios2eds/bin/gnu/h-x86_64-mingw32/bin/../lib/gcc/nios2-elf/12.3.1/../../../../../H-x86_64-mingw32/nios2-elf/lib/mhw-mulx\libc.a(libc_a-freer.o)
                0x0008e9c0                _free_r
 .text          0x0008ecc8        0x0 c:/intelfpga_lite/23.1std/nios2eds/bin/gnu/h-x86_64-mingw32/bin/../lib/gcc/nios2-elf/12.3.1/../../../../../H-x86_64-mingw32/nios2-elf/lib/mhw-mulx\libc.a(libc_a-mallocr.o)
 .text._malloc_r
                0x0008ecc8      0x7c8 c:/intelfpga_lite/23.1std/nios2eds/bin/gnu/h-x86_64-mingw32/bin/../lib/gcc/nios2-elf/12.3.1/../../../../../H-x86_64-mingw32/nios2-elf/lib/mhw-mulx\libc.a(libc_a-mallocr.o)
                0x0008ecc8                _malloc_r
 .text          0x0008f490        0x0 c:/intelfpga_lite/23.1std/nios2eds/bin/gnu/h-x86_64-mingw32/bin/../lib/gcc/nios2-elf/12.3.1/../../../../../H-x86_64-mingw32/nios2-elf/lib/mhw-mulx\libc.a(libc_a-mbtowc_r.o)
 .text._mbtowc_r
                0x0008f490        0xc c:/intelfpga_lite/23.1std/nios2eds/bin/gnu/h-x86_64-mingw32/bin/../lib/gcc/nios2-elf/12.3.1/../../../../../H-x86_64-mingw32/nios2-elf/lib/mhw-mulx\libc.a(libc_a-mbtowc_r.o)
                0x0008f490                _mbtowc_r
 .text.__ascii_mbtowc
                0x0008f49c       0x44 c:/intelfpga_lite/23.1std/nios2eds/bin/gnu/h-x86_64-mingw32/bin/../lib/gcc/nios2-elf/12.3.1/../../../../../H-x86_64-mingw32/nios2-elf/lib/mhw-mulx\libc.a(libc_a-mbtowc_r.o)
                0x0008f49c                __ascii_mbtowc
 .text          0x0008f4e0        0x0 c:/intelfpga_lite/23.1std/nios2eds/bin/gnu/h-x86_64-mingw32/bin/../lib/gcc/nios2-elf/12.3.1/../../../../../H-x86_64-mingw32/nios2-elf/lib/mhw-mulx\libc.a(libc_a-mprec.o)
 .text._Balloc  0x0008f4e0       0xa4 c:/intelfpga_lite/23.1std/nios2eds/bin/gnu/h-x86_64-mingw32/bin/../lib/gcc/nios2-elf/12.3.1/../../../../../H-x86_64-mingw32/nios2-elf/lib/mhw-mulx\libc.a(libc_a-mprec.o)
                0x0008f4e0                _Balloc
 .text._Bfree   0x0008f584       0x24 c:/intelfpga_lite/23.1std/nios2eds/bin/gnu/h-x86_64-mingw32/bin/../lib/gcc/nios2-elf/12.3.1/../../../../../H-x86_64-mingw32/nios2-elf/lib/mhw-mulx\libc.a(libc_a-mprec.o)
                0x0008f584                _Bfree
 .text.__multadd
                0x0008f5a8      0x130 c:/intelfpga_lite/23.1std/nios2eds/bin/gnu/h-x86_64-mingw32/bin/../lib/gcc/nios2-elf/12.3.1/../../../../../H-x86_64-mingw32/nios2-elf/lib/mhw-mulx\libc.a(libc_a-mprec.o)
                0x0008f5a8                __multadd
 .text.__s2b    0x0008f6d8      0x138 c:/intelfpga_lite/23.1std/nios2eds/bin/gnu/h-x86_64-mingw32/bin/../lib/gcc/nios2-elf/12.3.1/../../../../../H-x86_64-mingw32/nios2-elf/lib/mhw-mulx\libc.a(libc_a-mprec.o)
                0x0008f6d8                __s2b
 .text.__hi0bits
                0x0008f810       0x74 c:/intelfpga_lite/23.1std/nios2eds/bin/gnu/h-x86_64-mingw32/bin/../lib/gcc/nios2-elf/12.3.1/../../../../../H-x86_64-mingw32/nios2-elf/lib/mhw-mulx\libc.a(libc_a-mprec.o)
                0x0008f810                __hi0bits
 .text.__lo0bits
                0x0008f884       0xb0 c:/intelfpga_lite/23.1std/nios2eds/bin/gnu/h-x86_64-mingw32/bin/../lib/gcc/nios2-elf/12.3.1/../../../../../H-x86_64-mingw32/nios2-elf/lib/mhw-mulx\libc.a(libc_a-mprec.o)
                0x0008f884                __lo0bits
 .text.__i2b    0x0008f934       0xb0 c:/intelfpga_lite/23.1std/nios2eds/bin/gnu/h-x86_64-mingw32/bin/../lib/gcc/nios2-elf/12.3.1/../../../../../H-x86_64-mingw32/nios2-elf/lib/mhw-mulx\libc.a(libc_a-mprec.o)
                0x0008f934                __i2b
 .text.__multiply
                0x0008f9e4      0x22c c:/intelfpga_lite/23.1std/nios2eds/bin/gnu/h-x86_64-mingw32/bin/../lib/gcc/nios2-elf/12.3.1/../../../../../H-x86_64-mingw32/nios2-elf/lib/mhw-mulx\libc.a(libc_a-mprec.o)
                0x0008f9e4                __multiply
 .text.__pow5mult
                0x0008fc10      0x140 c:/intelfpga_lite/23.1std/nios2eds/bin/gnu/h-x86_64-mingw32/bin/../lib/gcc/nios2-elf/12.3.1/../../../../../H-x86_64-mingw32/nios2-elf/lib/mhw-mulx\libc.a(libc_a-mprec.o)
                0x0008fc10                __pow5mult
 .text.__lshift
                0x0008fd50      0x188 c:/intelfpga_lite/23.1std/nios2eds/bin/gnu/h-x86_64-mingw32/bin/../lib/gcc/nios2-elf/12.3.1/../../../../../H-x86_64-mingw32/nios2-elf/lib/mhw-mulx\libc.a(libc_a-mprec.o)
                0x0008fd50                __lshift
 .text.__mcmp   0x0008fed8       0x58 c:/intelfpga_lite/23.1std/nios2eds/bin/gnu/h-x86_64-mingw32/bin/../lib/gcc/nios2-elf/12.3.1/../../../../../H-x86_64-mingw32/nios2-elf/lib/mhw-mulx\libc.a(libc_a-mprec.o)
                0x0008fed8                __mcmp
 .text.__mdiff  0x0008ff30      0x230 c:/intelfpga_lite/23.1std/nios2eds/bin/gnu/h-x86_64-mingw32/bin/../lib/gcc/nios2-elf/12.3.1/../../../../../H-x86_64-mingw32/nios2-elf/lib/mhw-mulx\libc.a(libc_a-mprec.o)
                0x0008ff30                __mdiff
 .text.__ulp    0x00090160       0x60 c:/intelfpga_lite/23.1std/nios2eds/bin/gnu/h-x86_64-mingw32/bin/../lib/gcc/nios2-elf/12.3.1/../../../../../H-x86_64-mingw32/nios2-elf/lib/mhw-mulx\libc.a(libc_a-mprec.o)
                0x00090160                __ulp
 .text.__b2d    0x000901c0      0x100 c:/intelfpga_lite/23.1std/nios2eds/bin/gnu/h-x86_64-mingw32/bin/../lib/gcc/nios2-elf/12.3.1/../../../../../H-x86_64-mingw32/nios2-elf/lib/mhw-mulx\libc.a(libc_a-mprec.o)
                0x000901c0                __b2d
 .text.__d2b    0x000902c0      0x158 c:/intelfpga_lite/23.1std/nios2eds/bin/gnu/h-x86_64-mingw32/bin/../lib/gcc/nios2-elf/12.3.1/../../../../../H-x86_64-mingw32/nios2-elf/lib/mhw-mulx\libc.a(libc_a-mprec.o)
                0x000902c0                __d2b
 .text.__ratio  0x00090418       0xa8 c:/intelfpga_lite/23.1std/nios2eds/bin/gnu/h-x86_64-mingw32/bin/../lib/gcc/nios2-elf/12.3.1/../../../../../H-x86_64-mingw32/nios2-elf/lib/mhw-mulx\libc.a(libc_a-mprec.o)
                0x00090418                __ratio
 .text._mprec_log10
                0x000904c0       0x70 c:/intelfpga_lite/23.1std/nios2eds/bin/gnu/h-x86_64-mingw32/bin/../lib/gcc/nios2-elf/12.3.1/../../../../../H-x86_64-mingw32/nios2-elf/lib/mhw-mulx\libc.a(libc_a-mprec.o)
                0x000904c0                _mprec_log10
 .text.__copybits
                0x00090530       0x6c c:/intelfpga_lite/23.1std/nios2eds/bin/gnu/h-x86_64-mingw32/bin/../lib/gcc/nios2-elf/12.3.1/../../../../../H-x86_64-mingw32/nios2-elf/lib/mhw-mulx\libc.a(libc_a-mprec.o)
                0x00090530                __copybits
 .text.__any_on
                0x0009059c       0x60 c:/intelfpga_lite/23.1std/nios2eds/bin/gnu/h-x86_64-mingw32/bin/../lib/gcc/nios2-elf/12.3.1/../../../../../H-x86_64-mingw32/nios2-elf/lib/mhw-mulx\libc.a(libc_a-mprec.o)
                0x0009059c                __any_on
 .text          0x000905fc        0x0 c:/intelfpga_lite/23.1std/nios2eds/bin/gnu/h-x86_64-mingw32/bin/../lib/gcc/nios2-elf/12.3.1/../../../../../H-x86_64-mingw32/nios2-elf/lib/mhw-mulx\libc.a(libc_a-reallocr.o)
 .text._realloc_r
                0x000905fc      0x5ec c:/intelfpga_lite/23.1std/nios2eds/bin/gnu/h-x86_64-mingw32/bin/../lib/gcc/nios2-elf/12.3.1/../../../../../H-x86_64-mingw32/nios2-elf/lib/mhw-mulx\libc.a(libc_a-reallocr.o)
                0x000905fc                _realloc_r
 .text          0x00090be8        0x0 c:/intelfpga_lite/23.1std/nios2eds/bin/gnu/h-x86_64-mingw32/bin/../lib/gcc/nios2-elf/12.3.1/../../../../../H-x86_64-mingw32/nios2-elf/lib/mhw-mulx\libc.a(libc_a-wctomb_r.o)
 .text._wctomb_r
                0x00090be8        0xc c:/intelfpga_lite/23.1std/nios2eds/bin/gnu/h-x86_64-mingw32/bin/../lib/gcc/nios2-elf/12.3.1/../../../../../H-x86_64-mingw32/nios2-elf/lib/mhw-mulx\libc.a(libc_a-wctomb_r.o)
                0x00090be8                _wctomb_r
 .text.__ascii_wctomb
                0x00090bf4       0x30 c:/intelfpga_lite/23.1std/nios2eds/bin/gnu/h-x86_64-mingw32/bin/../lib/gcc/nios2-elf/12.3.1/../../../../../H-x86_64-mingw32/nios2-elf/lib/mhw-mulx\libc.a(libc_a-wctomb_r.o)
                0x00090bf4                __ascii_wctomb
 .text          0x00090c24        0x0 c:/intelfpga_lite/23.1std/nios2eds/bin/gnu/h-x86_64-mingw32/bin/../lib/gcc/nios2-elf/12.3.1/../../../../../H-x86_64-mingw32/nios2-elf/lib/mhw-mulx\libc.a(libc_a-wcrtomb.o)
 .text._wcrtomb_r
                0x00090c24       0x6c c:/intelfpga_lite/23.1std/nios2eds/bin/gnu/h-x86_64-mingw32/bin/../lib/gcc/nios2-elf/12.3.1/../../../../../H-x86_64-mingw32/nios2-elf/lib/mhw-mulx\libc.a(libc_a-wcrtomb.o)
                0x00090c24                _wcrtomb_r
 .text.wcrtomb  0x00090c90       0x88 c:/intelfpga_lite/23.1std/nios2eds/bin/gnu/h-x86_64-mingw32/bin/../lib/gcc/nios2-elf/12.3.1/../../../../../H-x86_64-mingw32/nios2-elf/lib/mhw-mulx\libc.a(libc_a-wcrtomb.o)
                0x00090c90                wcrtomb
 .text          0x00090d18        0x0 c:/intelfpga_lite/23.1std/nios2eds/bin/gnu/h-x86_64-mingw32/bin/../lib/gcc/nios2-elf/12.3.1/../../../../../H-x86_64-mingw32/nios2-elf/lib/mhw-mulx\libc.a(libc_a-ctype_.o)
 .text          0x00090d18        0x0 c:/intelfpga_lite/23.1std/nios2eds/bin/gnu/h-x86_64-mingw32/bin/../lib/gcc/nios2-elf/12.3.1/../../../../../H-x86_64-mingw32/nios2-elf/lib/mhw-mulx\libc.a(libc_a-fclose.o)
 .text._fclose_r
                0x00090d18       0xf0 c:/intelfpga_lite/23.1std/nios2eds/bin/gnu/h-x86_64-mingw32/bin/../lib/gcc/nios2-elf/12.3.1/../../../../../H-x86_64-mingw32/nios2-elf/lib/mhw-mulx\libc.a(libc_a-fclose.o)
                0x00090d18                _fclose_r
 .text.fclose   0x00090e08       0x10 c:/intelfpga_lite/23.1std/nios2eds/bin/gnu/h-x86_64-mingw32/bin/../lib/gcc/nios2-elf/12.3.1/../../../../../H-x86_64-mingw32/nios2-elf/lib/mhw-mulx\libc.a(libc_a-fclose.o)
                0x00090e08                fclose
 .text          0x00090e18        0x0 c:/intelfpga_lite/23.1std/nios2eds/bin/gnu/h-x86_64-mingw32/bin/../lib/gcc/nios2-elf/12.3.1/../../../../../H-x86_64-mingw32/nios2-elf/lib/mhw-mulx\libc.a(libc_a-makebuf.o)
 .text.__smakebuf_r
                0x00090e18      0x1a8 c:/intelfpga_lite/23.1std/nios2eds/bin/gnu/h-x86_64-mingw32/bin/../lib/gcc/nios2-elf/12.3.1/../../../../../H-x86_64-mingw32/nios2-elf/lib/mhw-mulx\libc.a(libc_a-makebuf.o)
                0x00090e18                __smakebuf_r
 .text.__swhatbuf_r
                0x00090fc0       0x8c c:/intelfpga_lite/23.1std/nios2eds/bin/gnu/h-x86_64-mingw32/bin/../lib/gcc/nios2-elf/12.3.1/../../../../../H-x86_64-mingw32/nios2-elf/lib/mhw-mulx\libc.a(libc_a-makebuf.o)
                0x00090fc0                __swhatbuf_r
 .text          0x0009104c        0x0 c:/intelfpga_lite/23.1std/nios2eds/bin/gnu/h-x86_64-mingw32/bin/../lib/gcc/nios2-elf/12.3.1/../../../../../H-x86_64-mingw32/nios2-elf/lib/mhw-mulx\libc.a(libc_a-wbuf.o)
 .text.__swbuf_r
                0x0009104c      0x148 c:/intelfpga_lite/23.1std/nios2eds/bin/gnu/h-x86_64-mingw32/bin/../lib/gcc/nios2-elf/12.3.1/../../../../../H-x86_64-mingw32/nios2-elf/lib/mhw-mulx\libc.a(libc_a-wbuf.o)
                0x0009104c                __swbuf_r
 .text.__swbuf  0x00091194       0x18 c:/intelfpga_lite/23.1std/nios2eds/bin/gnu/h-x86_64-mingw32/bin/../lib/gcc/nios2-elf/12.3.1/../../../../../H-x86_64-mingw32/nios2-elf/lib/mhw-mulx\libc.a(libc_a-wbuf.o)
                0x00091194                __swbuf
 .text          0x000911ac        0x0 c:/intelfpga_lite/23.1std/nios2eds/bin/gnu/h-x86_64-mingw32/bin/../lib/gcc/nios2-elf/12.3.1/../../../../../H-x86_64-mingw32/nios2-elf/lib/mhw-mulx\libc.a(libc_a-strcmp.o)
 .text.strcmp   0x000911ac       0xb8 c:/intelfpga_lite/23.1std/nios2eds/bin/gnu/h-x86_64-mingw32/bin/../lib/gcc/nios2-elf/12.3.1/../../../../../H-x86_64-mingw32/nios2-elf/lib/mhw-mulx\libc.a(libc_a-strcmp.o)
                0x000911ac                strcmp
 .text          0x00091264        0x0 c:/intelfpga_lite/23.1std/nios2eds/bin/gnu/h-x86_64-mingw32/bin/../lib/gcc/nios2-elf/12.3.1/../../../../../H-x86_64-mingw32/nios2-elf/lib/mhw-mulx\libc.a(libc_a-fstatr.o)
 .text._fstat_r
                0x00091264       0x60 c:/intelfpga_lite/23.1std/nios2eds/bin/gnu/h-x86_64-mingw32/bin/../lib/gcc/nios2-elf/12.3.1/../../../../../H-x86_64-mingw32/nios2-elf/lib/mhw-mulx\libc.a(libc_a-fstatr.o)
                0x00091264                _fstat_r
 .text          0x000912c4        0x0 c:/intelfpga_lite/23.1std/nios2eds/bin/gnu/h-x86_64-mingw32/bin/../lib/gcc/nios2-elf/12.3.1/../../../../../H-x86_64-mingw32/nios2-elf/lib/mhw-mulx\libc.a(libc_a-isattyr.o)
 .text._isatty_r
                0x000912c4       0x58 c:/intelfpga_lite/23.1std/nios2eds/bin/gnu/h-x86_64-mingw32/bin/../lib/gcc/nios2-elf/12.3.1/../../../../../H-x86_64-mingw32/nios2-elf/lib/mhw-mulx\libc.a(libc_a-isattyr.o)
                0x000912c4                _isatty_r
 .text          0x0009131c        0x0 c:/intelfpga_lite/23.1std/nios2eds/bin/gnu/h-x86_64-mingw32/bin/../lib/gcc/nios2-elf/12.3.1/../../../../../H-x86_64-mingw32/nios2-elf/lib/mhw-mulx\libc.a(libc_a-sbrkr.o)
 .text._sbrk_r  0x0009131c       0x58 c:/intelfpga_lite/23.1std/nios2eds/bin/gnu/h-x86_64-mingw32/bin/../lib/gcc/nios2-elf/12.3.1/../../../../../H-x86_64-mingw32/nios2-elf/lib/mhw-mulx\libc.a(libc_a-sbrkr.o)
                0x0009131c                _sbrk_r
 .text          0x00091374        0x0 c:/intelfpga_lite/23.1std/nios2eds/bin/gnu/h-x86_64-mingw32/bin/../lib/gcc/nios2-elf/12.3.1/../../../../../H-x86_64-mingw32/nios2-elf/lib/mhw-mulx\libc.a(libc_a-__call_atexit.o)
 .text.__call_exitprocs
                0x00091374      0x118 c:/intelfpga_lite/23.1std/nios2eds/bin/gnu/h-x86_64-mingw32/bin/../lib/gcc/nios2-elf/12.3.1/../../../../../H-x86_64-mingw32/nios2-elf/lib/mhw-mulx\libc.a(libc_a-__call_atexit.o)
                0x00091374                __call_exitprocs
 .text          0x0009148c        0x0 c:/intelfpga_lite/23.1std/nios2eds/bin/gnu/h-x86_64-mingw32/bin/../lib/gcc/nios2-elf/12.3.1/../../../../../H-x86_64-mingw32/nios2-elf/lib/mhw-mulx\libc.a(libc_a-assert.o)
 .text.__assert_func
                0x0009148c       0x64 c:/intelfpga_lite/23.1std/nios2eds/bin/gnu/h-x86_64-mingw32/bin/../lib/gcc/nios2-elf/12.3.1/../../../../../H-x86_64-mingw32/nios2-elf/lib/mhw-mulx\libc.a(libc_a-assert.o)
                0x0009148c                __assert_func
 .text.__assert
                0x000914f0       0x14 c:/intelfpga_lite/23.1std/nios2eds/bin/gnu/h-x86_64-mingw32/bin/../lib/gcc/nios2-elf/12.3.1/../../../../../H-x86_64-mingw32/nios2-elf/lib/mhw-mulx\libc.a(libc_a-assert.o)
                0x000914f0                __assert
 .text          0x00091504        0x0 c:/intelfpga_lite/23.1std/nios2eds/bin/gnu/h-x86_64-mingw32/bin/../lib/gcc/nios2-elf/12.3.1/../../../../../H-x86_64-mingw32/nios2-elf/lib/mhw-mulx\libc.a(libc_a-callocr.o)
 .text._calloc_r
                0x00091504       0xcc c:/intelfpga_lite/23.1std/nios2eds/bin/gnu/h-x86_64-mingw32/bin/../lib/gcc/nios2-elf/12.3.1/../../../../../H-x86_64-mingw32/nios2-elf/lib/mhw-mulx\libc.a(libc_a-callocr.o)
                0x00091504                _calloc_r
 .text          0x000915d0        0x0 c:/intelfpga_lite/23.1std/nios2eds/bin/gnu/h-x86_64-mingw32/bin/../lib/gcc/nios2-elf/12.3.1/../../../../../H-x86_64-mingw32/nios2-elf/lib/mhw-mulx\libc.a(libc_a-fiprintf.o)
 .text._fiprintf_r
                0x000915d0       0x20 c:/intelfpga_lite/23.1std/nios2eds/bin/gnu/h-x86_64-mingw32/bin/../lib/gcc/nios2-elf/12.3.1/../../../../../H-x86_64-mingw32/nios2-elf/lib/mhw-mulx\libc.a(libc_a-fiprintf.o)
                0x000915d0                _fiprintf_r
 .text.fiprintf
                0x000915f0       0x38 c:/intelfpga_lite/23.1std/nios2eds/bin/gnu/h-x86_64-mingw32/bin/../lib/gcc/nios2-elf/12.3.1/../../../../../H-x86_64-mingw32/nios2-elf/lib/mhw-mulx\libc.a(libc_a-fiprintf.o)
                0x000915f0                fiprintf
 .text          0x00091628        0x0 c:/intelfpga_lite/23.1std/nios2eds/bin/gnu/h-x86_64-mingw32/bin/../lib/gcc/nios2-elf/12.3.1/../../../../../H-x86_64-mingw32/nios2-elf/lib/mhw-mulx\libc.a(libc_a-vfiprintfr_1.o)
 .text._vfiprintf_r
                0x00091628        0x4 c:/intelfpga_lite/23.1std/nios2eds/bin/gnu/h-x86_64-mingw32/bin/../lib/gcc/nios2-elf/12.3.1/../../../../../H-x86_64-mingw32/nios2-elf/lib/mhw-mulx\libc.a(libc_a-vfiprintfr_1.o)
                0x00091628                _vfiprintf_r
 .text          0x0009162c        0x0 c:/intelfpga_lite/23.1std/nios2eds/bin/gnu/h-x86_64-mingw32/bin/../lib/gcc/nios2-elf/12.3.1/../../../../../H-x86_64-mingw32/nios2-elf/lib/mhw-mulx\libc.a(libc_a-abort.o)
 .text.abort    0x0009162c       0x18 c:/intelfpga_lite/23.1std/nios2eds/bin/gnu/h-x86_64-mingw32/bin/../lib/gcc/nios2-elf/12.3.1/../../../../../H-x86_64-mingw32/nios2-elf/lib/mhw-mulx\libc.a(libc_a-abort.o)
                0x0009162c                abort
 .text          0x00091644        0x0 c:/intelfpga_lite/23.1std/nios2eds/bin/gnu/h-x86_64-mingw32/bin/../lib/gcc/nios2-elf/12.3.1/../../../../../H-x86_64-mingw32/nios2-elf/lib/mhw-mulx\libc.a(libc_a-signal.o)
 .text._init_signal_r
                0x00091644       0x5c c:/intelfpga_lite/23.1std/nios2eds/bin/gnu/h-x86_64-mingw32/bin/../lib/gcc/nios2-elf/12.3.1/../../../../../H-x86_64-mingw32/nios2-elf/lib/mhw-mulx\libc.a(libc_a-signal.o)
                0x00091644                _init_signal_r
 .text._signal_r
                0x000916a0       0x8c c:/intelfpga_lite/23.1std/nios2eds/bin/gnu/h-x86_64-mingw32/bin/../lib/gcc/nios2-elf/12.3.1/../../../../../H-x86_64-mingw32/nios2-elf/lib/mhw-mulx\libc.a(libc_a-signal.o)
                0x000916a0                _signal_r
 .text._raise_r
                0x0009172c       0xb0 c:/intelfpga_lite/23.1std/nios2eds/bin/gnu/h-x86_64-mingw32/bin/../lib/gcc/nios2-elf/12.3.1/../../../../../H-x86_64-mingw32/nios2-elf/lib/mhw-mulx\libc.a(libc_a-signal.o)
                0x0009172c                _raise_r
 .text.__sigtramp_r
                0x000917dc       0xbc c:/intelfpga_lite/23.1std/nios2eds/bin/gnu/h-x86_64-mingw32/bin/../lib/gcc/nios2-elf/12.3.1/../../../../../H-x86_64-mingw32/nios2-elf/lib/mhw-mulx\libc.a(libc_a-signal.o)
                0x000917dc                __sigtramp_r
 .text.raise    0x00091898       0xb4 c:/intelfpga_lite/23.1std/nios2eds/bin/gnu/h-x86_64-mingw32/bin/../lib/gcc/nios2-elf/12.3.1/../../../../../H-x86_64-mingw32/nios2-elf/lib/mhw-mulx\libc.a(libc_a-signal.o)
                0x00091898                raise
 .text.signal   0x0009194c       0x98 c:/intelfpga_lite/23.1std/nios2eds/bin/gnu/h-x86_64-mingw32/bin/../lib/gcc/nios2-elf/12.3.1/../../../../../H-x86_64-mingw32/nios2-elf/lib/mhw-mulx\libc.a(libc_a-signal.o)
                0x0009194c                signal
 .text._init_signal
                0x000919e4       0x60 c:/intelfpga_lite/23.1std/nios2eds/bin/gnu/h-x86_64-mingw32/bin/../lib/gcc/nios2-elf/12.3.1/../../../../../H-x86_64-mingw32/nios2-elf/lib/mhw-mulx\libc.a(libc_a-signal.o)
                0x000919e4                _init_signal
 .text.__sigtramp
                0x00091a44       0xbc c:/intelfpga_lite/23.1std/nios2eds/bin/gnu/h-x86_64-mingw32/bin/../lib/gcc/nios2-elf/12.3.1/../../../../../H-x86_64-mingw32/nios2-elf/lib/mhw-mulx\libc.a(libc_a-signal.o)
                0x00091a44                __sigtramp
 .text          0x00091b00        0x0 c:/intelfpga_lite/23.1std/nios2eds/bin/gnu/h-x86_64-mingw32/bin/../lib/gcc/nios2-elf/12.3.1/../../../../../H-x86_64-mingw32/nios2-elf/lib/mhw-mulx\libc.a(libc_a-signalr.o)
 .text._kill_r  0x00091b00       0x60 c:/intelfpga_lite/23.1std/nios2eds/bin/gnu/h-x86_64-mingw32/bin/../lib/gcc/nios2-elf/12.3.1/../../../../../H-x86_64-mingw32/nios2-elf/lib/mhw-mulx\libc.a(libc_a-signalr.o)
                0x00091b00                _kill_r
 .text._getpid_r
                0x00091b60        0x4 c:/intelfpga_lite/23.1std/nios2eds/bin/gnu/h-x86_64-mingw32/bin/../lib/gcc/nios2-elf/12.3.1/../../../../../H-x86_64-mingw32/nios2-elf/lib/mhw-mulx\libc.a(libc_a-signalr.o)
                0x00091b60                _getpid_r
 .text          0x00091b64      0x550 c:/intelfpga_lite/23.1std/nios2eds/bin/gnu/h-x86_64-mingw32/bin/../lib/gcc/nios2-elf/12.3.1/mhw-mulx\libgcc.a(_udivdi3.o)
                0x00091b64                __udivdi3
 .text          0x000920b4      0x510 c:/intelfpga_lite/23.1std/nios2eds/bin/gnu/h-x86_64-mingw32/bin/../lib/gcc/nios2-elf/12.3.1/mhw-mulx\libgcc.a(_umoddi3.o)
                0x000920b4                __umoddi3
 .text          0x000925c4      0x848 c:/intelfpga_lite/23.1std/nios2eds/bin/gnu/h-x86_64-mingw32/bin/../lib/gcc/nios2-elf/12.3.1/mhw-mulx\libgcc.a(divdf3.o)
                0x000925c4                __divdf3
 .text          0x00092e0c       0xf8 c:/intelfpga_lite/23.1std/nios2eds/bin/gnu/h-x86_64-mingw32/bin/../lib/gcc/nios2-elf/12.3.1/mhw-mulx\libgcc.a(ledf2.o)
                0x00092e0c                __ledf2
                0x00092e0c                __ltdf2
 .text          0x00092f04       0x54 c:/intelfpga_lite/23.1std/nios2eds/bin/gnu/h-x86_64-mingw32/bin/../lib/gcc/nios2-elf/12.3.1/mhw-mulx\libgcc.a(unorddf2.o)
                0x00092f04                __unorddf2
 .text          0x00092f58       0x90 c:/intelfpga_lite/23.1std/nios2eds/bin/gnu/h-x86_64-mingw32/bin/../lib/gcc/nios2-elf/12.3.1/mhw-mulx\libgcc.a(floatunsidf.o)
                0x00092f58                __floatunsidf
 .text          0x00092fe8      0x10c c:/DSD/DSD_git/DSD/software/hello_world_custom_instr_bsp/\libhal_bsp.a(alt_close.o)
                0x00093024                close
 .text          0x000930f4       0x78 c:/DSD/DSD_git/DSD/software/hello_world_custom_instr_bsp/\libhal_bsp.a(alt_dcache_flush.o)
                0x000930f4                alt_dcache_flush
 .text          0x0009316c       0x2c c:/DSD/DSD_git/DSD/software/hello_world_custom_instr_bsp/\libhal_bsp.a(alt_dev.o)
 .text          0x00093198        0x0 c:/DSD/DSD_git/DSD/software/hello_world_custom_instr_bsp/\libhal_bsp.a(alt_errno.o)
 .text          0x00093198       0x3c c:/DSD/DSD_git/DSD/software/hello_world_custom_instr_bsp/\libhal_bsp.a(alt_exit.o)
                0x00093198                _exit
 .text          0x000931d4       0xec c:/DSD/DSD_git/DSD/software/hello_world_custom_instr_bsp/\libhal_bsp.a(alt_fstat.o)
                0x00093210                fstat
 .text          0x000932c0       0x20 c:/DSD/DSD_git/DSD/software/hello_world_custom_instr_bsp/\libhal_bsp.a(alt_getpid.o)
                0x000932c0                getpid
 .text          0x000932e0       0xe0 c:/DSD/DSD_git/DSD/software/hello_world_custom_instr_bsp/\libhal_bsp.a(alt_isatty.o)
                0x0009331c                isatty
 .text          0x000933c0      0x12c c:/DSD/DSD_git/DSD/software/hello_world_custom_instr_bsp/\libhal_bsp.a(alt_kill.o)
                0x000933fc                kill
 .text          0x000934ec       0xec c:/DSD/DSD_git/DSD/software/hello_world_custom_instr_bsp/\libhal_bsp.a(alt_load.o)
                0x00093554                alt_load
 .text          0x000935d8      0x110 c:/DSD/DSD_git/DSD/software/hello_world_custom_instr_bsp/\libhal_bsp.a(alt_lseek.o)
                0x00093614                lseek
 .text          0x000936e8       0x7c c:/DSD/DSD_git/DSD/software/hello_world_custom_instr_bsp/\libhal_bsp.a(alt_main.o)
                0x000936e8                alt_main
 .text          0x00093764       0x48 c:/DSD/DSD_git/DSD/software/hello_world_custom_instr_bsp/\libhal_bsp.a(alt_malloc_lock.o)
                0x00093764                __malloc_lock
                0x00093788                __malloc_unlock
 .text          0x000937ac      0x138 c:/DSD/DSD_git/DSD/software/hello_world_custom_instr_bsp/\libhal_bsp.a(alt_read.o)
                0x000937e8                read
 .text          0x000938e4       0x58 c:/DSD/DSD_git/DSD/software/hello_world_custom_instr_bsp/\libhal_bsp.a(alt_release_fd.o)
                0x000938e4                alt_release_fd
 .text          0x0009393c       0xb8 c:/DSD/DSD_git/DSD/software/hello_world_custom_instr_bsp/\libhal_bsp.a(alt_sbrk.o)
                0x0009393c                sbrk
 .text          0x000939f4       0xb8 c:/DSD/DSD_git/DSD/software/hello_world_custom_instr_bsp/\libhal_bsp.a(alt_times.o)
                0x00093a30                times
 .text          0x00093aac      0x134 c:/DSD/DSD_git/DSD/software/hello_world_custom_instr_bsp/\libhal_bsp.a(alt_write.o)
                0x00093ae8                write
 .text          0x00093be0       0xf8 c:/DSD/DSD_git/DSD/software/hello_world_custom_instr_bsp/\libhal_bsp.a(alt_sys_init.o)
                0x00093c14                alt_irq_init
                0x00093c50                alt_sys_init
 .text          0x00093cd8      0x164 c:/DSD/DSD_git/DSD/software/hello_world_custom_instr_bsp/\libhal_bsp.a(altera_avalon_jtag_uart_fd.o)
                0x00093cd8                altera_avalon_jtag_uart_read_fd
                0x00093d38                altera_avalon_jtag_uart_write_fd
                0x00093d98                altera_avalon_jtag_uart_close_fd
                0x00093de8                altera_avalon_jtag_uart_ioctl_fd
 .text          0x00093e3c      0x3e4 c:/DSD/DSD_git/DSD/software/hello_world_custom_instr_bsp/\libhal_bsp.a(altera_avalon_jtag_uart_init.o)
                0x00093e3c                altera_avalon_jtag_uart_init
                0x000941b8                altera_avalon_jtag_uart_close
 .text          0x00094220       0xf4 c:/DSD/DSD_git/DSD/software/hello_world_custom_instr_bsp/\libhal_bsp.a(altera_avalon_jtag_uart_ioctl.o)
                0x00094220                altera_avalon_jtag_uart_ioctl
 .text          0x00094314      0x220 c:/DSD/DSD_git/DSD/software/hello_world_custom_instr_bsp/\libhal_bsp.a(altera_avalon_jtag_uart_read.o)
                0x00094314                altera_avalon_jtag_uart_read
 .text          0x00094534      0x228 c:/DSD/DSD_git/DSD/software/hello_world_custom_instr_bsp/\libhal_bsp.a(altera_avalon_jtag_uart_write.o)
                0x00094534                altera_avalon_jtag_uart_write
 .text          0x0009475c      0x100 c:/DSD/DSD_git/DSD/software/hello_world_custom_instr_bsp/\libhal_bsp.a(altera_avalon_timer_sc.o)
                0x000947d8                alt_avalon_timer_sc_init
 .text          0x0009485c     0x1fd8 c:/DSD/DSD_git/DSD/software/hello_world_custom_instr_bsp/\libhal_bsp.a(altera_msgdma.o)
                0x00095424                alt_msgdma_construct_standard_st_to_mm_descriptor
                0x0009547c                alt_msgdma_construct_standard_mm_to_st_descriptor
                0x000954d4                alt_msgdma_construct_standard_mm_to_mm_descriptor
                0x0009552c                alt_msgdma_construct_extended_st_to_mm_descriptor
                0x000955bc                alt_msgdma_construct_extended_mm_to_st_descriptor
                0x0009564c                alt_msgdma_construct_extended_mm_to_mm_descriptor
                0x0009592c                alt_msgdma_construct_prefetcher_standard_mm_to_mm_descriptor
                0x00095984                alt_msgdma_construct_prefetcher_standard_st_to_mm_descriptor
                0x000959dc                alt_msgdma_construct_prefetcher_standard_mm_to_st_descriptor
                0x00095a34                alt_msgdma_construct_prefetcher_extended_st_to_mm_descriptor
                0x00095ad4                alt_msgdma_construct_prefetcher_extended_mm_to_st_descriptor
                0x00095b6c                alt_msgdma_construct_prefetcher_extended_mm_to_mm_descriptor
                0x00095c24                alt_msgdma_prefetcher_add_standard_desc_to_list
                0x00095d14                alt_msgdma_prefetcher_add_extended_desc_to_list
                0x00095eac                alt_msgdma_prefetcher_set_std_list_own_by_hw_bits
                0x00095fbc                alt_msgdma_prefetcher_set_extd_list_own_by_hw_bits
                0x00096108                alt_msgdma_start_prefetcher_with_list_addr
                0x000963d0                alt_msgdma_start_prefetcher_with_std_desc_list
                0x00096480                alt_msgdma_start_prefetcher_with_extd_desc_list
                0x00096530                alt_msgdma_open
                0x00096588                alt_msgdma_init
                0x000966f0                alt_msgdma_register_callback
                0x00096744                alt_msgdma_standard_descriptor_async_transfer
                0x00096780                alt_msgdma_extended_descriptor_async_transfer
                0x000967bc                alt_msgdma_standard_descriptor_sync_transfer
                0x000967f8                alt_msgdma_extended_descriptor_sync_transfer
 .text          0x00096834      0x160 c:/DSD/DSD_git/DSD/software/hello_world_custom_instr_bsp/\libhal_bsp.a(alt_alarm_start.o)
                0x00096834                alt_alarm_start
 .text          0x00096994      0x158 c:/DSD/DSD_git/DSD/software/hello_world_custom_instr_bsp/\libhal_bsp.a(alt_busy_sleep.o)
                0x00096994                alt_busy_sleep
 .text          0x00096aec       0x4c c:/DSD/DSD_git/DSD/software/hello_world_custom_instr_bsp/\libhal_bsp.a(alt_dcache_flush_all.o)
                0x00096aec                alt_dcache_flush_all
 .text          0x00096b38       0xe4 c:/DSD/DSD_git/DSD/software/hello_world_custom_instr_bsp/\libhal_bsp.a(alt_dev_llist_insert.o)
                0x00096b74                alt_dev_llist_insert
 .text          0x00096c1c       0x64 c:/DSD/DSD_git/DSD/software/hello_world_custom_instr_bsp/\libhal_bsp.a(alt_do_ctors.o)
                0x00096c1c                _do_ctors
 .text          0x00096c80       0x64 c:/DSD/DSD_git/DSD/software/hello_world_custom_instr_bsp/\libhal_bsp.a(alt_do_dtors.o)
                0x00096c80                _do_dtors
 .text          0x00096ce4       0x90 c:/DSD/DSD_git/DSD/software/hello_world_custom_instr_bsp/\libhal_bsp.a(alt_find_dev.o)
                0x00096ce4                alt_find_dev
 .text          0x00096d74       0x34 c:/DSD/DSD_git/DSD/software/hello_world_custom_instr_bsp/\libhal_bsp.a(alt_icache_flush_all.o)
                0x00096d74                alt_icache_flush_all
 .text          0x00096da8      0x1b0 c:/DSD/DSD_git/DSD/software/hello_world_custom_instr_bsp/\libhal_bsp.a(alt_iic.o)
                0x00096da8                alt_ic_isr_register
                0x00096df8                alt_ic_irq_enable
                0x00096e80                alt_ic_irq_disable
                0x00096f0c                alt_ic_irq_enabled
 .text          0x00096f58       0xe8 c:/DSD/DSD_git/DSD/software/hello_world_custom_instr_bsp/\libhal_bsp.a(alt_iic_isr_register.o)
                0x00096f58                alt_iic_isr_register
 .text          0x00097040      0x12c c:/DSD/DSD_git/DSD/software/hello_world_custom_instr_bsp/\libhal_bsp.a(alt_io_redirect.o)
                0x000970f0                alt_io_redirect
 .text          0x0009716c        0x0 c:/DSD/DSD_git/DSD/software/hello_world_custom_instr_bsp/\libhal_bsp.a(alt_irq_entry.o)
 .text          0x0009716c        0x0 c:/DSD/DSD_git/DSD/software/hello_world_custom_instr_bsp/\libhal_bsp.a(alt_irq_handler.o)
 .text          0x0009716c        0x0 c:/DSD/DSD_git/DSD/software/hello_world_custom_instr_bsp/\libhal_bsp.a(alt_irq_vars.o)
 .text          0x0009716c      0x248 c:/DSD/DSD_git/DSD/software/hello_world_custom_instr_bsp/\libhal_bsp.a(alt_open.o)
                0x00097260                open
 .text          0x000973b4      0x22c c:/DSD/DSD_git/DSD/software/hello_world_custom_instr_bsp/\libhal_bsp.a(alt_printf.o)
                0x000973b4                alt_printf
 .text          0x000975e0       0x30 c:/DSD/DSD_git/DSD/software/hello_world_custom_instr_bsp/\libhal_bsp.a(alt_putchar.o)
                0x000975e0                alt_putchar
 .text          0x00097610      0x1d0 c:/DSD/DSD_git/DSD/software/hello_world_custom_instr_bsp/\libhal_bsp.a(alt_tick.o)
                0x00097610                alt_alarm_stop
                0x000976b4                alt_tick
 .text          0x000977e0       0x24 c:/DSD/DSD_git/DSD/software/hello_world_custom_instr_bsp/\libhal_bsp.a(altera_nios2_gen2_irq.o)
                0x000977e0                altera_nios2_gen2_irq_init
 .text          0x00097804        0x0 c:/DSD/DSD_git/DSD/software/hello_world_custom_instr_bsp/\libhal_bsp.a(alt_exception_entry.o)
 .text          0x00097804      0x108 c:/DSD/DSD_git/DSD/software/hello_world_custom_instr_bsp/\libhal_bsp.a(alt_find_file.o)
                0x00097804                alt_find_file
 .text          0x0009790c       0xa0 c:/DSD/DSD_git/DSD/software/hello_world_custom_instr_bsp/\libhal_bsp.a(alt_get_fd.o)
                0x0009790c                alt_get_fd
 .text          0x000979ac       0x90 c:/DSD/DSD_git/DSD/software/hello_world_custom_instr_bsp/\libhal_bsp.a(alt_icache_flush.o)
                0x000979ac                alt_icache_flush
 .text          0x00097a3c       0x74 c:/DSD/DSD_git/DSD/software/hello_world_custom_instr_bsp/\libhal_bsp.a(alt_instruction_exception_entry.o)
                0x00097a3c                alt_exception_cause_generated_bad_addr
 .text          0x00097ab0        0x0 c:/intelfpga_lite/23.1std/nios2eds/bin/gnu/h-x86_64-mingw32/bin/../lib/gcc/nios2-elf/12.3.1/../../../../../H-x86_64-mingw32/nios2-elf/lib/mhw-mulx\libc.a(libc_a-atexit.o)
 .text.atexit   0x00097ab0       0x14 c:/intelfpga_lite/23.1std/nios2eds/bin/gnu/h-x86_64-mingw32/bin/../lib/gcc/nios2-elf/12.3.1/../../../../../H-x86_64-mingw32/nios2-elf/lib/mhw-mulx\libc.a(libc_a-atexit.o)
                0x00097ab0                atexit
 .text          0x00097ac4        0x0 c:/intelfpga_lite/23.1std/nios2eds/bin/gnu/h-x86_64-mingw32/bin/../lib/gcc/nios2-elf/12.3.1/../../../../../H-x86_64-mingw32/nios2-elf/lib/mhw-mulx\libc.a(libc_a-putchar.o)
 .text._putchar_r
                0x00097ac4        0x8 c:/intelfpga_lite/23.1std/nios2eds/bin/gnu/h-x86_64-mingw32/bin/../lib/gcc/nios2-elf/12.3.1/../../../../../H-x86_64-mingw32/nios2-elf/lib/mhw-mulx\libc.a(libc_a-putchar.o)
                0x00097ac4                _putchar_r
 .text.putchar  0x00097acc       0x18 c:/intelfpga_lite/23.1std/nios2eds/bin/gnu/h-x86_64-mingw32/bin/../lib/gcc/nios2-elf/12.3.1/../../../../../H-x86_64-mingw32/nios2-elf/lib/mhw-mulx\libc.a(libc_a-putchar.o)
                0x00097acc                putchar
 .text          0x00097ae4        0x0 c:/intelfpga_lite/23.1std/nios2eds/bin/gnu/h-x86_64-mingw32/bin/../lib/gcc/nios2-elf/12.3.1/../../../../../H-x86_64-mingw32/nios2-elf/lib/mhw-mulx\libc.a(libc_a-memcmp.o)
 .text.memcmp   0x00097ae4       0x78 c:/intelfpga_lite/23.1std/nios2eds/bin/gnu/h-x86_64-mingw32/bin/../lib/gcc/nios2-elf/12.3.1/../../../../../H-x86_64-mingw32/nios2-elf/lib/mhw-mulx\libc.a(libc_a-memcmp.o)
                0x00097ae4                memcmp
 .text          0x00097b5c        0x0 c:/intelfpga_lite/23.1std/nios2eds/bin/gnu/h-x86_64-mingw32/bin/../lib/gcc/nios2-elf/12.3.1/../../../../../H-x86_64-mingw32/nios2-elf/lib/mhw-mulx\libc.a(libc_a-__atexit.o)
 .text.__register_exitproc
                0x00097b5c       0x94 c:/intelfpga_lite/23.1std/nios2eds/bin/gnu/h-x86_64-mingw32/bin/../lib/gcc/nios2-elf/12.3.1/../../../../../H-x86_64-mingw32/nios2-elf/lib/mhw-mulx\libc.a(libc_a-__atexit.o)
                0x00097b5c                __register_exitproc
 .text          0x00097bf0        0x0 c:/intelfpga_lite/23.1std/nios2eds/bin/gnu/h-x86_64-mingw32/bin/../lib/gcc/nios2-elf/12.3.1/../../../../../H-x86_64-mingw32/nios2-elf/lib/mhw-mulx\libc.a(libc_a-putc.o)
 .text._putc_r  0x00097bf0       0xc0 c:/intelfpga_lite/23.1std/nios2eds/bin/gnu/h-x86_64-mingw32/bin/../lib/gcc/nios2-elf/12.3.1/../../../../../H-x86_64-mingw32/nios2-elf/lib/mhw-mulx\libc.a(libc_a-putc.o)
                0x00097bf0                _putc_r
 .text.putc     0x00097cb0       0xd4 c:/intelfpga_lite/23.1std/nios2eds/bin/gnu/h-x86_64-mingw32/bin/../lib/gcc/nios2-elf/12.3.1/../../../../../H-x86_64-mingw32/nios2-elf/lib/mhw-mulx\libc.a(libc_a-putc.o)
                0x00097cb0                putc
 *(.gnu.warning.*)
 *(.fini)
                [!provide]                        PROVIDE (__etext = ABSOLUTE (.))
                [!provide]                        PROVIDE (_etext = ABSOLUTE (.))
                [!provide]                        PROVIDE (etext = ABSOLUTE (.))
 *(.eh_frame_hdr)
                0x00097d84                        . = ALIGN (0x4)
                [!provide]                        PROVIDE (__preinit_array_start = ABSOLUTE (.))
 *(.preinit_array)
                [!provide]                        PROVIDE (__preinit_array_end = ABSOLUTE (.))
                [!provide]                        PROVIDE (__init_array_start = ABSOLUTE (.))
 *(SORT_BY_INIT_PRIORITY(.init_array.*))
 *(.init_array)
                [!provide]                        PROVIDE (__init_array_end = ABSOLUTE (.))
                [!provide]                        PROVIDE (__fini_array_start = ABSOLUTE (.))
 *(.fini_array)
                [!provide]                        PROVIDE (__fini_array_end = ABSOLUTE (.))
 *(.eh_frame)
 *(.gcc_except_table .gcc_except_table.*)
 *(.dynamic)
                0x00097d84                        PROVIDE (__CTOR_LIST__ = ABSOLUTE (.))
 *(.ctors)
 *(SORT_BY_NAME(.ctors.*))
                0x00097d84                        PROVIDE (__CTOR_END__ = ABSOLUTE (.))
                0x00097d84                        PROVIDE (__DTOR_LIST__ = ABSOLUTE (.))
 *(.dtors)
 *(SORT_BY_NAME(.dtors.*))
                0x00097d84                        PROVIDE (__DTOR_END__ = ABSOLUTE (.))
 *(.jcr)
                0x00097d84                        . = ALIGN (0x4)

.rodata         0x00097d84      0xff0
                0x00097d84                        PROVIDE (__ram_rodata_start = ABSOLUTE (.))
                0x00097d84                        . = ALIGN (0x4)
 *(.rodata .rodata.* .gnu.linkonce.r.*)
 .rodata        0x00097d84      0x1ee obj/default/hello_world.o
 *fill*         0x00097f72        0x2 
 .rodata.npio2_hw
                0x00097f74       0x80 c:/intelfpga_lite/23.1std/nios2eds/bin/gnu/h-x86_64-mingw32/bin/../lib/gcc/nios2-elf/12.3.1/../../../../../H-x86_64-mingw32/nios2-elf/lib/mhw-mulx\libm.a(libm_a-e_rem_pio2.o)
 .rodata.two_over_pi
                0x00097ff4      0x108 c:/intelfpga_lite/23.1std/nios2eds/bin/gnu/h-x86_64-mingw32/bin/../lib/gcc/nios2-elf/12.3.1/../../../../../H-x86_64-mingw32/nios2-elf/lib/mhw-mulx\libm.a(libm_a-e_rem_pio2.o)
 .rodata.npio2_hw
                0x000980fc       0x80 c:/intelfpga_lite/23.1std/nios2eds/bin/gnu/h-x86_64-mingw32/bin/../lib/gcc/nios2-elf/12.3.1/../../../../../H-x86_64-mingw32/nios2-elf/lib/mhw-mulx\libm.a(libm_a-ef_rem_pio2.o)
 .rodata.two_over_pi
                0x0009817c      0x318 c:/intelfpga_lite/23.1std/nios2eds/bin/gnu/h-x86_64-mingw32/bin/../lib/gcc/nios2-elf/12.3.1/../../../../../H-x86_64-mingw32/nios2-elf/lib/mhw-mulx\libm.a(libm_a-ef_rem_pio2.o)
 .rodata.PIo2   0x00098494       0x40 c:/intelfpga_lite/23.1std/nios2eds/bin/gnu/h-x86_64-mingw32/bin/../lib/gcc/nios2-elf/12.3.1/../../../../../H-x86_64-mingw32/nios2-elf/lib/mhw-mulx\libm.a(libm_a-k_rem_pio2.o)
 .rodata.init_jk
                0x000984d4       0x10 c:/intelfpga_lite/23.1std/nios2eds/bin/gnu/h-x86_64-mingw32/bin/../lib/gcc/nios2-elf/12.3.1/../../../../../H-x86_64-mingw32/nios2-elf/lib/mhw-mulx\libm.a(libm_a-k_rem_pio2.o)
 .rodata.PIo2   0x000984e4       0x2c c:/intelfpga_lite/23.1std/nios2eds/bin/gnu/h-x86_64-mingw32/bin/../lib/gcc/nios2-elf/12.3.1/../../../../../H-x86_64-mingw32/nios2-elf/lib/mhw-mulx\libm.a(libm_a-kf_rem_pio2.o)
 .rodata.init_jk
                0x00098510        0xc c:/intelfpga_lite/23.1std/nios2eds/bin/gnu/h-x86_64-mingw32/bin/../lib/gcc/nios2-elf/12.3.1/../../../../../H-x86_64-mingw32/nios2-elf/lib/mhw-mulx\libm.a(libm_a-kf_rem_pio2.o)
 .rodata        0x0009851c      0x100 c:/intelfpga_lite/23.1std/nios2eds/bin/gnu/h-x86_64-mingw32/bin/../lib/gcc/nios2-elf/12.3.1/mhw-mulx\libgcc.a(_clz.o)
                0x0009851c                __clz_tab
 .rodata._puts_r.str1.4
                0x0009861c        0x2 c:/intelfpga_lite/23.1std/nios2eds/bin/gnu/h-x86_64-mingw32/bin/../lib/gcc/nios2-elf/12.3.1/../../../../../H-x86_64-mingw32/nios2-elf/lib/mhw-mulx\libc.a(libc_a-puts.o)
 *fill*         0x0009861e        0x2 
 .rodata.___vfprintf_internal_r.str1.4
                0x00098620       0x42 c:/intelfpga_lite/23.1std/nios2eds/bin/gnu/h-x86_64-mingw32/bin/../lib/gcc/nios2-elf/12.3.1/../../../../../H-x86_64-mingw32/nios2-elf/lib/mhw-mulx\libc.a(libc_a-vfprintf.o)
 *fill*         0x00098662        0x2 
 .rodata.zeroes.0
                0x00098664       0x10 c:/intelfpga_lite/23.1std/nios2eds/bin/gnu/h-x86_64-mingw32/bin/../lib/gcc/nios2-elf/12.3.1/../../../../../H-x86_64-mingw32/nios2-elf/lib/mhw-mulx\libc.a(libc_a-vfprintf.o)
 .rodata.blanks.1
                0x00098674       0x10 c:/intelfpga_lite/23.1std/nios2eds/bin/gnu/h-x86_64-mingw32/bin/../lib/gcc/nios2-elf/12.3.1/../../../../../H-x86_64-mingw32/nios2-elf/lib/mhw-mulx\libc.a(libc_a-vfprintf.o)
 .rodata.___vfiprintf_internal_r.str1.4
                0x00098684       0x2f c:/intelfpga_lite/23.1std/nios2eds/bin/gnu/h-x86_64-mingw32/bin/../lib/gcc/nios2-elf/12.3.1/../../../../../H-x86_64-mingw32/nios2-elf/lib/mhw-mulx\libc.a(libc_a-vfiprintf.o)
 .rodata.zeroes.0
                0x00098684       0x10 c:/intelfpga_lite/23.1std/nios2eds/bin/gnu/h-x86_64-mingw32/bin/../lib/gcc/nios2-elf/12.3.1/../../../../../H-x86_64-mingw32/nios2-elf/lib/mhw-mulx\libc.a(libc_a-vfiprintf.o)
 .rodata.blanks.1
                0x00098694       0x10 c:/intelfpga_lite/23.1std/nios2eds/bin/gnu/h-x86_64-mingw32/bin/../lib/gcc/nios2-elf/12.3.1/../../../../../H-x86_64-mingw32/nios2-elf/lib/mhw-mulx\libc.a(libc_a-vfiprintf.o)
 .rodata._setlocale_r.str1.4
                0x000986a4        0xa c:/intelfpga_lite/23.1std/nios2eds/bin/gnu/h-x86_64-mingw32/bin/../lib/gcc/nios2-elf/12.3.1/../../../../../H-x86_64-mingw32/nios2-elf/lib/mhw-mulx\libc.a(libc_a-locale.o)
                                  0xd (size before relaxing)
 *fill*         0x000986ae        0x2 
 .rodata.str1.4
                0x000986b0        0x2 c:/intelfpga_lite/23.1std/nios2eds/bin/gnu/h-x86_64-mingw32/bin/../lib/gcc/nios2-elf/12.3.1/../../../../../H-x86_64-mingw32/nios2-elf/lib/mhw-mulx\libc.a(libc_a-locale.o)
 *fill*         0x000986b2        0x2 
 .rodata._dtoa_r.str1.4
                0x000986b4       0x5b c:/intelfpga_lite/23.1std/nios2eds/bin/gnu/h-x86_64-mingw32/bin/../lib/gcc/nios2-elf/12.3.1/../../../../../H-x86_64-mingw32/nios2-elf/lib/mhw-mulx\libc.a(libc_a-dtoa.o)
                                 0x5f (size before relaxing)
 *fill*         0x0009870f        0x1 
 .rodata.__multadd.str1.4
                0x00098710       0x38 c:/intelfpga_lite/23.1std/nios2eds/bin/gnu/h-x86_64-mingw32/bin/../lib/gcc/nios2-elf/12.3.1/../../../../../H-x86_64-mingw32/nios2-elf/lib/mhw-mulx\libc.a(libc_a-mprec.o)
                                 0x4c (size before relaxing)
 .rodata.p05.0  0x00098748        0xc c:/intelfpga_lite/23.1std/nios2eds/bin/gnu/h-x86_64-mingw32/bin/../lib/gcc/nios2-elf/12.3.1/../../../../../H-x86_64-mingw32/nios2-elf/lib/mhw-mulx\libc.a(libc_a-mprec.o)
 .rodata.__mprec_tinytens
                0x00098754       0x28 c:/intelfpga_lite/23.1std/nios2eds/bin/gnu/h-x86_64-mingw32/bin/../lib/gcc/nios2-elf/12.3.1/../../../../../H-x86_64-mingw32/nios2-elf/lib/mhw-mulx\libc.a(libc_a-mprec.o)
                0x00098754                __mprec_tinytens
 .rodata.__mprec_bigtens
                0x0009877c       0x28 c:/intelfpga_lite/23.1std/nios2eds/bin/gnu/h-x86_64-mingw32/bin/../lib/gcc/nios2-elf/12.3.1/../../../../../H-x86_64-mingw32/nios2-elf/lib/mhw-mulx\libc.a(libc_a-mprec.o)
                0x0009877c                __mprec_bigtens
 .rodata.__mprec_tens
                0x000987a4       0xc8 c:/intelfpga_lite/23.1std/nios2eds/bin/gnu/h-x86_64-mingw32/bin/../lib/gcc/nios2-elf/12.3.1/../../../../../H-x86_64-mingw32/nios2-elf/lib/mhw-mulx\libc.a(libc_a-mprec.o)
                0x000987a4                __mprec_tens
 .rodata._ctype_
                0x0009886c      0x101 c:/intelfpga_lite/23.1std/nios2eds/bin/gnu/h-x86_64-mingw32/bin/../lib/gcc/nios2-elf/12.3.1/../../../../../H-x86_64-mingw32/nios2-elf/lib/mhw-mulx\libc.a(libc_a-ctype_.o)
                0x0009886c                _ctype_
 *fill*         0x0009896d        0x3 
 .rodata._ctype_b
                0x00098970      0x180 c:/intelfpga_lite/23.1std/nios2eds/bin/gnu/h-x86_64-mingw32/bin/../lib/gcc/nios2-elf/12.3.1/../../../../../H-x86_64-mingw32/nios2-elf/lib/mhw-mulx\libc.a(libc_a-ctype_.o)
                0x00098970                _ctype_b
 .rodata.__assert_func.str1.4
                0x00098af0       0x3f c:/intelfpga_lite/23.1std/nios2eds/bin/gnu/h-x86_64-mingw32/bin/../lib/gcc/nios2-elf/12.3.1/../../../../../H-x86_64-mingw32/nios2-elf/lib/mhw-mulx\libc.a(libc_a-assert.o)
                                 0x43 (size before relaxing)
 *fill*         0x00098b2f        0x1 
 .rodata        0x00098b30        0xa c:/DSD/DSD_git/DSD/software/hello_world_custom_instr_bsp/\libhal_bsp.a(alt_dev.o)
 *fill*         0x00098b3a        0x2 
 .rodata        0x00098b3c        0xf c:/DSD/DSD_git/DSD/software/hello_world_custom_instr_bsp/\libhal_bsp.a(alt_main.o)
 *fill*         0x00098b4b        0x1 
 .rodata        0x00098b4c       0x35 c:/DSD/DSD_git/DSD/software/hello_world_custom_instr_bsp/\libhal_bsp.a(alt_sys_init.o)
 *fill*         0x00098b81        0x3 
 .rodata        0x00098b84      0x1ed c:/DSD/DSD_git/DSD/software/hello_world_custom_instr_bsp/\libhal_bsp.a(altera_msgdma.o)
 *(.rodata1)
                0x00098d74                        . = ALIGN (0x4)
 *fill*         0x00098d71        0x3 
                0x00098d74                        PROVIDE (__ram_rodata_end = ABSOLUTE (.))
                0x00097d84                        PROVIDE (__flash_rodata_start = LOADADDR (.rodata))

.rwdata         0x00098d74     0x1950 load address 0x0009a6c4
                0x00098d74                        PROVIDE (__ram_rwdata_start = ABSOLUTE (.))
                0x00098d74                        . = ALIGN (0x4)
 *(.got.plt)
 *(.got)
 *(.data1)
 *(.data .data.* .gnu.linkonce.d.*)
 .data          0x00098d74        0x0 c:/DSD/DSD_git/DSD/software/hello_world_custom_instr_bsp//obj/HAL/src/crt0.o
 .data          0x00098d74        0x0 obj/default/hello_world.o
 .data          0x00098d74        0x0 c:/intelfpga_lite/23.1std/nios2eds/bin/gnu/h-x86_64-mingw32/bin/../lib/gcc/nios2-elf/12.3.1/../../../../../H-x86_64-mingw32/nios2-elf/lib/mhw-mulx\libm.a(libm_a-s_cos.o)
 .data          0x00098d74        0x0 c:/intelfpga_lite/23.1std/nios2eds/bin/gnu/h-x86_64-mingw32/bin/../lib/gcc/nios2-elf/12.3.1/../../../../../H-x86_64-mingw32/nios2-elf/lib/mhw-mulx\libm.a(libm_a-wf_fmod.o)
 .data          0x00098d74        0x0 c:/intelfpga_lite/23.1std/nios2eds/bin/gnu/h-x86_64-mingw32/bin/../lib/gcc/nios2-elf/12.3.1/../../../../../H-x86_64-mingw32/nios2-elf/lib/mhw-mulx\libm.a(libm_a-sf_cos.o)
 .data          0x00098d74        0x0 c:/intelfpga_lite/23.1std/nios2eds/bin/gnu/h-x86_64-mingw32/bin/../lib/gcc/nios2-elf/12.3.1/../../../../../H-x86_64-mingw32/nios2-elf/lib/mhw-mulx\libm.a(libm_a-k_cos.o)
 .data          0x00098d74        0x0 c:/intelfpga_lite/23.1std/nios2eds/bin/gnu/h-x86_64-mingw32/bin/../lib/gcc/nios2-elf/12.3.1/../../../../../H-x86_64-mingw32/nios2-elf/lib/mhw-mulx\libm.a(libm_a-k_sin.o)
 .data          0x00098d74        0x0 c:/intelfpga_lite/23.1std/nios2eds/bin/gnu/h-x86_64-mingw32/bin/../lib/gcc/nios2-elf/12.3.1/../../../../../H-x86_64-mingw32/nios2-elf/lib/mhw-mulx\libm.a(libm_a-e_rem_pio2.o)
 .data          0x00098d74        0x0 c:/intelfpga_lite/23.1std/nios2eds/bin/gnu/h-x86_64-mingw32/bin/../lib/gcc/nios2-elf/12.3.1/../../../../../H-x86_64-mingw32/nios2-elf/lib/mhw-mulx\libm.a(libm_a-s_fabs.o)
 .data          0x00098d74        0x0 c:/intelfpga_lite/23.1std/nios2eds/bin/gnu/h-x86_64-mingw32/bin/../lib/gcc/nios2-elf/12.3.1/../../../../../H-x86_64-mingw32/nios2-elf/lib/mhw-mulx\libm.a(libm_a-kf_cos.o)
 .data          0x00098d74        0x0 c:/intelfpga_lite/23.1std/nios2eds/bin/gnu/h-x86_64-mingw32/bin/../lib/gcc/nios2-elf/12.3.1/../../../../../H-x86_64-mingw32/nios2-elf/lib/mhw-mulx\libm.a(libm_a-kf_sin.o)
 .data          0x00098d74        0x0 c:/intelfpga_lite/23.1std/nios2eds/bin/gnu/h-x86_64-mingw32/bin/../lib/gcc/nios2-elf/12.3.1/../../../../../H-x86_64-mingw32/nios2-elf/lib/mhw-mulx\libm.a(libm_a-ef_fmod.o)
 .data          0x00098d74        0x0 c:/intelfpga_lite/23.1std/nios2eds/bin/gnu/h-x86_64-mingw32/bin/../lib/gcc/nios2-elf/12.3.1/../../../../../H-x86_64-mingw32/nios2-elf/lib/mhw-mulx\libm.a(libm_a-ef_rem_pio2.o)
 .data          0x00098d74        0x0 c:/intelfpga_lite/23.1std/nios2eds/bin/gnu/h-x86_64-mingw32/bin/../lib/gcc/nios2-elf/12.3.1/../../../../../H-x86_64-mingw32/nios2-elf/lib/mhw-mulx\libm.a(libm_a-sf_fabs.o)
 .data          0x00098d74        0x0 c:/intelfpga_lite/23.1std/nios2eds/bin/gnu/h-x86_64-mingw32/bin/../lib/gcc/nios2-elf/12.3.1/../../../../../H-x86_64-mingw32/nios2-elf/lib/mhw-mulx\libm.a(libm_a-k_rem_pio2.o)
 .data          0x00098d74        0x0 c:/intelfpga_lite/23.1std/nios2eds/bin/gnu/h-x86_64-mingw32/bin/../lib/gcc/nios2-elf/12.3.1/../../../../../H-x86_64-mingw32/nios2-elf/lib/mhw-mulx\libm.a(libm_a-s_floor.o)
 .data          0x00098d74        0x0 c:/intelfpga_lite/23.1std/nios2eds/bin/gnu/h-x86_64-mingw32/bin/../lib/gcc/nios2-elf/12.3.1/../../../../../H-x86_64-mingw32/nios2-elf/lib/mhw-mulx\libm.a(libm_a-kf_rem_pio2.o)
 .data          0x00098d74        0x0 c:/intelfpga_lite/23.1std/nios2eds/bin/gnu/h-x86_64-mingw32/bin/../lib/gcc/nios2-elf/12.3.1/../../../../../H-x86_64-mingw32/nios2-elf/lib/mhw-mulx\libm.a(libm_a-sf_floor.o)
 .data          0x00098d74        0x0 c:/intelfpga_lite/23.1std/nios2eds/bin/gnu/h-x86_64-mingw32/bin/../lib/gcc/nios2-elf/12.3.1/../../../../../H-x86_64-mingw32/nios2-elf/lib/mhw-mulx\libm.a(libm_a-s_scalbn.o)
 .data          0x00098d74        0x0 c:/intelfpga_lite/23.1std/nios2eds/bin/gnu/h-x86_64-mingw32/bin/../lib/gcc/nios2-elf/12.3.1/../../../../../H-x86_64-mingw32/nios2-elf/lib/mhw-mulx\libm.a(libm_a-sf_scalbn.o)
 .data          0x00098d74        0x0 c:/intelfpga_lite/23.1std/nios2eds/bin/gnu/h-x86_64-mingw32/bin/../lib/gcc/nios2-elf/12.3.1/mhw-mulx\libgcc.a(lib2-divmod.o)
 .data          0x00098d74        0x0 c:/intelfpga_lite/23.1std/nios2eds/bin/gnu/h-x86_64-mingw32/bin/../lib/gcc/nios2-elf/12.3.1/mhw-mulx\libgcc.a(addsf3.o)
 .data          0x00098d74        0x0 c:/intelfpga_lite/23.1std/nios2eds/bin/gnu/h-x86_64-mingw32/bin/../lib/gcc/nios2-elf/12.3.1/mhw-mulx\libgcc.a(divsf3.o)
 .data          0x00098d74        0x0 c:/intelfpga_lite/23.1std/nios2eds/bin/gnu/h-x86_64-mingw32/bin/../lib/gcc/nios2-elf/12.3.1/mhw-mulx\libgcc.a(eqsf2.o)
 .data          0x00098d74        0x0 c:/intelfpga_lite/23.1std/nios2eds/bin/gnu/h-x86_64-mingw32/bin/../lib/gcc/nios2-elf/12.3.1/mhw-mulx\libgcc.a(gesf2.o)
 .data          0x00098d74        0x0 c:/intelfpga_lite/23.1std/nios2eds/bin/gnu/h-x86_64-mingw32/bin/../lib/gcc/nios2-elf/12.3.1/mhw-mulx\libgcc.a(lesf2.o)
 .data          0x00098d74        0x0 c:/intelfpga_lite/23.1std/nios2eds/bin/gnu/h-x86_64-mingw32/bin/../lib/gcc/nios2-elf/12.3.1/mhw-mulx\libgcc.a(mulsf3.o)
 .data          0x00098d74        0x0 c:/intelfpga_lite/23.1std/nios2eds/bin/gnu/h-x86_64-mingw32/bin/../lib/gcc/nios2-elf/12.3.1/mhw-mulx\libgcc.a(subsf3.o)
 .data          0x00098d74        0x0 c:/intelfpga_lite/23.1std/nios2eds/bin/gnu/h-x86_64-mingw32/bin/../lib/gcc/nios2-elf/12.3.1/mhw-mulx\libgcc.a(unordsf2.o)
 .data          0x00098d74        0x0 c:/intelfpga_lite/23.1std/nios2eds/bin/gnu/h-x86_64-mingw32/bin/../lib/gcc/nios2-elf/12.3.1/mhw-mulx\libgcc.a(fixsfsi.o)
 .data          0x00098d74        0x0 c:/intelfpga_lite/23.1std/nios2eds/bin/gnu/h-x86_64-mingw32/bin/../lib/gcc/nios2-elf/12.3.1/mhw-mulx\libgcc.a(floatsisf.o)
 .data          0x00098d74        0x0 c:/intelfpga_lite/23.1std/nios2eds/bin/gnu/h-x86_64-mingw32/bin/../lib/gcc/nios2-elf/12.3.1/mhw-mulx\libgcc.a(floatunsisf.o)
 .data          0x00098d74        0x0 c:/intelfpga_lite/23.1std/nios2eds/bin/gnu/h-x86_64-mingw32/bin/../lib/gcc/nios2-elf/12.3.1/mhw-mulx\libgcc.a(adddf3.o)